ARM Linker, 5.03 [Build 76] [MDK-ARM Lite]

==============================================================================

Section Cross References

    main.o(i.assert_nrf_callback) refers to app_error.o(i.app_error_handler) for app_error_handler
    main.o(i.ble_evt_dispatch) refers to ble_conn_state.o(i.ble_conn_state_on_ble_evt) for ble_conn_state_on_ble_evt
    main.o(i.ble_evt_dispatch) refers to peer_manager.o(i.pm_on_ble_evt) for pm_on_ble_evt
    main.o(i.ble_evt_dispatch) refers to our_service.o(i.ble_cus_on_ble_evt) for ble_cus_on_ble_evt
    main.o(i.ble_evt_dispatch) refers to ble_conn_params.o(i.ble_conn_params_on_ble_evt) for ble_conn_params_on_ble_evt
    main.o(i.ble_evt_dispatch) refers to bsp_btn_ble.o(i.bsp_btn_ble_on_ble_evt) for bsp_btn_ble_on_ble_evt
    main.o(i.ble_evt_dispatch) refers to main.o(i.on_ble_evt) for on_ble_evt
    main.o(i.ble_evt_dispatch) refers to ble_advertising.o(i.ble_advertising_on_ble_evt) for ble_advertising_on_ble_evt
    main.o(i.ble_evt_dispatch) refers to main.o(.bss) for .bss
    main.o(i.ble_stack_init) refers to softdevice_handler.o(i.softdevice_handler_init) for softdevice_handler_init
    main.o(i.ble_stack_init) refers to app_error.o(i.app_error_handler_bare) for app_error_handler_bare
    main.o(i.ble_stack_init) refers to softdevice_handler.o(i.softdevice_enable_get_default_config) for softdevice_enable_get_default_config
    main.o(i.ble_stack_init) refers to softdevice_handler.o(i.softdevice_enable) for softdevice_enable
    main.o(i.ble_stack_init) refers to softdevice_handler.o(i.softdevice_ble_evt_handler_set) for softdevice_ble_evt_handler_set
    main.o(i.ble_stack_init) refers to softdevice_handler.o(i.softdevice_sys_evt_handler_set) for softdevice_sys_evt_handler_set
    main.o(i.ble_stack_init) refers to main.o(.constdata) for .constdata
    main.o(i.ble_stack_init) refers to main.o(.bss) for .bss
    main.o(i.ble_stack_init) refers to main.o(i.ble_evt_dispatch) for ble_evt_dispatch
    main.o(i.ble_stack_init) refers to main.o(i.sys_evt_dispatch) for sys_evt_dispatch
    main.o(i.bsp_event_handler) refers to main.o(i.sleep_mode_enter) for sleep_mode_enter
    main.o(i.bsp_event_handler) refers to app_error.o(i.app_error_handler_bare) for app_error_handler_bare
    main.o(i.bsp_event_handler) refers to ble_advertising.o(i.ble_advertising_restart_without_whitelist) for ble_advertising_restart_without_whitelist
    main.o(i.bsp_event_handler) refers to main.o(.data) for .data
    main.o(i.conn_params_error_handler) refers to app_error.o(i.app_error_handler_bare) for app_error_handler_bare
    main.o(i.fds_init_timeout_handler) refers to main.o(.data) for .data
    main.o(i.main) refers to memcpya.o(.text) for __aeabi_memcpy4
    main.o(i.main) refers to app_uart_fifo.o(i.app_uart_init) for app_uart_init
    main.o(i.main) refers to app_error.o(i.app_error_handler_bare) for app_error_handler_bare
    main.o(i.main) refers to main.o(i.sensors_init) for sensors_init
    main.o(i.main) refers to app_timer.o(i.app_timer_init) for app_timer_init
    main.o(i.main) refers to app_timer.o(i.app_timer_create) for app_timer_create
    main.o(i.main) refers to app_timer.o(i.app_timer_start) for app_timer_start
    main.o(i.main) refers to bsp.o(i.bsp_init) for bsp_init
    main.o(i.main) refers to bsp_btn_ble.o(i.bsp_btn_ble_init) for bsp_btn_ble_init
    main.o(i.main) refers to main.o(i.ble_stack_init) for ble_stack_init
    main.o(i.main) refers to main.o(i.peer_manager_init) for peer_manager_init
    main.o(i.main) refers to main.o(i.power_manage) for power_manage
    main.o(i.main) refers to main.o(i.services_init) for services_init
    main.o(i.main) refers to memseta.o(.text) for __aeabi_memclr4
    main.o(i.main) refers to ble_advertising.o(i.ble_advertising_init) for ble_advertising_init
    main.o(i.main) refers to ble_conn_params.o(i.ble_conn_params_init) for ble_conn_params_init
    main.o(i.main) refers to ble_advertising.o(i.ble_advertising_start) for ble_advertising_start
    main.o(i.main) refers to main.o(.constdata) for .constdata
    main.o(i.main) refers to main.o(.bss) for .bss
    main.o(i.main) refers to bandsensors.o(i.uart_error_handle) for uart_error_handle
    main.o(i.main) refers to main.o(i.timer_timeout_handler) for timer_timeout_handler
    main.o(i.main) refers to main.o(i.fds_init_timeout_handler) for fds_init_timeout_handler
    main.o(i.main) refers to main.o(i.bsp_event_handler) for bsp_event_handler
    main.o(i.main) refers to main.o(.data) for .data
    main.o(i.main) refers to main.o(i.on_adv_evt) for on_adv_evt
    main.o(i.main) refers to main.o(i.on_conn_params_evt) for on_conn_params_evt
    main.o(i.main) refers to main.o(i.conn_params_error_handler) for conn_params_error_handler
    main.o(i.on_adv_evt) refers to bsp.o(i.bsp_indication_set) for bsp_indication_set
[...]
    m_softdevice_enabled                     0x20002150   Data           1  softdevice_handler.o(.data)
    m_suspended                              0x20002151   Data           1  softdevice_handler.o(.data)
    m_ble_evt_buffer_size                    0x20002152   Data           2  softdevice_handler.o(.data)
    m_evt_schedule_func                      0x20002154   Data           4  softdevice_handler.o(.data)
    mp_ble_evt_buffer                        0x20002158   Data           4  softdevice_handler.o(.data)
    m_ble_evt_handler                        0x2000215c   Data           4  softdevice_handler.o(.data)
    m_sys_evt_handler                        0x20002160   Data           4  softdevice_handler.o(.data)
    .data                                    0x20002164   Section        4  stdout.o(.data)
    fs_data                                  0x20002168   Section       16  fds.o(fs_data)
    __tagsym$$used                           0x20002168   Number         0  fds.o(fs_data)
    fs_config                                0x20002168   Data          16  fds.o(fs_data)
    .bss                                     0x20002178   Section       32  main.o(.bss)
    m_fds_init_timer_id_data                 0x20002178   Data          32  main.o(.bss)
    .bss                                     0x20002198   Section       32  main.o(.bss)
    m_app_timer_id_data                      0x20002198   Data          32  main.o(.bss)
    .bss                                     0x200021b8   Section      992  main.o(.bss)
    APP_TIMER_BUF                            0x200021b8   Data         120  main.o(.bss)
    BLE_EVT_BUFFER                           0x20002230   Data          72  main.o(.bss)
    rx_buf                                   0x20002278   Data         256  main.o(.bss)
    tx_buf                                   0x20002378   Data         256  main.o(.bss)
    m_cus                                    0x20002478   Data          36  main.o(.bss)
    m_cus2                                   0x2000249c   Data          36  main.o(.bss)
    m_cus3                                   0x200024c0   Data          36  main.o(.bss)
    m_cus4                                   0x200024e4   Data          36  main.o(.bss)
    m_cus5                                   0x20002508   Data          36  main.o(.bss)
    m_cus6                                   0x2000252c   Data          36  main.o(.bss)
    m_cus7                                   0x20002550   Data          36  main.o(.bss)
    m_cus8                                   0x20002574   Data          36  main.o(.bss)
    .bss                                     0x20002598   Section       32  our_service.o(.bss)
    m_fds_write_timer_id_data                0x20002598   Data          32  our_service.o(.bss)
    .bss                                     0x200025b8   Section       32  bsp.o(.bss)
    m_leds_timer_id_data                     0x200025b8   Data          32  bsp.o(.bss)
    .bss                                     0x200025d8   Section       32  bsp.o(.bss)
    m_alert_timer_id_data                    0x200025d8   Data          32  bsp.o(.bss)
    .bss                                     0x200025f8   Section       12  bsp.o(.bss)
    m_events_list                            0x200025f8   Data          12  bsp.o(.bss)
    .bss                                     0x20002604   Section       32  bsp.o(.bss)
    m_button_timer_id_data                   0x20002604   Data          32  bsp.o(.bss)
    .bss                                     0x20002624   Section      359  ble_advertising.o(.bss)
    m_adv_modes_config                       0x20002624   Data          32  ble_advertising.o(.bss)
    m_advdata                                0x20002644   Data          56  ble_advertising.o(.bss)
    m_manuf_specific_data                    0x2000267c   Data          12  ble_advertising.o(.bss)
    m_manuf_data_array                       0x20002688   Data          31  ble_advertising.o(.bss)
    m_service_data                           0x200026a8   Data          12  ble_advertising.o(.bss)
    m_service_data_array                     0x200026b4   Data          31  ble_advertising.o(.bss)
    m_whitelist_addrs                        0x200026d3   Data          56  ble_advertising.o(.bss)
    m_whitelist_irks                         0x2000270b   Data         128  ble_advertising.o(.bss)
    .bss                                     0x2000278c   Section       32  ble_advertising.o(.bss)
    m_p_whitelist_addrs                      0x2000278c   Data          32  ble_advertising.o(.bss)
    .bss                                     0x200027ac   Section       32  ble_advertising.o(.bss)
    m_p_whitelist_irks                       0x200027ac   Data          32  ble_advertising.o(.bss)
    .bss                                     0x200027cc   Section       32  ble_conn_params.o(.bss)
    m_conn_params_timer_id_data              0x200027cc   Data          32  ble_conn_params.o(.bss)
    .bss                                     0x200027ec   Section       28  ble_conn_params.o(.bss)
    m_conn_params_config                     0x200027ec   Data          28  ble_conn_params.o(.bss)
    .bss                                     0x20002808   Section       52  ble_conn_state.o(.bss)
    m_bcs                                    0x20002808   Data          52  ble_conn_state.o(.bss)
    .bss                                     0x2000283c   Section      112  id_manager.o(.bss)
    m_connections                            0x2000283c   Data          96  id_manager.o(.bss)
    m_wlisted_peers                          0x2000289c   Data          16  id_manager.o(.bss)
    .bss                                     0x200028ac   Section      816  peer_database.o(.bss)
    buffer_memory                            0x200028ac   Data         640  peer_database.o(.bss)
    m_write_buffer                           0x20002b2c   Data          16  peer_database.o(.bss)
    m_write_buffer_records                   0x20002b3c   Data         160  peer_database.o(.bss)
    .bss                                     0x20002bdc   Section       64  peer_id.o(.bss)
    m_pi                                     0x20002bdc   Data          64  peer_id.o(.bss)
    .bss                                     0x20002c1c   Section       12  peer_manager.o(.bss)
    m_evt_handlers                           0x20002c1c   Data          12  peer_manager.o(.bss)
    .bss                                     0x20002c28   Section       64  security_dispatcher.o(.bss)
    m_peer_pk                                0x20002c28   Data          64  security_dispatcher.o(.bss)
    .bss                                     0x20002c68   Section       20  nrf_drv_clock.o(.bss)
    m_clock_cb                               0x20002c68   Data          20  nrf_drv_clock.o(.bss)
    .bss                                     0x20002c7c   Section       72  nrf_drv_gpiote.o(.bss)
    m_cb                                     0x20002c7c   Data          72  nrf_drv_gpiote.o(.bss)
    .bss                                     0x20002cc4   Section       28  nrf_drv_uart.o(.bss)
    m_cb                                     0x20002cc4   Data          28  nrf_drv_uart.o(.bss)
    .bss                                     0x20002ce0   Section       80  nrf_drv_twi.o(.bss)
    m_cb                                     0x20002ce0   Data          80  nrf_drv_twi.o(.bss)
    .bss                                     0x20002d30   Section       32  app_button.o(.bss)
    m_detection_delay_timer_id_data          0x20002d30   Data          32  app_button.o(.bss)
    .bss                                     0x20002d50   Section      284  fds.o(.bss)
    desc                                     0x20002d50   Data          12  fds.o(.bss)
    m_cb_table                               0x20002d5c   Data          32  fds.o(.bss)
    m_op_queue                               0x20002d7c   Data         120  fds.o(.bss)
    m_chunk_queue                            0x20002df4   Data          72  fds.o(.bss)
    m_pages                                  0x20002e3c   Data          32  fds.o(.bss)
    m_gc                                     0x20002e5c   Data          16  fds.o(.bss)
    .bss                                     0x20002e6c   Section      104  fstorage.o(.bss)
    m_queue                                  0x20002e6c   Data         104  fstorage.o(.bss)
    .bss                                     0x20002ed4   Section       32  app_uart_fifo.o(.bss)
    m_rx_fifo                                0x20002ed4   Data          16  app_uart_fifo.o(.bss)
    m_tx_fifo                                0x20002ee4   Data          16  app_uart_fifo.o(.bss)
    STACK                                    0x20002ef8   Section     2048  arm_startup_nrf51.o(STACK)

    Global Symbols

    Symbol Name                              Value     Ov Type        Size  Object(Section)

    BuildAttributes$$THM_ISAv3M$S$PE$A:L22$X:L11$S22$IEEE1$IW$USESV6$~STKCKD$USESV7$~SHL$OSPACE$ROPI$EBA8$MICROLIB$REQ8$PRES8$EABIv2 0x00000000   Number         0  anon$$obj.o ABSOLUTE
    __ARM_use_no_argv                        0x00000000   Number         0  main.o ABSOLUTE
    __cpp_initialize__aeabi_                  - Undefined Weak Reference
    __cxa_finalize                            - Undefined Weak Reference
    _clock_init                               - Undefined Weak Reference
    _microlib_exit                            - Undefined Weak Reference
    __Vectors_Size                           0x000000c0   Number         0  arm_startup_nrf51.o ABSOLUTE
    __Vectors                                0x0001b000   Data           4  arm_startup_nrf51.o(RESET)
    __Vectors_End                            0x0001b0c0   Data           0  arm_startup_nrf51.o(RESET)
    __main                                   0x0001b0c1   Thumb Code     0  entry.o(.ARM.Collect$$$$00000000)
    _main_stk                                0x0001b0c1   Thumb Code     0  entry2.o(.ARM.Collect$$$$00000001)
    _main_scatterload                        0x0001b0c5   Thumb Code     0  entry5.o(.ARM.Collect$$$$00000004)
    __main_after_scatterload                 0x0001b0c9   Thumb Code     0  entry5.o(.ARM.Collect$$$$00000004)
    _main_clock                              0x0001b0c9   Thumb Code     0  entry7b.o(.ARM.Collect$$$$00000008)
    _main_cpp_init                           0x0001b0c9   Thumb Code     0  entry8b.o(.ARM.Collect$$$$0000000A)
    _main_init                               0x0001b0c9   Thumb Code     0  entry9a.o(.ARM.Collect$$$$0000000B)
    __rt_final_cpp                           0x0001b0d1   Thumb Code     0  entry10a.o(.ARM.Collect$$$$0000000D)
    __rt_final_exit                          0x0001b0d1   Thumb Code     0  entry11a.o(.ARM.Collect$$$$0000000F)
    Reset_Handler                            0x0001b0d5   Thumb Code    26  arm_startup_nrf51.o(.text)
    NMI_Handler                              0x0001b0ef   Thumb Code     2  arm_startup_nrf51.o(.text)
    HardFault_Handler                        0x0001b0f1   Thumb Code     2  arm_startup_nrf51.o(.text)
    SVC_Handler                              0x0001b0f3   Thumb Code     2  arm_startup_nrf51.o(.text)
    PendSV_Handler                           0x0001b0f5   Thumb Code     2  arm_startup_nrf51.o(.text)
    SysTick_Handler                          0x0001b0f7   Thumb Code     2  arm_startup_nrf51.o(.text)
    ADC_IRQHandler                           0x0001b0f9   Thumb Code     0  arm_startup_nrf51.o(.text)
    CCM_AAR_IRQHandler                       0x0001b0f9   Thumb Code     0  arm_startup_nrf51.o(.text)
    ECB_IRQHandler                           0x0001b0f9   Thumb Code     0  arm_startup_nrf51.o(.text)
    LPCOMP_IRQHandler                        0x0001b0f9   Thumb Code     0  arm_startup_nrf51.o(.text)
    QDEC_IRQHandler                          0x0001b0f9   Thumb Code     0  arm_startup_nrf51.o(.text)
    RADIO_IRQHandler                         0x0001b0f9   Thumb Code     0  arm_startup_nrf51.o(.text)
    RNG_IRQHandler                           0x0001b0f9   Thumb Code     0  arm_startup_nrf51.o(.text)
    RTC0_IRQHandler                          0x0001b0f9   Thumb Code     0  arm_startup_nrf51.o(.text)
    SWI1_IRQHandler                          0x0001b0f9   Thumb Code     0  arm_startup_nrf51.o(.text)
    SWI3_IRQHandler                          0x0001b0f9   Thumb Code     0  arm_startup_nrf51.o(.text)
    SWI4_IRQHandler                          0x0001b0f9   Thumb Code     0  arm_startup_nrf51.o(.text)
    SWI5_IRQHandler                          0x0001b0f9   Thumb Code     0  arm_startup_nrf51.o(.text)
    TEMP_IRQHandler                          0x0001b0f9   Thumb Code     0  arm_startup_nrf51.o(.text)
    TIMER0_IRQHandler                        0x0001b0f9   Thumb Code     0  arm_startup_nrf51.o(.text)
    TIMER1_IRQHandler                        0x0001b0f9   Thumb Code     0  arm_startup_nrf51.o(.text)
    TIMER2_IRQHandler                        0x0001b0f9   Thumb Code     0  arm_startup_nrf51.o(.text)
    WDT_IRQHandler                           0x0001b0f9   Thumb Code     0  arm_startup_nrf51.o(.text)
    __aeabi_uidiv                            0x0001b10d   Thumb Code     0  uidiv.o(.text)
    __aeabi_uidivmod                         0x0001b10d   Thumb Code    44  uidiv.o(.text)
    __aeabi_memcpy                           0x0001b139   Thumb Code    36  memcpya.o(.text)
    __aeabi_memcpy4                          0x0001b139   Thumb Code     0  memcpya.o(.text)
    __aeabi_memcpy8                          0x0001b139   Thumb Code     0  memcpya.o(.text)
    __aeabi_memset                           0x0001b15d   Thumb Code    14  memseta.o(.text)
    __aeabi_memset4                          0x0001b15d   Thumb Code     0  memseta.o(.text)
    __aeabi_memset8                          0x0001b15d   Thumb Code     0  memseta.o(.text)
    __aeabi_memclr                           0x0001b16b   Thumb Code     4  memseta.o(.text)
    __aeabi_memclr4                          0x0001b16b   Thumb Code     0  memseta.o(.text)
    __aeabi_memclr8                          0x0001b16b   Thumb Code     0  memseta.o(.text)
    _memset$wrapper                          0x0001b16f   Thumb Code    18  memseta.o(.text)
    memcmp                                   0x0001b181   Thumb Code    26  memcmp.o(.text)
    __scatterload                            0x0001b19d   Thumb Code    28  init.o(.text)
    __scatterload_rt2                        0x0001b19d   Thumb Code     0  init.o(.text)
    __I$use$semihosting$fputc                0x0001b1c1   Thumb Code     0  iusesemip.o(.text)
    __decompress                             0x0001b1c1   Thumb Code     0  __dczerorl2.o(.text)
    __decompress1                            0x0001b1c1   Thumb Code    86  __dczerorl2.o(.text)
    __semihosting_library_function           0x0001b1c1   Thumb Code     0  semi.o(.text)
    GPIOEXP1_init                            0x0001b217   Thumb Code    42  bandsensors.o(i.GPIOEXP1_init)
    GPIOEXP1_readPort0                       0x0001b241   Thumb Code    12  bandsensors.o(i.GPIOEXP1_readPort0)
    GPIOTE_IRQHandler                        0x0001b24d   Thumb Code   322  nrf_drv_gpiote.o(i.GPIOTE_IRQHandler)
    LED_BT_on                                0x0001b3a5   Thumb Code    24  bandsensors.o(i.LED_BT_on)
    MUX_init                                 0x0001b3bd   Thumb Code    28  bandsensors.o(i.MUX_init)
    POWER_CLOCK_IRQHandler                   0x0001b41d   Thumb Code    74  nrf_drv_clock.o(i.POWER_CLOCK_IRQHandler)
    RTC1_IRQHandler                          0x0001b471   Thumb Code    28  app_timer.o(i.RTC1_IRQHandler)
    SPI0_TWI0_IRQHandler                     0x0001b491   Thumb Code    12  nrf_drv_twi.o(i.SPI0_TWI0_IRQHandler)
    SPI1_TWI1_IRQHandler                     0x0001b4a5   Thumb Code    12  nrf_drv_twi.o(i.SPI1_TWI1_IRQHandler)
    SWI0_IRQHandler                          0x0001b4b9   Thumb Code     8  app_timer.o(i.SWI0_IRQHandler)
    SWI2_IRQHandler                          0x0001b4c1   Thumb Code    28  softdevice_handler.o(i.SWI2_IRQHandler)
    SystemInit                               0x0001b4e1   Thumb Code   130  system_nrf51.o(i.SystemInit)
    UART0_IRQHandler                         0x0001b581   Thumb Code    12  nrf_drv_uart.o(i.UART0_IRQHandler)
    __0printf$bare                           0x0001b595   Thumb Code    12  printfb.o(i.__0printf$bare)
    __1printf$bare                           0x0001b595   Thumb Code     0  printfb.o(i.__0printf$bare)
    __2printf                                0x0001b595   Thumb Code     0  printfb.o(i.__0printf$bare)
    __ARM_common_switch8                     0x0001b5a9   Thumb Code    26  main.o(i.__ARM_common_switch8)
    __scatterload_copy                       0x0001b5c3   Thumb Code    14  handlers.o(i.__scatterload_copy)
    __scatterload_null                       0x0001b5d1   Thumb Code     2  handlers.o(i.__scatterload_null)
    __scatterload_zeroinit                   0x0001b5d3   Thumb Code    14  handlers.o(i.__scatterload_zeroinit)
    addr_compare                             0x0001b61b   Thumb Code    40  id_manager.o(i.addr_compare)
    adv_data_encode                          0x0001b643   Thumb Code   398  ble_advdata.o(i.adv_data_encode)
    ah                                       0x0001b875   Thumb Code    78  id_manager.o(i.ah)
    app_button_enable                        0x0001b8dd   Thumb Code    32  app_button.o(i.app_button_enable)
    app_button_init                          0x0001b901   Thumb Code   100  app_button.o(i.app_button_init)
    app_error_fault_handler                  0x0001b975   Thumb Code    18  app_error_weak.o(i.app_error_fault_handler)
    app_error_handler_bare                   0x0001b991   Thumb Code    20  app_error.o(i.app_error_handler_bare)
    app_fifo_get                             0x0001b9a9   Thumb Code    22  app_fifo.o(i.app_fifo_get)
    app_fifo_init                            0x0001b9bf   Thumb Code    36  app_fifo.o(i.app_fifo_init)
    app_fifo_put                             0x0001b9e3   Thumb Code    26  app_fifo.o(i.app_fifo_put)
    app_timer_create                         0x0001b9fd   Thumb Code    40  app_timer.o(i.app_timer_create)
    app_timer_init                           0x0001ba29   Thumb Code   136  app_timer.o(i.app_timer_init)
    app_timer_start                          0x0001bac9   Thumb Code   128  app_timer.o(i.app_timer_start)
    app_timer_stop                           0x0001bb51   Thumb Code    36  app_timer.o(i.app_timer_stop)
    app_uart_init                            0x0001bb79   Thumb Code   160  app_uart_fifo.o(i.app_uart_init)
    app_util_critical_region_enter           0x0001bc29   Thumb Code    48  app_util_platform.o(i.app_util_critical_region_enter)
    app_util_critical_region_exit            0x0001bc65   Thumb Code    36  app_util_platform.o(i.app_util_critical_region_exit)
    ble_advdata_set                          0x0001bd31   Thumb Code   104  ble_advdata.o(i.ble_advdata_set)
    ble_advertising_init                     0x0001bd99   Thumb Code   340  ble_advertising.o(i.ble_advertising_init)
    ble_advertising_on_ble_evt               0x0001bef5   Thumb Code    82  ble_advertising.o(i.ble_advertising_on_ble_evt)
    ble_advertising_on_sys_evt               0x0001bf4d   Thumb Code    42  ble_advertising.o(i.ble_advertising_on_sys_evt)
    ble_advertising_restart_without_whitelist 0x0001bf7d   Thumb Code    50  ble_advertising.o(i.ble_advertising_restart_without_whitelist)
    ble_advertising_start                    0x0001bfb9   Thumb Code   256  ble_advertising.o(i.ble_advertising_start)
    ble_conn_params_init                     0x0001c0c1   Thumb Code    68  ble_conn_params.o(i.ble_conn_params_init)
    ble_conn_params_on_ble_evt               0x0001c115   Thumb Code   130  ble_conn_params.o(i.ble_conn_params_on_ble_evt)
    ble_conn_state_conn_handles              0x0001c1a5   Thumb Code    14  ble_conn_state.o(i.ble_conn_state_conn_handles)
    ble_conn_state_encrypted                 0x0001c1b9   Thumb Code    16  ble_conn_state.o(i.ble_conn_state_encrypted)
    ble_conn_state_mitm_protected            0x0001c1cd   Thumb Code    16  ble_conn_state.o(i.ble_conn_state_mitm_protected)
    ble_conn_state_on_ble_evt                0x0001c1e1   Thumb Code   236  ble_conn_state.o(i.ble_conn_state_on_ble_evt)
    ble_conn_state_role                      0x0001c2d5   Thumb Code    46  ble_conn_state.o(i.ble_conn_state_role)
    ble_conn_state_user_flag_acquire         0x0001c309   Thumb Code    42  ble_conn_state.o(i.ble_conn_state_user_flag_acquire)
    ble_conn_state_user_flag_collection      0x0001c339   Thumb Code    20  ble_conn_state.o(i.ble_conn_state_user_flag_collection)
    ble_conn_state_user_flag_get             0x0001c351   Thumb Code    32  ble_conn_state.o(i.ble_conn_state_user_flag_get)
    ble_conn_state_user_flag_set             0x0001c375   Thumb Code    36  ble_conn_state.o(i.ble_conn_state_user_flag_set)
    ble_cus_char2_init                       0x0001c39d   Thumb Code    20  our_service.o(i.ble_cus_char2_init)
    ble_cus_char3_init                       0x0001c3b1   Thumb Code    20  our_service.o(i.ble_cus_char3_init)
    ble_cus_custom_value_update              0x0001c3c5   Thumb Code    90  our_service.o(i.ble_cus_custom_value_update)
    ble_cus_on_ble_evt                       0x0001c425   Thumb Code   116  our_service.o(i.ble_cus_on_ble_evt)
    ble_srv_is_notification_enabled          0x0001c539   Thumb Code    14  ble_srv_common.o(i.ble_srv_is_notification_enabled)
    bsp_btn_ble_init                         0x0001c5b9   Thumb Code    80  bsp_btn_ble.o(i.bsp_btn_ble_init)
    bsp_btn_ble_on_ble_evt                   0x0001c60d   Thumb Code   114  bsp_btn_ble.o(i.bsp_btn_ble_on_ble_evt)
    bsp_btn_ble_sleep_mode_prepare           0x0001c685   Thumb Code    20  bsp_btn_ble.o(i.bsp_btn_ble_sleep_mode_prepare)
    bsp_button_is_pressed                    0x0001c739   Thumb Code    34  bsp.o(i.bsp_button_is_pressed)
    bsp_event_to_button_action_assign        0x0001c7a9   Thumb Code    66  bsp.o(i.bsp_event_to_button_action_assign)
    bsp_indication_set                       0x0001c7f1   Thumb Code    22  bsp.o(i.bsp_indication_set)
    bsp_init                                 0x0001c80d   Thumb Code   134  bsp.o(i.bsp_init)
    bsp_wakeup_buttons_set                   0x0001caa5   Thumb Code    50  bsp.o(i.bsp_wakeup_buttons_set)
    chunk_queue_next                         0x0001cb81   Thumb Code    20  fds.o(i.chunk_queue_next)
    fds_file_delete                          0x0001d451   Thumb Code    66  fds.o(i.fds_file_delete)
    fds_gc                                   0x0001d49d   Thumb Code    62  fds.o(i.fds_gc)
    fds_init                                 0x0001d4e5   Thumb Code   134  fds.o(i.fds_init)
    fds_record_close                         0x0001d57d   Thumb Code    60  fds.o(i.fds_record_close)
    fds_record_find                          0x0001d5bd   Thumb Code    14  fds.o(i.fds_record_find)
    fds_record_find_by_key                   0x0001d5cb   Thumb Code    16  fds.o(i.fds_record_find_by_key)
    fds_record_find_in_file                  0x0001d5db   Thumb Code    16  fds.o(i.fds_record_find_in_file)
    fds_record_id_from_desc                  0x0001d5eb   Thumb Code    20  fds.o(i.fds_record_id_from_desc)
    fds_record_open                          0x0001d601   Thumb Code    64  fds.o(i.fds_record_open)
    fds_record_update                        0x0001d645   Thumb Code    20  fds.o(i.fds_record_update)
    fds_record_write                         0x0001d659   Thumb Code    12  fds.o(i.fds_record_write)
    fds_record_write_reserved                0x0001d665   Thumb Code    18  fds.o(i.fds_record_write_reserved)
    fds_register                             0x0001d679   Thumb Code    28  fds.o(i.fds_register)
    fds_reserve                              0x0001d69d   Thumb Code    48  fds.o(i.fds_reserve)
    fds_reserve_cancel                       0x0001d6d1   Thumb Code    62  fds.o(i.fds_reserve_cancel)
    flash_callback                           0x0001d80d   Thumb Code     2  our_service.o(i.flash_callback)
    fputc                                    0x0001d80f   Thumb Code    18  fputc.o(i.fputc)
    fs_erase                                 0x0001d821   Thumb Code   120  fstorage.o(i.fs_erase)
    fs_init                                  0x0001d8a9   Thumb Code   154  fstorage.o(i.fs_init)
    fs_queued_op_count_get                   0x0001d955   Thumb Code    18  fstorage.o(i.fs_queued_op_count_get)
    fs_store                                 0x0001d96d   Thumb Code   128  fstorage.o(i.fs_store)
    fs_sys_event_handler                     0x0001d9f1   Thumb Code    94  fstorage.o(i.fs_sys_event_handler)
    gcm_ble_evt_handler                      0x0001dc2d   Thumb Code   232  gatt_cache_manager.o(i.gcm_ble_evt_handler)
    gcm_gscm_evt_handler                     0x0001dd1d   Thumb Code    96  gatt_cache_manager.o(i.gcm_gscm_evt_handler)
    gcm_im_evt_handler                       0x0001dd85   Thumb Code    40  gatt_cache_manager.o(i.gcm_im_evt_handler)
    gcm_init                                 0x0001ddb1   Thumb Code    66  gatt_cache_manager.o(i.gcm_init)
    gcm_local_database_has_changed           0x0001ddf9   Thumb Code    66  gatt_cache_manager.o(i.gcm_local_database_has_changed)
    gcm_smd_evt_handler                      0x0001de45   Thumb Code    16  gatt_cache_manager.o(i.gcm_smd_evt_handler)
    get_connection_by_conn_handle            0x0001de55   Thumb Code    48  id_manager.o(i.get_connection_by_conn_handle)
    get_free_connection                      0x0001de8d   Thumb Code    40  id_manager.o(i.get_free_connection)
    gscm_db_change_notification_done         0x0001df11   Thumb Code    22  gatts_cache_manager.o(i.gscm_db_change_notification_done)
    gscm_init                                0x0001df2d   Thumb Code    16  gatts_cache_manager.o(i.gscm_init)
    gscm_local_database_has_changed          0x0001df41   Thumb Code    18  gatts_cache_manager.o(i.gscm_local_database_has_changed)
    gscm_local_db_cache_apply                0x0001df5d   Thumb Code   104  gatts_cache_manager.o(i.gscm_local_db_cache_apply)
    gscm_local_db_cache_update               0x0001dfc9   Thumb Code   124  gatts_cache_manager.o(i.gscm_local_db_cache_update)
    gscm_pdb_evt_handler                     0x0001e04d   Thumb Code    68  gatts_cache_manager.o(i.gscm_pdb_evt_handler)
    gscm_service_changed_ind_needed          0x0001e099   Thumb Code    28  gatts_cache_manager.o(i.gscm_service_changed_ind_needed)
    gscm_service_changed_ind_send            0x0001e0b5   Thumb Code    32  gatts_cache_manager.o(i.gscm_service_changed_ind_send)
    im_address_resolve                       0x0001e0fd   Thumb Code    64  id_manager.o(i.im_address_resolve)
    im_ble_addr_get                          0x0001e13d   Thumb Code    38  id_manager.o(i.im_ble_addr_get)
    im_ble_evt_handler                       0x0001e169   Thumb Code   162  id_manager.o(i.im_ble_evt_handler)
    im_conn_handle_get                       0x0001e211   Thumb Code    34  id_manager.o(i.im_conn_handle_get)
    im_init                                  0x0001e23d   Thumb Code    60  id_manager.o(i.im_init)
    im_is_duplicate_bonding_data             0x0001e285   Thumb Code    56  id_manager.o(i.im_is_duplicate_bonding_data)
    im_master_id_is_valid                    0x0001e2bd   Thumb Code    28  id_manager.o(i.im_master_id_is_valid)
    im_master_ids_compare                    0x0001e2d9   Thumb Code    44  id_manager.o(i.im_master_ids_compare)
    im_new_peer_id                           0x0001e305   Thumb Code     8  id_manager.o(i.im_new_peer_id)
    im_pdb_evt_handler                       0x0001e30d   Thumb Code   110  id_manager.o(i.im_pdb_evt_handler)
    im_peer_free                             0x0001e37d   Thumb Code    38  id_manager.o(i.im_peer_free)
    im_peer_id_get_by_conn_handle            0x0001e3a9   Thumb Code    24  id_manager.o(i.im_peer_id_get_by_conn_handle)
    im_peer_id_get_by_master_id              0x0001e3c9   Thumb Code    62  id_manager.o(i.im_peer_id_get_by_master_id)
    intern_softdevice_events_execute         0x0001e4cd   Thumb Code   122  softdevice_handler.o(i.intern_softdevice_events_execute)
    is_valid_irk                             0x0001e65d   Thumb Code    22  id_manager.o(i.is_valid_irk)
    main                                     0x0001ec31   Thumb Code   428  main.o(i.main)
    new_connection                           0x0001ef21   Thumb Code    80  id_manager.o(i.new_connection)
    next_id_get                              0x0001ef7d   Thumb Code    48  peer_id.o(i.next_id_get)
    nrf_drv_clock_init                       0x0001f02d   Thumb Code    50  nrf_drv_clock.o(i.nrf_drv_clock_init)
    nrf_drv_clock_on_sd_enable               0x0001f069   Thumb Code    46  nrf_drv_clock.o(i.nrf_drv_clock_on_sd_enable)
    nrf_drv_clock_on_soc_event               0x0001f09d   Thumb Code    12  nrf_drv_clock.o(i.nrf_drv_clock_on_soc_event)
    nrf_drv_common_irq_enable                0x0001f0a9   Thumb Code    78  nrf_drv_common.o(i.nrf_drv_common_irq_enable)
    nrf_drv_gpiote_in_event_enable           0x0001f109   Thumb Code   134  nrf_drv_gpiote.o(i.nrf_drv_gpiote_in_event_enable)
    nrf_drv_gpiote_in_init                   0x0001f1a1   Thumb Code   140  nrf_drv_gpiote.o(i.nrf_drv_gpiote_in_init)
    nrf_drv_gpiote_in_is_set                 0x0001f23d   Thumb Code    16  nrf_drv_gpiote.o(i.nrf_drv_gpiote_in_is_set)
    nrf_drv_gpiote_init                      0x0001f251   Thumb Code    84  nrf_drv_gpiote.o(i.nrf_drv_gpiote_init)
    nrf_drv_gpiote_is_init                   0x0001f2ad   Thumb Code    12  nrf_drv_gpiote.o(i.nrf_drv_gpiote_is_init)
    nrf_drv_twi_enable                       0x0001f2bd   Thumb Code    28  nrf_drv_twi.o(i.nrf_drv_twi_enable)
    nrf_drv_twi_init                         0x0001f2dd   Thumb Code   124  nrf_drv_twi.o(i.nrf_drv_twi_init)
    nrf_drv_twi_rx                           0x0001f365   Thumb Code    30  nrf_drv_twi.o(i.nrf_drv_twi_rx)
    nrf_drv_twi_tx                           0x0001f389   Thumb Code    36  nrf_drv_twi.o(i.nrf_drv_twi_tx)
    nrf_drv_twi_xfer                         0x0001f3ad   Thumb Code    36  nrf_drv_twi.o(i.nrf_drv_twi_xfer)
    nrf_drv_uart_init                        0x0001f3d5   Thumb Code   210  nrf_drv_uart.o(i.nrf_drv_uart_init)
    nrf_drv_uart_rx                          0x0001f4b5   Thumb Code    86  nrf_drv_uart.o(i.nrf_drv_uart_rx)
    nrf_drv_uart_rx_enable                   0x0001f511   Thumb Code    40  nrf_drv_uart.o(i.nrf_drv_uart_rx_enable)
    nrf_drv_uart_tx                          0x0001f5e5   Thumb Code    46  nrf_drv_uart.o(i.nrf_drv_uart_tx)
    nrf_drv_uart_tx_in_progress              0x0001f6a5   Thumb Code    20  nrf_drv_uart.o(i.nrf_drv_uart_tx_in_progress)
    our_service_init                         0x0001f9a9   Thumb Code   110  our_service.o(i.our_service_init)
    our_service_init2                        0x0001fa25   Thumb Code   104  our_service.o(i.our_service_init2)
    our_service_init3                        0x0001fa95   Thumb Code   106  our_service.o(i.our_service_init3)
    our_service_init4                        0x0001fb05   Thumb Code   106  our_service.o(i.our_service_init4)
    our_service_init5                        0x0001fb75   Thumb Code   106  our_service.o(i.our_service_init5)
    our_service_init6                        0x0001fbe5   Thumb Code   106  our_service.o(i.our_service_init6)
    our_service_init7                        0x0001fc55   Thumb Code   106  our_service.o(i.our_service_init7)
    our_service_init8                        0x0001fcc5   Thumb Code   104  our_service.o(i.our_service_init8)
    pdb_init                                 0x0001ff95   Thumb Code    62  peer_database.o(i.pdb_init)
    pdb_next_deleted_peer_id_get             0x0001ffe1   Thumb Code     8  peer_database.o(i.pdb_next_deleted_peer_id_get)
    pdb_next_peer_id_get                     0x0001ffe9   Thumb Code     8  peer_database.o(i.pdb_next_peer_id_get)
    pdb_pds_evt_handler                      0x0001fff1   Thumb Code   300  peer_database.o(i.pdb_pds_evt_handler)
    pdb_peer_allocate                        0x00020125   Thumb Code     8  peer_database.o(i.pdb_peer_allocate)
    pdb_peer_data_load                       0x0002012d   Thumb Code    16  peer_database.o(i.pdb_peer_data_load)
    pdb_peer_data_ptr_get                    0x0002013d   Thumb Code    10  peer_database.o(i.pdb_peer_data_ptr_get)
    pdb_peer_free                            0x00020147   Thumb Code    74  peer_database.o(i.pdb_peer_free)
    pdb_raw_store                            0x00020191   Thumb Code    12  peer_database.o(i.pdb_raw_store)
    pdb_write_buf_get                        0x0002019d   Thumb Code   256  peer_database.o(i.pdb_write_buf_get)
    pdb_write_buf_release                    0x000202a5   Thumb Code    42  peer_database.o(i.pdb_write_buf_release)
    pdb_write_buf_store                      0x000202d1   Thumb Code   190  peer_database.o(i.pdb_write_buf_store)
    pdb_write_buf_store_prepare              0x00020399   Thumb Code    98  peer_database.o(i.pdb_write_buf_store_prepare)
    pds_init                                 0x0002040d   Thumb Code   100  peer_data_storage.o(i.pds_init)
    pds_next_deleted_peer_id_get             0x0002047d   Thumb Code     8  peer_data_storage.o(i.pds_next_deleted_peer_id_get)
    pds_next_peer_id_get                     0x00020485   Thumb Code     8  peer_data_storage.o(i.pds_next_peer_id_get)
    pds_peer_data_iterate                    0x0002048d   Thumb Code    80  peer_data_storage.o(i.pds_peer_data_iterate)
    pds_peer_data_iterate_prepare            0x000204e1   Thumb Code    10  peer_data_storage.o(i.pds_peer_data_iterate_prepare)
    pds_peer_data_read                       0x000204f1   Thumb Code   112  peer_data_storage.o(i.pds_peer_data_read)
    pds_peer_data_store                      0x00020561   Thumb Code   170  peer_data_storage.o(i.pds_peer_data_store)
    pds_peer_id_allocate                     0x0002060d   Thumb Code    10  peer_data_storage.o(i.pds_peer_id_allocate)
    pds_peer_id_free                         0x0002061d   Thumb Code    22  peer_data_storage.o(i.pds_peer_id_free)
    pds_peer_id_is_allocated                 0x00020633   Thumb Code     8  peer_data_storage.o(i.pds_peer_id_is_allocated)
    pds_space_reserve                        0x0002063b   Thumb Code    48  peer_data_storage.o(i.pds_space_reserve)
    pds_space_reserve_cancel                 0x0002066b   Thumb Code    16  peer_data_storage.o(i.pds_space_reserve_cancel)
    peer_id_allocate                         0x00020769   Thumb Code    10  peer_id.o(i.peer_id_allocate)
    peer_id_delete                           0x00020779   Thumb Code    30  peer_id.o(i.peer_id_delete)
    peer_id_free                             0x000207a1   Thumb Code    22  peer_id.o(i.peer_id_free)
    peer_id_get_next_deleted                 0x000207bd   Thumb Code    10  peer_id.o(i.peer_id_get_next_deleted)
    peer_id_get_next_used                    0x000207cd   Thumb Code    42  peer_id.o(i.peer_id_get_next_used)
    peer_id_init                             0x00020801   Thumb Code    34  peer_id.o(i.peer_id_init)
    peer_id_is_allocated                     0x00020829   Thumb Code    20  peer_id.o(i.peer_id_is_allocated)
    peer_id_is_deleted                       0x00020841   Thumb Code    20  peer_id.o(i.peer_id_is_deleted)
    pm_buffer_block_acquire                  0x0002093d   Thumb Code    94  pm_buffer.o(i.pm_buffer_block_acquire)
    pm_buffer_init                           0x0002099b   Thumb Code    68  pm_buffer.o(i.pm_buffer_init)
    pm_buffer_ptr_get                        0x000209df   Thumb Code    46  pm_buffer.o(i.pm_buffer_ptr_get)
    pm_buffer_release                        0x00020a0d   Thumb Code    42  pm_buffer.o(i.pm_buffer_release)
    pm_conn_sec_config_reply                 0x00020a37   Thumb Code     8  peer_manager.o(i.pm_conn_sec_config_reply)
    pm_conn_secure                           0x00020a41   Thumb Code    20  peer_manager.o(i.pm_conn_secure)
    pm_gcm_evt_handler                       0x00020ad5   Thumb Code   128  peer_manager.o(i.pm_gcm_evt_handler)
    pm_im_evt_handler                        0x00020b55   Thumb Code    74  peer_manager.o(i.pm_im_evt_handler)
    pm_init                                  0x00020ba5   Thumb Code   108  peer_manager.o(i.pm_init)
    pm_local_database_has_changed            0x00020c15   Thumb Code    16  peer_manager.o(i.pm_local_database_has_changed)
    pm_mutex_init                            0x00020c29   Thumb Code    16  pm_mutex.o(i.pm_mutex_init)
    pm_mutex_lock                            0x00020c39   Thumb Code    28  pm_mutex.o(i.pm_mutex_lock)
    pm_mutex_lock_first_available            0x00020c55   Thumb Code    52  pm_mutex.o(i.pm_mutex_lock_first_available)
    pm_mutex_lock_status_get                 0x00020c89   Thumb Code    24  pm_mutex.o(i.pm_mutex_lock_status_get)
    pm_mutex_unlock                          0x00020ca1   Thumb Code    54  pm_mutex.o(i.pm_mutex_unlock)
    pm_on_ble_evt                            0x00020cd9   Thumb Code    32  peer_manager.o(i.pm_on_ble_evt)
    pm_pdb_evt_handler                       0x00020cfd   Thumb Code   306  peer_manager.o(i.pm_pdb_evt_handler)
    pm_peer_delete                           0x00020e39   Thumb Code    20  peer_manager.o(i.pm_peer_delete)
    pm_peer_rank_highest                     0x00020e51   Thumb Code   182  peer_manager.o(i.pm_peer_rank_highest)
    pm_peer_ranks_get                        0x00020f11   Thumb Code   164  peer_manager.o(i.pm_peer_ranks_get)
    pm_peers_delete                          0x00020fc1   Thumb Code    52  peer_manager.o(i.pm_peers_delete)
    pm_register                              0x00020ffd   Thumb Code    38  peer_manager.o(i.pm_register)
    pm_sec_params_set                        0x0002102d   Thumb Code    20  peer_manager.o(i.pm_sec_params_set)
    pm_sm_evt_handler                        0x00021045   Thumb Code   324  peer_manager.o(i.pm_sm_evt_handler)
    readi2cOneByte                           0x0002136d   Thumb Code    42  bandsensors.o(i.readi2cOneByte)
    sdk_mapped_flags_bulk_update_by_key      0x000216a5   Thumb Code    70  sdk_mapped_flags.o(i.sdk_mapped_flags_bulk_update_by_key)
    sdk_mapped_flags_first_key_index_get     0x000216ed   Thumb Code    34  sdk_mapped_flags.o(i.sdk_mapped_flags_first_key_index_get)
    sdk_mapped_flags_get_by_key              0x00021725   Thumb Code    38  sdk_mapped_flags.o(i.sdk_mapped_flags_get_by_key)
    sdk_mapped_flags_key_list_get            0x0002174b   Thumb Code    70  sdk_mapped_flags.o(i.sdk_mapped_flags_key_list_get)
    sdk_mapped_flags_update_by_key           0x00021791   Thumb Code    14  sdk_mapped_flags.o(i.sdk_mapped_flags_update_by_key)
    sm_ble_evt_handler                       0x00021e05   Thumb Code    16  security_manager.o(i.sm_ble_evt_handler)
    sm_conn_sec_config_reply                 0x00021e19   Thumb Code    24  security_manager.o(i.sm_conn_sec_config_reply)
    sm_init                                  0x00021e35   Thumb Code    76  security_manager.o(i.sm_init)
    sm_link_secure                           0x00021e85   Thumb Code    14  security_manager.o(i.sm_link_secure)
    sm_pdb_evt_handler                       0x00021e95   Thumb Code    48  security_manager.o(i.sm_pdb_evt_handler)
    sm_sec_params_set                        0x00021ec9   Thumb Code    44  security_manager.o(i.sm_sec_params_set)
    sm_smd_evt_handler                       0x00021ef9   Thumb Code   118  security_manager.o(i.sm_smd_evt_handler)
    smd_ble_evt_handler                      0x00021f75   Thumb Code   216  security_dispatcher.o(i.smd_ble_evt_handler)
    smd_init                                 0x00022059   Thumb Code    56  security_dispatcher.o(i.smd_init)
    smd_link_secure                          0x00022095   Thumb Code    44  security_dispatcher.o(i.smd_link_secure)
    smd_params_reply                         0x000220c5   Thumb Code   260  security_dispatcher.o(i.smd_params_reply)
    smd_pdb_evt_handler                      0x0002225d   Thumb Code    48  security_dispatcher.o(i.smd_pdb_evt_handler)
    softdevice_ble_evt_handler_set           0x00022291   Thumb Code    16  softdevice_handler.o(i.softdevice_ble_evt_handler_set)
    softdevice_enable                        0x000222a5   Thumb Code    14  softdevice_handler.o(i.softdevice_enable)
    softdevice_enable_get_default_config     0x000222b9   Thumb Code    40  softdevice_handler.o(i.softdevice_enable_get_default_config)
    softdevice_fault_handler                 0x000222e1   Thumb Code     8  softdevice_handler.o(i.softdevice_fault_handler)
    softdevice_handler_init                  0x000222e9   Thumb Code    74  softdevice_handler.o(i.softdevice_handler_init)
    softdevice_handler_is_enabled            0x00022341   Thumb Code     6  softdevice_handler.o(i.softdevice_handler_is_enabled)
    softdevice_sys_evt_handler_set           0x0002234d   Thumb Code    16  softdevice_handler.o(i.softdevice_sys_evt_handler_set)
    twi_init                                 0x000225cd   Thumb Code    40  bandsensors.o(i.twi_init)
    uart_error_handle                        0x00022947   Thumb Code    20  bandsensors.o(i.uart_error_handle)
    writei2c                                 0x00022ffd   Thumb Code    26  bandsensors.o(i.writei2c)
    writei2cOneByte                          0x0002301d   Thumb Code    24  bandsensors.o(i.writei2cOneByte)
    Region$$Table$$Base                      0x0002323c   Number         0  anon$$obj.o(Region$$Table)
    Region$$Table$$Limit                     0x0002325c   Number         0  anon$$obj.o(Region$$Table)
    Image$$RW_IRAM1$$Base                    0x20001fe8   Number         0  main.o(.data)
    SystemCoreClock                          0x20002038   Data           4  system_nrf51.o(.data)
    nrf_nvic_state                           0x2000211c   Data           8  app_util_platform.o(.data)
    __stdout                                 0x20002164   Data           4  stdout.o(.data)
    fs_data$$Base                            0x20002168   Number         0  fds.o(fs_data)
    fs_data$$Limit                           0x20002178   Number         0  fds.o(fs_data)
    __initial_sp                             0x200036f8   Data           0  arm_startup_nrf51.o(STACK)



==============================================================================

Memory Map of the image

  Image Entry point : 0x0001b0c1

  Load Region LR_IROM1 (Base: 0x0001b000, Size: 0x000083ec, Max: 0x00025000, ABSOLUTE, COMPRESSED[0x000082ac])

    Execution Region ER_IROM1 (Base: 0x0001b000, Size: 0x0000825c, Max: 0x00025000, ABSOLUTE)

    Base Addr    Size         Type   Attr      Idx    E Section Name        Object

    0x0001b000   0x000000c0   Data   RO          802    RESET               arm_startup_nrf51.o
    0x0001b0c0   0x00000000   Code   RO         4592  * .ARM.Collect$$$$00000000  mc_p.l(entry.o)
    0x0001b0c0   0x00000004   Code   RO         4879    .ARM.Collect$$$$00000001  mc_p.l(entry2.o)
    0x0001b0c4   0x00000004   Code   RO         4882    .ARM.Collect$$$$00000004  mc_p.l(entry5.o)
    0x0001b0c8   0x00000000   Code   RO         4884    .ARM.Collect$$$$00000008  mc_p.l(entry7b.o)
    0x0001b0c8   0x00000000   Code   RO         4886    .ARM.Collect$$$$0000000A  mc_p.l(entry8b.o)
    0x0001b0c8   0x00000008   Code   RO         4887    .ARM.Collect$$$$0000000B  mc_p.l(entry9a.o)
    0x0001b0d0   0x00000000   Code   RO         4889    .ARM.Collect$$$$0000000D  mc_p.l(entry10a.o)
    0x0001b0d0   0x00000000   Code   RO         4891    .ARM.Collect$$$$0000000F  mc_p.l(entry11a.o)
    0x0001b0d0   0x00000004   Code   RO         4880    .ARM.Collect$$$$00002712  mc_p.l(entry2.o)
    0x0001b0d4   0x00000038   Code   RO          803    .text               arm_startup_nrf51.o
    0x0001b10c   0x0000002c   Code   RO         4595    .text               mc_p.l(uidiv.o)
    0x0001b138   0x00000024   Code   RO         4597    .text               mc_p.l(memcpya.o)
    0x0001b15c   0x00000024   Code   RO         4599    .text               mc_p.l(memseta.o)
    0x0001b180   0x0000001a   Code   RO         4603    .text               mc_p.l(memcmp.o)
    0x0001b19a   0x00000002   PAD
    0x0001b19c   0x00000024   Code   RO         4911    .text               mc_p.l(init.o)
    0x0001b1c0   0x00000000   Code   RO         4913    .text               mc_p.l(semi.o)
    0x0001b1c0   0x00000000   Code   RO         4918    .text               mc_p.l(iusesemip.o)
    0x0001b1c0   0x00000056   Code   RO         4927    .text               mc_p.l(__dczerorl2.o)
    0x0001b216   0x0000002a   Code   RO          511    i.GPIOEXP1_init     bandsensors.o
    0x0001b240   0x0000000c   Code   RO          512    i.GPIOEXP1_readPort0  bandsensors.o
    0x0001b24c   0x00000158   Code   RO         2805    i.GPIOTE_IRQHandler  nrf_drv_gpiote.o
    0x0001b3a4   0x00000018   Code   RO          514    i.LED_BT_on         bandsensors.o
    0x0001b3bc   0x0000001c   Code   RO          515    i.MUX_init          bandsensors.o
    0x0001b3d8   0x00000044   Code   RO         3540    i.NVIC_SetPriority  app_timer.o
    0x0001b41c   0x00000054   Code   RO         2618    i.POWER_CLOCK_IRQHandler  nrf_drv_clock.o
    0x0001b470   0x00000020   Code   RO         3541    i.RTC1_IRQHandler   app_timer.o
    0x0001b490   0x00000014   Code   RO         3190    i.SPI0_TWI0_IRQHandler  nrf_drv_twi.o
    0x0001b4a4   0x00000014   Code   RO         3191    i.SPI1_TWI1_IRQHandler  nrf_drv_twi.o
    0x0001b4b8   0x00000008   Code   RO         3542    i.SWI0_IRQHandler   app_timer.o
    0x0001b4c0   0x00000020   Code   RO         4464    i.SWI2_IRQHandler   softdevice_handler.o
    0x0001b4e0   0x000000a0   Code   RO          810    i.SystemInit        system_nrf51.o
    0x0001b580   0x00000014   Code   RO         3011    i.UART0_IRQHandler  nrf_drv_uart.o
    0x0001b594   0x00000014   Code   RO         4610    i.__0printf$bare    mc_p.l(printfb.o)
    0x0001b5a8   0x0000001a   Code   RO          116    i.__ARM_common_switch8  main.o
    0x0001b5c2   0x0000000e   Code   RO         4921    i.__scatterload_copy  mc_p.l(handlers.o)
    0x0001b5d0   0x00000002   Code   RO         4922    i.__scatterload_null  mc_p.l(handlers.o)
    0x0001b5d2   0x0000000e   Code   RO         4923    i.__scatterload_zeroinit  mc_p.l(handlers.o)
    0x0001b5e0   0x0000001c   Code   RO         4465    i.__sd_nvic_app_accessible_irq  softdevice_handler.o
    0x0001b5fc   0x0000001e   Code   RO         4617    i._printf_core      mc_p.l(printfb.o)
    0x0001b61a   0x00000028   Code   RO         1438    i.addr_compare      id_manager.o
    0x0001b642   0x0000018e   Code   RO          846    i.adv_data_encode   ble_advdata.o
    0x0001b7d0   0x00000068   Code   RO          919    i.adv_mode_next_avail_get  ble_advertising.o
    0x0001b838   0x0000003c   Code   RO          763    i.advertising_buttons_configure  bsp_btn_ble.o
    0x0001b874   0x0000004e   Code   RO         1440    i.ah                id_manager.o
    0x0001b8c2   0x00000002   PAD
    0x0001b8c4   0x00000018   Code   RO          648    i.alert_timer_handler  bsp.o
    0x0001b8dc   0x00000024   Code   RO         3352    i.app_button_enable  app_button.o
    0x0001b900   0x00000074   Code   RO         3353    i.app_button_init   app_button.o
    0x0001b974   0x0000001c   Code   RO         3445    i.app_error_fault_handler  app_error_weak.o
    0x0001b990   0x00000018   Code   RO         3413    i.app_error_handler_bare  app_error.o
    0x0001b9a8   0x00000016   Code   RO         3469    i.app_fifo_get      app_fifo.o
    0x0001b9be   0x00000024   Code   RO         3470    i.app_fifo_init     app_fifo.o
    0x0001b9e2   0x0000001a   Code   RO         3472    i.app_fifo_put      app_fifo.o
    0x0001b9fc   0x0000002c   Code   RO         3545    i.app_timer_create  app_timer.o
    0x0001ba28   0x000000a0   Code   RO         3546    i.app_timer_init    app_timer.o
    0x0001bac8   0x00000088   Code   RO         3547    i.app_timer_start   app_timer.o
    0x0001bb50   0x00000028   Code   RO         3548    i.app_timer_stop    app_timer.o
    0x0001bb78   0x000000b0   Code   RO         4249    i.app_uart_init     app_uart_fifo.o
    0x0001bc28   0x0000003c   Code   RO         3680    i.app_util_critical_region_enter  app_util_platform.o
    0x0001bc64   0x0000002c   Code   RO         3681    i.app_util_critical_region_exit  app_util_platform.o
    0x0001bc90   0x000000a0   Code   RO         2394    i.auth_status_success_process  security_dispatcher.o
    0x0001bd30   0x00000068   Code   RO          847    i.ble_advdata_set   ble_advdata.o
    0x0001bd98   0x0000015c   Code   RO          920    i.ble_advertising_init  ble_advertising.o
    0x0001bef4   0x00000058   Code   RO          921    i.ble_advertising_on_ble_evt  ble_advertising.o
    0x0001bf4c   0x00000030   Code   RO          922    i.ble_advertising_on_sys_evt  ble_advertising.o
    0x0001bf7c   0x0000003c   Code   RO          924    i.ble_advertising_restart_without_whitelist  ble_advertising.o
    0x0001bfb8   0x00000108   Code   RO          925    i.ble_advertising_start  ble_advertising.o
    0x0001c0c0   0x00000054   Code   RO         1001    i.ble_conn_params_init  ble_conn_params.o
    0x0001c114   0x00000090   Code   RO         1002    i.ble_conn_params_on_ble_evt  ble_conn_params.o
    0x0001c1a4   0x00000014   Code   RO         1067    i.ble_conn_state_conn_handles  ble_conn_state.o
    0x0001c1b8   0x00000014   Code   RO         1068    i.ble_conn_state_encrypted  ble_conn_state.o
    0x0001c1cc   0x00000014   Code   RO         1070    i.ble_conn_state_mitm_protected  ble_conn_state.o
    0x0001c1e0   0x000000f4   Code   RO         1074    i.ble_conn_state_on_ble_evt  ble_conn_state.o
    0x0001c2d4   0x00000034   Code   RO         1076    i.ble_conn_state_role  ble_conn_state.o
    0x0001c308   0x00000030   Code   RO         1078    i.ble_conn_state_user_flag_acquire  ble_conn_state.o
    0x0001c338   0x00000018   Code   RO         1079    i.ble_conn_state_user_flag_collection  ble_conn_state.o
    0x0001c350   0x00000024   Code   RO         1080    i.ble_conn_state_user_flag_get  ble_conn_state.o
    0x0001c374   0x00000028   Code   RO         1081    i.ble_conn_state_user_flag_set  ble_conn_state.o
    0x0001c39c   0x00000014   Code   RO          372    i.ble_cus_char2_init  our_service.o
    0x0001c3b0   0x00000014   Code   RO          373    i.ble_cus_char3_init  our_service.o
    0x0001c3c4   0x00000060   Code   RO          374    i.ble_cus_custom_value_update  our_service.o
    0x0001c424   0x00000074   Code   RO          375    i.ble_cus_on_ble_evt  our_service.o
    0x0001c498   0x0000005e   Code   RO          848    i.ble_device_addr_encode  ble_advdata.o
    0x0001c4f6   0x00000002   PAD
    0x0001c4f8   0x00000040   Code   RO            4    i.ble_evt_dispatch  main.o
    0x0001c538   0x0000000e   Code   RO         1196    i.ble_srv_is_notification_enabled  ble_srv_common.o
    0x0001c546   0x00000002   PAD
    0x0001c548   0x00000070   Code   RO            5    i.ble_stack_init    main.o
    0x0001c5b8   0x00000054   Code   RO          764    i.bsp_btn_ble_init  bsp_btn_ble.o
    0x0001c60c   0x00000078   Code   RO          765    i.bsp_btn_ble_on_ble_evt  bsp_btn_ble.o
    0x0001c684   0x00000014   Code   RO          766    i.bsp_btn_ble_sleep_mode_prepare  bsp_btn_ble.o
    0x0001c698   0x000000a0   Code   RO          649    i.bsp_button_event_handler  bsp.o
    0x0001c738   0x0000002c   Code   RO          650    i.bsp_button_is_pressed  bsp.o
    0x0001c764   0x00000044   Code   RO            6    i.bsp_event_handler  main.o
    0x0001c7a8   0x00000048   Code   RO          654    i.bsp_event_to_button_action_assign  bsp.o
    0x0001c7f0   0x0000001c   Code   RO          655    i.bsp_indication_set  bsp.o
    0x0001c80c   0x000000a0   Code   RO          657    i.bsp_init          bsp.o
    0x0001c8ac   0x000001f8   Code   RO          658    i.bsp_led_indication  bsp.o
    0x0001caa4   0x0000003c   Code   RO          659    i.bsp_wakeup_buttons_set  bsp.o
    0x0001cae0   0x0000000c   Code   RO          661    i.button_timer_handler  bsp.o
    0x0001caec   0x0000001c   Code   RO         2806    i.channel_free      nrf_drv_gpiote.o
    0x0001cb08   0x00000048   Code   RO         2807    i.channel_port_alloc  nrf_drv_gpiote.o
    0x0001cb50   0x00000010   Code   RO         2808    i.channel_port_get  nrf_drv_gpiote.o
    0x0001cb60   0x00000020   Code   RO         4044    i.check_config      fstorage.o
    0x0001cb80   0x00000018   Code   RO         3742    i.chunk_queue_next  fds.o
    0x0001cb98   0x0000003c   Code   RO         1969    i.claim             peer_id.o
    0x0001cbd4   0x00000028   Code   RO         2619    i.clock_clk_started_notify  nrf_drv_clock.o
    0x0001cbfc   0x000000a0   Code   RO         3550    i.compare_reg_update  app_timer.o
    0x0001cc9c   0x00000088   Code   RO          849    i.conn_int_encode   ble_advdata.o
    0x0001cd24   0x00000008   Code   RO            7    i.conn_params_error_handler  main.o
    0x0001cd2c   0x00000068   Code   RO         1004    i.conn_params_negotiation  ble_conn_params.o
    0x0001cd94   0x000000a8   Code   RO          376    i.custom_value_char_add  our_service.o
    0x0001ce3c   0x0000012c   Code   RO          377    i.custom_value_char_add2  our_service.o
    0x0001cf68   0x00000120   Code   RO          378    i.custom_value_char_add3  our_service.o
    0x0001d088   0x000000a4   Code   RO         3743    i.delete_execute    fds.o
    0x0001d12c   0x00000060   Code   RO         3355    i.detection_delay_timeout_handler  app_button.o
    0x0001d18c   0x00000040   Code   RO         3551    i.elapsed_ticks_acquire  app_timer.o
    0x0001d1cc   0x00000030   Code   RO         2395    i.encryption_failure  security_dispatcher.o
    0x0001d1fc   0x0000006a   Code   RO         3744    i.event_prepare     fds.o
    0x0001d266   0x00000002   PAD
    0x0001d268   0x00000020   Code   RO         3745    i.event_send        fds.o
    0x0001d288   0x00000032   Code   RO         2502    i.events_send_from_err_code  security_manager.o
    0x0001d2ba   0x00000002   PAD
    0x0001d2bc   0x0000000c   Code   RO         1249    i.evt_send          gatt_cache_manager.o
    0x0001d2c8   0x0000001c   Code   RO         1441    i.evt_send          id_manager.o
    0x0001d2e4   0x00000028   Code   RO         2055    i.evt_send          peer_manager.o
    0x0001d30c   0x0000001c   Code   RO         2396    i.evt_send          security_dispatcher.o
    0x0001d328   0x0000000c   Code   RO         2503    i.evt_send          security_manager.o
    0x0001d334   0x0000011c   Code   RO         1661    i.fds_evt_handler   peer_data_storage.o
    0x0001d450   0x0000004c   Code   RO         3747    i.fds_file_delete   fds.o
    0x0001d49c   0x00000048   Code   RO         3748    i.fds_gc            fds.o
    0x0001d4e4   0x0000008c   Code   RO         3749    i.fds_init          fds.o
    0x0001d570   0x0000000c   Code   RO            8    i.fds_init_timeout_handler  main.o
    0x0001d57c   0x00000040   Code   RO         3750    i.fds_record_close  fds.o
    0x0001d5bc   0x0000000e   Code   RO         3752    i.fds_record_find   fds.o
    0x0001d5ca   0x00000010   Code   RO         3753    i.fds_record_find_by_key  fds.o
    0x0001d5da   0x00000010   Code   RO         3754    i.fds_record_find_in_file  fds.o
    0x0001d5ea   0x00000014   Code   RO         3755    i.fds_record_id_from_desc  fds.o
    0x0001d5fe   0x00000002   PAD
    0x0001d600   0x00000044   Code   RO         3757    i.fds_record_open   fds.o
    0x0001d644   0x00000014   Code   RO         3758    i.fds_record_update  fds.o
    0x0001d658   0x0000000c   Code   RO         3759    i.fds_record_write  fds.o
    0x0001d664   0x00000012   Code   RO         3760    i.fds_record_write_reserved  fds.o
    0x0001d676   0x00000002   PAD
    0x0001d678   0x00000024   Code   RO         3761    i.fds_register      fds.o
    0x0001d69c   0x00000034   Code   RO         3762    i.fds_reserve       fds.o
    0x0001d6d0   0x00000048   Code   RO         3763    i.fds_reserve_cancel  fds.o
    0x0001d718   0x0000000c   Code   RO          379    i.fds_write_timeout_handler  our_service.o
    0x0001d724   0x00000014   Code   RO         3475    i.fifo_get          app_fifo.o
    0x0001d738   0x00000012   Code   RO         3476    i.fifo_put          app_fifo.o
    0x0001d74a   0x0000000a   Code   RO         1662    i.file_id_to_peer_id  peer_data_storage.o
    0x0001d754   0x00000018   Code   RO         1663    i.file_id_within_pm_range  peer_data_storage.o
    0x0001d76c   0x00000010   Code   RO         3765    i.flag_clear        fds.o
    0x0001d77c   0x00000012   Code   RO         2397    i.flag_id_init      security_dispatcher.o
    0x0001d78e   0x00000012   Code   RO         2504    i.flag_id_init      security_manager.o
    0x0001d7a0   0x00000010   Code   RO         3766    i.flag_set          fds.o
    0x0001d7b0   0x0000005c   Code   RO         2505    i.flags_set_from_err_code  security_manager.o
    0x0001d80c   0x00000002   Code   RO          380    i.flash_callback    our_service.o
    0x0001d80e   0x00000012   Code   RO         4893    i.fputc             mc_p.l(fputc.o)
    0x0001d820   0x0000007c   Code   RO         4045    i.fs_erase          fstorage.o
    0x0001d89c   0x0000000a   Code   RO         3767    i.fs_event_handler  fds.o
    0x0001d8a6   0x00000002   PAD
    0x0001d8a8   0x000000ac   Code   RO         4047    i.fs_init           fstorage.o
    0x0001d954   0x00000018   Code   RO         4048    i.fs_queued_op_count_get  fstorage.o
    0x0001d96c   0x00000084   Code   RO         4049    i.fs_store          fstorage.o
    0x0001d9f0   0x00000068   Code   RO         4050    i.fs_sys_event_handler  fstorage.o
    0x0001da58   0x00000068   Code   RO         3768    i.gc_execute        fds.o
    0x0001dac0   0x0000004c   Code   RO         3769    i.gc_next_page      fds.o
    0x0001db0c   0x0000004c   Code   RO         3770    i.gc_page_erase     fds.o
    0x0001db58   0x00000034   Code   RO         3771    i.gc_record_copy    fds.o
    0x0001db8c   0x00000020   Code   RO         3772    i.gc_record_find_next  fds.o
    0x0001dbac   0x00000080   Code   RO         3773    i.gc_state_advance  fds.o
    0x0001dc2c   0x000000f0   Code   RO         1250    i.gcm_ble_evt_handler  gatt_cache_manager.o
    0x0001dd1c   0x00000068   Code   RO         1251    i.gcm_gscm_evt_handler  gatt_cache_manager.o
    0x0001dd84   0x0000002c   Code   RO         1252    i.gcm_im_evt_handler  gatt_cache_manager.o
    0x0001ddb0   0x00000048   Code   RO         1253    i.gcm_init          gatt_cache_manager.o
    0x0001ddf8   0x0000004c   Code   RO         1254    i.gcm_local_database_has_changed  gatt_cache_manager.o
    0x0001de44   0x00000010   Code   RO         1257    i.gcm_smd_evt_handler  gatt_cache_manager.o
    0x0001de54   0x00000038   Code   RO         1442    i.get_connection_by_conn_handle  id_manager.o
    0x0001de8c   0x00000030   Code   RO         1443    i.get_free_connection  id_manager.o
    0x0001debc   0x00000054   Code   RO         3356    i.gpiote_event_handler  app_button.o
    0x0001df10   0x0000001c   Code   RO         1357    i.gscm_db_change_notification_done  gatts_cache_manager.o
    0x0001df2c   0x00000014   Code   RO         1358    i.gscm_init         gatts_cache_manager.o
    0x0001df40   0x0000001c   Code   RO         1359    i.gscm_local_database_has_changed  gatts_cache_manager.o
    0x0001df5c   0x0000006c   Code   RO         1360    i.gscm_local_db_cache_apply  gatts_cache_manager.o
    0x0001dfc8   0x00000084   Code   RO         1362    i.gscm_local_db_cache_update  gatts_cache_manager.o
    0x0001e04c   0x0000004c   Code   RO         1363    i.gscm_pdb_evt_handler  gatts_cache_manager.o
    0x0001e098   0x0000001c   Code   RO         1364    i.gscm_service_changed_ind_needed  gatts_cache_manager.o
    0x0001e0b4   0x0000002c   Code   RO         1365    i.gscm_service_changed_ind_send  gatts_cache_manager.o
    0x0001e0e0   0x0000001c   Code   RO         3774    i.header_is_valid   fds.o
    0x0001e0fc   0x00000040   Code   RO         1444    i.im_address_resolve  id_manager.o
    0x0001e13c   0x0000002c   Code   RO         1445    i.im_ble_addr_get   id_manager.o
    0x0001e168   0x000000a8   Code   RO         1446    i.im_ble_evt_handler  id_manager.o
    0x0001e210   0x0000002c   Code   RO         1447    i.im_conn_handle_get  id_manager.o
    0x0001e23c   0x00000048   Code   RO         1451    i.im_init           id_manager.o
    0x0001e284   0x00000038   Code   RO         1452    i.im_is_duplicate_bonding_data  id_manager.o
    0x0001e2bc   0x0000001c   Code   RO         1453    i.im_master_id_is_valid  id_manager.o
    0x0001e2d8   0x0000002c   Code   RO         1454    i.im_master_ids_compare  id_manager.o
    0x0001e304   0x00000008   Code   RO         1455    i.im_new_peer_id    id_manager.o
    0x0001e30c   0x0000006e   Code   RO         1456    i.im_pdb_evt_handler  id_manager.o
    0x0001e37a   0x00000002   PAD
    0x0001e37c   0x0000002c   Code   RO         1457    i.im_peer_free      id_manager.o
    0x0001e3a8   0x00000020   Code   RO         1458    i.im_peer_id_get_by_conn_handle  id_manager.o
    0x0001e3c8   0x00000044   Code   RO         1459    i.im_peer_id_get_by_master_id  id_manager.o
    0x0001e40c   0x000000c0   Code   RO         3775    i.init_execute      fds.o
    0x0001e4cc   0x00000080   Code   RO         4466    i.intern_softdevice_events_execute  softdevice_handler.o
    0x0001e54c   0x000000ac   Code   RO         3192    i.irq_handler_twi   nrf_drv_twi.o
    0x0001e5f8   0x0000001c   Code   RO         1005    i.is_conn_params_ok  ble_conn_params.o
    0x0001e614   0x00000048   Code   RO          811    i.is_manual_peripheral_setup_needed  system_nrf51.o
    0x0001e65c   0x00000016   Code   RO         1464    i.is_valid_irk      id_manager.o
    0x0001e672   0x0000000c   Code   RO         3776    i.is_word_aligned   fds.o
    0x0001e67e   0x00000002   PAD
    0x0001e680   0x00000018   Code   RO          662    i.leds_timer_handler  bsp.o
    0x0001e698   0x0000009c   Code   RO         2506    i.link_secure       security_manager.o
    0x0001e734   0x00000088   Code   RO         2398    i.link_secure_central  security_dispatcher.o
    0x0001e7bc   0x000000c8   Code   RO         2399    i.link_secure_central_existing_peer  security_dispatcher.o
    0x0001e884   0x00000074   Code   RO         2400    i.link_secure_central_new_peer  security_dispatcher.o
    0x0001e8f8   0x00000050   Code   RO         2401    i.link_secure_failure  security_dispatcher.o
    0x0001e948   0x0000005c   Code   RO         2507    i.link_secure_pending_process  security_manager.o
    0x0001e9a4   0x000000ac   Code   RO         3552    i.list_deletions_handler  app_timer.o
    0x0001ea50   0x000000bc   Code   RO         3553    i.list_insertions_handler  app_timer.o
    0x0001eb0c   0x00000078   Code   RO         1258    i.local_db_apply_in_evt  gatt_cache_manager.o
    0x0001eb84   0x00000078   Code   RO         1259    i.local_db_update_in_evt  gatt_cache_manager.o
    0x0001ebfc   0x00000034   Code   RO         2345    i.lock_by_mask      pm_mutex.o
    0x0001ec30   0x000001e8   Code   RO            9    i.main              main.o
    0x0001ee18   0x00000068   Code   RO          850    i.manuf_specific_data_encode  ble_advdata.o
    0x0001ee80   0x0000009e   Code   RO          851    i.name_encode       ble_advdata.o
    0x0001ef1e   0x00000002   PAD
    0x0001ef20   0x0000005c   Code   RO         1465    i.new_connection    id_manager.o
    0x0001ef7c   0x00000034   Code   RO         1970    i.next_id_get       peer_id.o
    0x0001efb0   0x00000010   Code   RO         2623    i.nrf_clock_event_check  nrf_drv_clock.o
    0x0001efc0   0x0000000c   Code   RO         2624    i.nrf_clock_event_clear  nrf_drv_clock.o
    0x0001efcc   0x00000030   Code   RO         3193    i.nrf_delay_us      nrf_drv_twi.o
    0x0001effc   0x00000030   Code   RO         3554    i.nrf_delay_us      app_timer.o
    0x0001f02c   0x0000003c   Code   RO         2632    i.nrf_drv_clock_init  nrf_drv_clock.o
    0x0001f068   0x00000034   Code   RO         2638    i.nrf_drv_clock_on_sd_enable  nrf_drv_clock.o
    0x0001f09c   0x0000000c   Code   RO         2639    i.nrf_drv_clock_on_soc_event  nrf_drv_clock.o
    0x0001f0a8   0x00000060   Code   RO         2779    i.nrf_drv_common_irq_enable  nrf_drv_common.o
    0x0001f108   0x00000098   Code   RO         2811    i.nrf_drv_gpiote_in_event_enable  nrf_drv_gpiote.o
    0x0001f1a0   0x0000009c   Code   RO         2812    i.nrf_drv_gpiote_in_init  nrf_drv_gpiote.o
    0x0001f23c   0x00000014   Code   RO         2813    i.nrf_drv_gpiote_in_is_set  nrf_drv_gpiote.o
    0x0001f250   0x0000005c   Code   RO         2815    i.nrf_drv_gpiote_init  nrf_drv_gpiote.o
    0x0001f2ac   0x00000010   Code   RO         2816    i.nrf_drv_gpiote_is_init  nrf_drv_gpiote.o
    0x0001f2bc   0x00000020   Code   RO         3196    i.nrf_drv_twi_enable  nrf_drv_twi.o
    0x0001f2dc   0x00000088   Code   RO         3197    i.nrf_drv_twi_init  nrf_drv_twi.o
    0x0001f364   0x00000024   Code   RO         3198    i.nrf_drv_twi_rx    nrf_drv_twi.o
    0x0001f388   0x00000024   Code   RO         3201    i.nrf_drv_twi_tx    nrf_drv_twi.o
    0x0001f3ac   0x00000028   Code   RO         3203    i.nrf_drv_twi_xfer  nrf_drv_twi.o
    0x0001f3d4   0x000000e0   Code   RO         3013    i.nrf_drv_uart_init  nrf_drv_uart.o
    0x0001f4b4   0x0000005c   Code   RO         3014    i.nrf_drv_uart_rx   nrf_drv_uart.o
    0x0001f510   0x0000002c   Code   RO         3017    i.nrf_drv_uart_rx_enable  nrf_drv_uart.o
    0x0001f53c   0x000000a8   Code   RO         3018    i.nrf_drv_uart_rx_for_uart  nrf_drv_uart.o
    0x0001f5e4   0x00000034   Code   RO         3019    i.nrf_drv_uart_tx   nrf_drv_uart.o
    0x0001f618   0x0000008c   Code   RO         3021    i.nrf_drv_uart_tx_for_uart  nrf_drv_uart.o
    0x0001f6a4   0x00000018   Code   RO         3022    i.nrf_drv_uart_tx_in_progress  nrf_drv_uart.o
    0x0001f6bc   0x00000024   Code   RO         2828    i.nrf_gpio_cfg      nrf_drv_gpiote.o
    0x0001f6e0   0x00000024   Code   RO         3024    i.nrf_gpio_cfg      nrf_drv_uart.o
    0x0001f704   0x00000012   Code   RO         3026    i.nrf_gpio_cfg_input  nrf_drv_uart.o
    0x0001f716   0x00000002   PAD
    0x0001f718   0x00000010   Code   RO          520    i.nrf_gpio_cfg_output  bandsensors.o
    0x0001f728   0x00000014   Code   RO         3027    i.nrf_gpio_cfg_output  nrf_drv_uart.o
    0x0001f73c   0x00000020   Code   RO         2830    i.nrf_gpio_cfg_sense_set  nrf_drv_gpiote.o
    0x0001f75c   0x00000010   Code   RO         3204    i.nrf_gpio_pin_set  nrf_drv_twi.o
    0x0001f76c   0x00000010   Code   RO         2831    i.nrf_gpiote_event_clear  nrf_drv_gpiote.o
    0x0001f77c   0x00000014   Code   RO         2832    i.nrf_gpiote_event_is_set  nrf_drv_gpiote.o
    0x0001f790   0x0000000c   Code   RO         3205    i.nrf_twi_errorsrc_get_and_clear  nrf_drv_twi.o
    0x0001f79c   0x0000000a   Code   RO         3206    i.nrf_twi_event_check  nrf_drv_twi.o
    0x0001f7a6   0x0000000c   Code   RO         3028    i.nrf_uart_errorsrc_get_and_clear  nrf_drv_uart.o
    0x0001f7b2   0x0000000a   Code   RO         3029    i.nrf_uart_event_check  nrf_drv_uart.o
    0x0001f7bc   0x0000000c   Code   RO         3030    i.nrf_uart_hwfc_pins_set  nrf_drv_uart.o
    0x0001f7c8   0x00000010   Code   RO         3031    i.nrf_uart_int_enable_check  nrf_drv_uart.o
    0x0001f7d8   0x0000000c   Code   RO         3032    i.nrf_uart_txrx_pins_set  nrf_drv_uart.o
    0x0001f7e4   0x00000020   Code   RO           10    i.on_adv_evt        main.o
    0x0001f804   0x000000a4   Code   RO           11    i.on_ble_evt        main.o
    0x0001f8a8   0x00000020   Code   RO           12    i.on_conn_params_evt  main.o
    0x0001f8c8   0x00000014   Code   RO           13    i.on_cus_evt        main.o
    0x0001f8dc   0x00000054   Code   RO         4051    i.on_operation_success  fstorage.o
    0x0001f930   0x00000078   Code   RO         3777    i.op_enqueue        fds.o
    0x0001f9a8   0x0000007c   Code   RO          381    i.our_service_init  our_service.o
    0x0001fa24   0x00000070   Code   RO          382    i.our_service_init2  our_service.o
    0x0001fa94   0x00000070   Code   RO          383    i.our_service_init3  our_service.o
    0x0001fb04   0x00000070   Code   RO          384    i.our_service_init4  our_service.o
    0x0001fb74   0x00000070   Code   RO          385    i.our_service_init5  our_service.o
    0x0001fbe4   0x00000070   Code   RO          386    i.our_service_init6  our_service.o
    0x0001fc54   0x00000070   Code   RO          387    i.our_service_init7  our_service.o
    0x0001fcc4   0x0000006c   Code   RO          388    i.our_service_init8  our_service.o
    0x0001fd30   0x00000012   Code   RO         3778    i.page_offsets_update  fds.o
    0x0001fd42   0x00000002   PAD
    0x0001fd44   0x00000058   Code   RO         3779    i.page_scan         fds.o
    0x0001fd9c   0x0000001c   Code   RO         3780    i.page_tag_write_data  fds.o
    0x0001fdb8   0x00000024   Code   RO         3781    i.page_tag_write_swap  fds.o
    0x0001fddc   0x000000f0   Code   RO         3782    i.pages_init        fds.o
    0x0001fecc   0x00000070   Code   RO         2402    i.pairing_failure   security_dispatcher.o
    0x0001ff3c   0x0000003c   Code   RO         2508    i.params_reply_pending_process  security_manager.o
    0x0001ff78   0x0000001c   Code   RO         1816    i.pdb_evt_send      peer_database.o
    0x0001ff94   0x0000004c   Code   RO         1817    i.pdb_init          peer_database.o
    0x0001ffe0   0x00000008   Code   RO         1819    i.pdb_next_deleted_peer_id_get  peer_database.o
    0x0001ffe8   0x00000008   Code   RO         1820    i.pdb_next_peer_id_get  peer_database.o
    0x0001fff0   0x00000134   Code   RO         1821    i.pdb_pds_evt_handler  peer_database.o
    0x00020124   0x00000008   Code   RO         1822    i.pdb_peer_allocate  peer_database.o
    0x0002012c   0x00000010   Code   RO         1823    i.pdb_peer_data_load  peer_database.o
    0x0002013c   0x0000000a   Code   RO         1824    i.pdb_peer_data_ptr_get  peer_database.o
    0x00020146   0x0000004a   Code   RO         1825    i.pdb_peer_free     peer_database.o
    0x00020190   0x0000000c   Code   RO         1826    i.pdb_raw_store     peer_database.o
    0x0002019c   0x00000108   Code   RO         1827    i.pdb_write_buf_get  peer_database.o
    0x000202a4   0x0000002a   Code   RO         1828    i.pdb_write_buf_release  peer_database.o
    0x000202ce   0x00000002   PAD
    0x000202d0   0x000000c8   Code   RO         1829    i.pdb_write_buf_store  peer_database.o
    0x00020398   0x00000068   Code   RO         1830    i.pdb_write_buf_store_prepare  peer_database.o
    0x00020400   0x0000000c   Code   RO         1664    i.pds_evt_send      peer_data_storage.o
    0x0002040c   0x00000070   Code   RO         1665    i.pds_init          peer_data_storage.o
    0x0002047c   0x00000008   Code   RO         1666    i.pds_next_deleted_peer_id_get  peer_data_storage.o
    0x00020484   0x00000008   Code   RO         1667    i.pds_next_peer_id_get  peer_data_storage.o
    0x0002048c   0x00000054   Code   RO         1670    i.pds_peer_data_iterate  peer_data_storage.o
    0x000204e0   0x00000010   Code   RO         1671    i.pds_peer_data_iterate_prepare  peer_data_storage.o
    0x000204f0   0x00000070   Code   RO         1672    i.pds_peer_data_read  peer_data_storage.o
    0x00020560   0x000000aa   Code   RO         1673    i.pds_peer_data_store  peer_data_storage.o
    0x0002060a   0x00000002   PAD
    0x0002060c   0x00000010   Code   RO         1674    i.pds_peer_id_allocate  peer_data_storage.o
    0x0002061c   0x00000016   Code   RO         1675    i.pds_peer_id_free  peer_data_storage.o
    0x00020632   0x00000008   Code   RO         1676    i.pds_peer_id_is_allocated  peer_data_storage.o
    0x0002063a   0x00000030   Code   RO         1677    i.pds_space_reserve  peer_data_storage.o
    0x0002066a   0x00000010   Code   RO         1678    i.pds_space_reserve_cancel  peer_data_storage.o
    0x0002067a   0x0000000a   Code   RO         1831    i.peer_data_const_point_to_buffer  peer_database.o
    0x00020684   0x00000080   Code   RO         1679    i.peer_data_delete  peer_data_storage.o
    0x00020704   0x00000030   Code   RO         1680    i.peer_data_find    peer_data_storage.o
    0x00020734   0x00000020   Code   RO         1681    i.peer_data_id_is_valid  peer_data_storage.o
    0x00020754   0x00000014   Code   RO         1832    i.peer_data_point_to_buffer  peer_database.o
    0x00020768   0x00000010   Code   RO         1971    i.peer_id_allocate  peer_id.o
    0x00020778   0x00000028   Code   RO         1972    i.peer_id_delete    peer_id.o
    0x000207a0   0x0000001c   Code   RO         1973    i.peer_id_free      peer_id.o
    0x000207bc   0x00000010   Code   RO         1974    i.peer_id_get_next_deleted  peer_id.o
    0x000207cc   0x00000034   Code   RO         1975    i.peer_id_get_next_used  peer_id.o
    0x00020800   0x00000028   Code   RO         1976    i.peer_id_init      peer_id.o
    0x00020828   0x00000018   Code   RO         1977    i.peer_id_is_allocated  peer_id.o
    0x00020840   0x00000018   Code   RO         1978    i.peer_id_is_deleted  peer_id.o
    0x00020858   0x0000001c   Code   RO         1466    i.peer_id_set       id_manager.o
    0x00020874   0x0000000a   Code   RO         1682    i.peer_id_to_file_id  peer_data_storage.o
    0x0002087e   0x00000002   PAD
    0x00020880   0x00000078   Code   RO           14    i.peer_manager_init  main.o
    0x000208f8   0x00000014   Code   RO         2833    i.pin_in_use_by_gpiote  nrf_drv_gpiote.o
    0x0002090c   0x00000018   Code   RO         2834    i.pin_in_use_by_port  nrf_drv_gpiote.o
    0x00020924   0x00000018   Code   RO         2835    i.pin_in_use_by_te  nrf_drv_gpiote.o
    0x0002093c   0x0000005e   Code   RO         2313    i.pm_buffer_block_acquire  pm_buffer.o
    0x0002099a   0x00000044   Code   RO         2314    i.pm_buffer_init    pm_buffer.o
    0x000209de   0x0000002e   Code   RO         2315    i.pm_buffer_ptr_get  pm_buffer.o
    0x00020a0c   0x0000002a   Code   RO         2316    i.pm_buffer_release  pm_buffer.o
    0x00020a36   0x00000008   Code   RO         2057    i.pm_conn_sec_config_reply  peer_manager.o
    0x00020a3e   0x00000002   PAD
    0x00020a40   0x00000018   Code   RO         2059    i.pm_conn_secure    peer_manager.o
    0x00020a58   0x0000007c   Code   RO           15    i.pm_evt_handler    main.o
    0x00020ad4   0x00000080   Code   RO         2061    i.pm_gcm_evt_handler  peer_manager.o
    0x00020b54   0x00000050   Code   RO         2064    i.pm_im_evt_handler  peer_manager.o
    0x00020ba4   0x00000070   Code   RO         2065    i.pm_init           peer_manager.o
    0x00020c14   0x00000014   Code   RO         2067    i.pm_local_database_has_changed  peer_manager.o
    0x00020c28   0x00000010   Code   RO         2346    i.pm_mutex_init     pm_mutex.o
    0x00020c38   0x0000001c   Code   RO         2347    i.pm_mutex_lock     pm_mutex.o
    0x00020c54   0x00000034   Code   RO         2348    i.pm_mutex_lock_first_available  pm_mutex.o
    0x00020c88   0x00000018   Code   RO         2349    i.pm_mutex_lock_status_get  pm_mutex.o
    0x00020ca0   0x00000036   Code   RO         2350    i.pm_mutex_unlock   pm_mutex.o
    0x00020cd6   0x00000002   PAD
    0x00020cd8   0x00000024   Code   RO         2069    i.pm_on_ble_evt     peer_manager.o
    0x00020cfc   0x0000013c   Code   RO         2070    i.pm_pdb_evt_handler  peer_manager.o
    0x00020e38   0x00000018   Code   RO         2081    i.pm_peer_delete    peer_manager.o
    0x00020e50   0x000000c0   Code   RO         2084    i.pm_peer_rank_highest  peer_manager.o
    0x00020f10   0x000000b0   Code   RO         2085    i.pm_peer_ranks_get  peer_manager.o
    0x00020fc0   0x0000003c   Code   RO         2086    i.pm_peers_delete   peer_manager.o
    0x00020ffc   0x00000030   Code   RO         2089    i.pm_register       peer_manager.o
    0x0002102c   0x00000018   Code   RO         2091    i.pm_sec_params_set  peer_manager.o
    0x00021044   0x0000014c   Code   RO         2092    i.pm_sm_evt_handler  peer_manager.o
    0x00021190   0x0000000e   Code   RO           16    i.power_manage      main.o
    0x0002119e   0x0000000e   Code   RO          389    i.power_manage      our_service.o
    0x000211ac   0x0000002c   Code   RO         4052    i.queue_advance     fstorage.o
    0x000211d8   0x00000038   Code   RO         4053    i.queue_get_next_free  fstorage.o
    0x00021210   0x000000b8   Code   RO         3783    i.queue_process     fds.o
    0x000212c8   0x0000006c   Code   RO         4054    i.queue_process     fstorage.o
    0x00021334   0x0000001c   Code   RO         3784    i.queue_start       fds.o
    0x00021350   0x0000001c   Code   RO         4055    i.queue_start       fstorage.o
    0x0002136c   0x00000030   Code   RO          524    i.readi2cOneByte    bandsensors.o
    0x0002139c   0x00000084   Code   RO         3785    i.record_find       fds.o
    0x00021420   0x000000a0   Code   RO         3786    i.record_find_by_desc  fds.o
    0x000214c0   0x00000054   Code   RO         3787    i.record_find_next  fds.o
    0x00021514   0x00000024   Code   RO         3788    i.record_header_flag_dirty  fds.o
    0x00021538   0x0000000a   Code   RO         1683    i.record_key_to_peer_data_id  peer_data_storage.o
    0x00021542   0x00000002   PAD
    0x00021544   0x00000018   Code   RO         1684    i.record_key_within_pm_range  peer_data_storage.o
    0x0002155c   0x0000005c   Code   RO         3789    i.record_write_chunk  fds.o
    0x000215b8   0x00000012   Code   RO         1980    i.release           peer_id.o
    0x000215ca   0x00000026   Code   RO         3033    i.rx_byte           nrf_drv_uart.o
    0x000215f0   0x00000014   Code   RO         3034    i.rx_done_event     nrf_drv_uart.o
    0x00021604   0x0000001a   Code   RO         3035    i.rx_enable         nrf_drv_uart.o
    0x0002161e   0x00000002   PAD
    0x00021620   0x00000084   Code   RO         4468    i.sd_nvic_EnableIRQ  softdevice_handler.o
    0x000216a4   0x00000046   Code   RO         4162    i.sdk_mapped_flags_bulk_update_by_key  sdk_mapped_flags.o
    0x000216ea   0x00000002   PAD
    0x000216ec   0x00000028   Code   RO         4163    i.sdk_mapped_flags_first_key_index_get  sdk_mapped_flags.o
    0x00021714   0x00000010   Code   RO         4164    i.sdk_mapped_flags_get_by_index  sdk_mapped_flags.o
    0x00021724   0x00000026   Code   RO         4165    i.sdk_mapped_flags_get_by_key  sdk_mapped_flags.o
    0x0002174a   0x00000046   Code   RO         4166    i.sdk_mapped_flags_key_list_get  sdk_mapped_flags.o
    0x00021790   0x0000000e   Code   RO         4168    i.sdk_mapped_flags_update_by_key  sdk_mapped_flags.o
    0x0002179e   0x00000002   PAD
    0x000217a0   0x000000b4   Code   RO         2403    i.sec_info_request_process  security_dispatcher.o
    0x00021854   0x00000076   Code   RO         2509    i.sec_params_verify  security_manager.o
    0x000218ca   0x00000002   PAD
    0x000218cc   0x0000004c   Code   RO         2404    i.sec_proc_start    security_dispatcher.o
    0x00021918   0x00000020   Code   RO         2405    i.sec_start_send    security_dispatcher.o
    0x00021938   0x00000048   Code   RO         4056    i.send_event        fstorage.o
    0x00021980   0x00000064   Code   RO           17    i.sensors_init      main.o
    0x000219e4   0x00000058   Code   RO         1260    i.service_changed_pending_flags_check  gatt_cache_manager.o
    0x00021a3c   0x00000044   Code   RO         1366    i.service_changed_pending_set  gatts_cache_manager.o
    0x00021a80   0x00000098   Code   RO         1261    i.service_changed_send_in_evt  gatt_cache_manager.o
    0x00021b18   0x0000008e   Code   RO          852    i.service_data_encode  ble_advdata.o
    0x00021ba6   0x00000002   PAD
    0x00021ba8   0x00000188   Code   RO           18    i.services_init     main.o
    0x00021d30   0x00000058   Code   RO          927    i.set_adv_mode_fast  ble_advertising.o
    0x00021d88   0x00000054   Code   RO          928    i.set_adv_mode_slow  ble_advertising.o
    0x00021ddc   0x00000028   Code   RO           19    i.sleep_mode_enter  main.o
    0x00021e04   0x00000014   Code   RO         2510    i.sm_ble_evt_handler  security_manager.o
    0x00021e18   0x0000001c   Code   RO         2511    i.sm_conn_sec_config_reply  security_manager.o
    0x00021e34   0x00000050   Code   RO         2512    i.sm_init           security_manager.o
    0x00021e84   0x0000000e   Code   RO         2514    i.sm_link_secure    security_manager.o
    0x00021e92   0x00000002   PAD
    0x00021e94   0x00000034   Code   RO         2515    i.sm_pdb_evt_handler  security_manager.o
    0x00021ec8   0x00000030   Code   RO         2517    i.sm_sec_params_set  security_manager.o
    0x00021ef8   0x0000007c   Code   RO         2518    i.sm_smd_evt_handler  security_manager.o
    0x00021f74   0x000000e4   Code   RO         2406    i.smd_ble_evt_handler  security_dispatcher.o
    0x00022058   0x0000003c   Code   RO         2407    i.smd_init          security_dispatcher.o
    0x00022094   0x00000030   Code   RO         2408    i.smd_link_secure   security_dispatcher.o
    0x000220c4   0x00000110   Code   RO         2409    i.smd_params_reply  security_dispatcher.o
    0x000221d4   0x00000088   Code   RO         2519    i.smd_params_reply_perform  security_manager.o
    0x0002225c   0x00000034   Code   RO         2410    i.smd_pdb_evt_handler  security_dispatcher.o
    0x00022290   0x00000014   Code   RO         4469    i.softdevice_ble_evt_handler_set  softdevice_handler.o
    0x000222a4   0x00000014   Code   RO         4470    i.softdevice_enable  softdevice_handler.o
    0x000222b8   0x00000028   Code   RO         4471    i.softdevice_enable_get_default_config  softdevice_handler.o
    0x000222e0   0x00000008   Code   RO         4472    i.softdevice_fault_handler  softdevice_handler.o
    0x000222e8   0x00000058   Code   RO         4473    i.softdevice_handler_init  softdevice_handler.o
    0x00022340   0x0000000c   Code   RO         4474    i.softdevice_handler_is_enabled  softdevice_handler.o
    0x0002234c   0x00000014   Code   RO         4479    i.softdevice_sys_evt_handler_set  softdevice_handler.o
    0x00022360   0x00000010   Code   RO           20    i.sys_evt_dispatch  main.o
    0x00022370   0x00000084   Code   RO         3555    i.timer_list_handler  app_timer.o
    0x000223f4   0x00000010   Code   RO         3556    i.timer_list_handler_sched  app_timer.o
    0x00022404   0x00000040   Code   RO         3557    i.timer_list_insert  app_timer.o
    0x00022444   0x00000048   Code   RO         3558    i.timer_stop_op_schedule  app_timer.o
    0x0002248c   0x00000028   Code   RO           21    i.timer_timeout_handler  main.o
    0x000224b4   0x00000080   Code   RO         3559    i.timer_timeouts_check  app_timer.o
    0x00022534   0x00000098   Code   RO         3207    i.twi_clear_bus     nrf_drv_twi.o
    0x000225cc   0x0000002c   Code   RO          526    i.twi_init          bandsensors.o
    0x000225f8   0x00000020   Code   RO         3208    i.twi_process_error  nrf_drv_twi.o
    0x00022618   0x0000009c   Code   RO         3209    i.twi_rx_start_transfer  nrf_drv_twi.o
    0x000226b4   0x0000002e   Code   RO         3210    i.twi_send_byte     nrf_drv_twi.o
    0x000226e2   0x00000108   Code   RO         3211    i.twi_transfer      nrf_drv_twi.o
    0x000227ea   0x00000002   PAD
    0x000227ec   0x00000098   Code   RO         3212    i.twi_tx_start_transfer  nrf_drv_twi.o
    0x00022884   0x0000008c   Code   RO         3213    i.twi_xfer          nrf_drv_twi.o
    0x00022910   0x0000001e   Code   RO         3036    i.tx_byte           nrf_drv_uart.o
    0x0002292e   0x00000018   Code   RO         3037    i.tx_done_event     nrf_drv_uart.o
    0x00022946   0x00000014   Code   RO          527    i.uart_error_handle  bandsensors.o
    0x0002295a   0x00000002   PAD
    0x0002295c   0x000000b0   Code   RO         4251    i.uart_event_handler  app_uart_fifo.o
    0x00022a0c   0x00000124   Code   RO         3038    i.uart_irq_handler  nrf_drv_uart.o
    0x00022b30   0x0000000a   Code   RO          853    i.uint16_encode     ble_advdata.o
    0x00022b3a   0x00000002   PAD
    0x00022b3c   0x00000064   Code   RO         1006    i.update_timeout_handler  ble_conn_params.o
    0x00022ba0   0x00000018   Code   RO         1083    i.user_flag_is_acquired  ble_conn_state.o
    0x00022bb8   0x0000002c   Code   RO         3560    i.user_op_alloc     app_timer.o
    0x00022be4   0x00000030   Code   RO          854    i.uuid_list_encode  ble_advdata.o
    0x00022c14   0x000000ae   Code   RO          855    i.uuid_list_sized_encode  ble_advdata.o
    0x00022cc2   0x00000002   PAD
    0x00022cc4   0x00000018   Code   RO          929    i.whitelist_has_entries  ble_advertising.o
    0x00022cdc   0x00000024   Code   RO         1833    i.write_buf_length_words_set  peer_database.o
    0x00022d00   0x00000024   Code   RO         1834    i.write_buffer_record_find  peer_database.o
    0x00022d24   0x00000028   Code   RO         1835    i.write_buffer_record_find_next  peer_database.o
    0x00022d4c   0x00000022   Code   RO         1836    i.write_buffer_record_invalidate  peer_database.o
    0x00022d6e   0x00000002   PAD
    0x00022d70   0x00000028   Code   RO         1837    i.write_buffer_record_release  peer_database.o
    0x00022d98   0x00000118   Code   RO         3790    i.write_enqueue     fds.o
    0x00022eb0   0x000000ec   Code   RO         3791    i.write_execute     fds.o
    0x00022f9c   0x00000014   Code   RO         3792    i.write_space_free  fds.o
    0x00022fb0   0x0000004c   Code   RO         3793    i.write_space_reserve  fds.o
    0x00022ffc   0x00000020   Code   RO          528    i.writei2c          bandsensors.o
    0x0002301c   0x0000001c   Code   RO          529    i.writei2cOneByte   bandsensors.o
    0x00023038   0x00000024   Data   RO           25    .constdata          main.o
    0x0002305c   0x00000090   Data   RO          391    .constdata          our_service.o
    0x000230ec   0x00000008   Data   RO          392    .constdata          our_service.o
    0x000230f4   0x00000030   Data   RO          531    .constdata          bandsensors.o
    0x00023124   0x0000003c   Data   RO          667    .constdata          bsp.o
    0x00023160   0x00000004   Data   RO         1009    .constdata          ble_conn_params.o
    0x00023164   0x00000004   Data   RO         1367    .constdata          gatts_cache_manager.o
    0x00023168   0x00000010   Data   RO         1368    .constdata          gatts_cache_manager.o
    0x00023178   0x00000004   Data   RO         1369    .constdata          gatts_cache_manager.o
    0x0002317c   0x00000008   Data   RO         1469    .constdata          id_manager.o
    0x00023184   0x00000004   Data   RO         1685    .constdata          peer_data_storage.o
    0x00023188   0x00000014   Data   RO         1839    .constdata          peer_database.o
    0x0002319c   0x00000010   Data   RO         2096    .constdata          peer_manager.o
    0x000231ac   0x00000044   Data   RO         2412    .constdata          security_dispatcher.o
    0x000231f0   0x00000004   Data   RO         2520    .constdata          security_manager.o
    0x000231f4   0x0000000c   Data   RO         3215    .constdata          nrf_drv_twi.o
    0x00023200   0x00000008   Data   RO         3358    .constdata          app_button.o
    0x00023208   0x00000014   Data   RO         3795    .constdata          fds.o
    0x0002321c   0x00000020   Data   RO         4253    .constdata          app_uart_fifo.o
    0x0002323c   0x00000020   Data   RO         4919    Region$$Table       anon$$obj.o


    Execution Region RW_IRAM1 (Base: 0x20001fe8, Size: 0x00001710, Max: 0x00006018, ABSOLUTE, COMPRESSED[0x00000050])

    Base Addr    Size         Type   Attr      Idx    E Section Name        Object

    0x20001fe8   0x00000026   Data   RW           26    .data               main.o
    0x2000200e   0x00000003   Data   RW          393    .data               our_service.o
    0x20002011   0x00000003   PAD
    0x20002014   0x00000001   Data   RW          394    .data               our_service.o
    0x20002015   0x00000003   PAD
    0x20002018   0x00000018   Data   RW          668    .data               bsp.o
    0x20002030   0x00000008   Data   RW          767    .data               bsp_btn_ble.o
    0x20002038   0x00000004   Data   RW          812    .data               system_nrf51.o
    0x2000203c   0x00000030   Data   RW          933    .data               ble_advertising.o
    0x2000206c   0x00000014   Data   RW         1010    .data               ble_conn_params.o
    0x20002080   0x0000000c   Data   RW         1262    .data               gatt_cache_manager.o
    0x2000208c   0x0000000c   Data   RW         1370    .data               gatts_cache_manager.o
    0x20002098   0x0000000a   Data   RW         1470    .data               id_manager.o
    0x200020a2   0x00000002   PAD
    0x200020a4   0x0000000c   Data   RW         1686    .data               peer_data_storage.o
    0x200020b0   0x00000008   Data   RW         1840    .data               peer_database.o
    0x200020b8   0x00000010   Data   RW         2097    .data               peer_manager.o
    0x200020c8   0x00000004   Data   RW         2413    .data               security_dispatcher.o
    0x200020cc   0x00000015   Data   RW         2521    .data               security_manager.o
    0x200020e1   0x00000003   PAD
    0x200020e4   0x00000014   Data   RW         3359    .data               app_button.o
    0x200020f8   0x00000020   Data   RW         3561    .data               app_timer.o
    0x20002118   0x0000000c   Data   RW         3684    .data               app_util_platform.o
    0x20002124   0x00000018   Data   RW         3796    .data               fds.o
    0x2000213c   0x00000002   Data   RW         4058    .data               fstorage.o
    0x2000213e   0x00000002   PAD
    0x20002140   0x00000010   Data   RW         4254    .data               app_uart_fifo.o
    0x20002150   0x00000014   Data   RW         4480    .data               softdevice_handler.o
    0x20002164   0x00000004   Data   RW         4895    .data               mc_p.l(stdout.o)
    0x20002168   0x00000010   Data   RW         3797    fs_data             fds.o
    0x20002178   0x00000020   Zero   RW           22    .bss                main.o
    0x20002198   0x00000020   Zero   RW           23    .bss                main.o
    0x200021b8   0x000003e0   Zero   RW           24    .bss                main.o
    0x20002598   0x00000020   Zero   RW          390    .bss                our_service.o
    0x200025b8   0x00000020   Zero   RW          663    .bss                bsp.o
    0x200025d8   0x00000020   Zero   RW          664    .bss                bsp.o
    0x200025f8   0x0000000c   Zero   RW          665    .bss                bsp.o
    0x20002604   0x00000020   Zero   RW          666    .bss                bsp.o
    0x20002624   0x00000167   Zero   RW          930    .bss                ble_advertising.o
    0x2000278b   0x00000001   PAD
    0x2000278c   0x00000020   Zero   RW          931    .bss                ble_advertising.o
    0x200027ac   0x00000020   Zero   RW          932    .bss                ble_advertising.o
    0x200027cc   0x00000020   Zero   RW         1007    .bss                ble_conn_params.o
    0x200027ec   0x0000001c   Zero   RW         1008    .bss                ble_conn_params.o
    0x20002808   0x00000034   Zero   RW         1084    .bss                ble_conn_state.o
    0x2000283c   0x00000070   Zero   RW         1468    .bss                id_manager.o
    0x200028ac   0x00000330   Zero   RW         1838    .bss                peer_database.o
    0x20002bdc   0x00000040   Zero   RW         1981    .bss                peer_id.o
    0x20002c1c   0x0000000c   Zero   RW         2095    .bss                peer_manager.o
    0x20002c28   0x00000040   Zero   RW         2411    .bss                security_dispatcher.o
    0x20002c68   0x00000014   Zero   RW         2641    .bss                nrf_drv_clock.o
    0x20002c7c   0x00000048   Zero   RW         2836    .bss                nrf_drv_gpiote.o
    0x20002cc4   0x0000001c   Zero   RW         3039    .bss                nrf_drv_uart.o
    0x20002ce0   0x00000050   Zero   RW         3214    .bss                nrf_drv_twi.o
    0x20002d30   0x00000020   Zero   RW         3357    .bss                app_button.o
    0x20002d50   0x0000011c   Zero   RW         3794    .bss                fds.o
    0x20002e6c   0x00000068   Zero   RW         4057    .bss                fstorage.o
    0x20002ed4   0x00000020   Zero   RW         4252    .bss                app_uart_fifo.o
    0x20002ef4   0x00000004   PAD
    0x20002ef8   0x00000800   Zero   RW          800    STACK               arm_startup_nrf51.o

