ARM Linker, 5.03 [Build 76] [MDK-ARM Lite]

==============================================================================

Section Cross References

    main.o(i.assert_nrf_callback) refers to app_error.o(i.app_error_handler) for app_error_handler
    main.o(i.ble_evt_dispatch) refers to ble_conn_state.o(i.ble_conn_state_on_ble_evt) for ble_conn_state_on_ble_evt
    main.o(i.ble_evt_dispatch) refers to peer_manager.o(i.pm_on_ble_evt) for pm_on_ble_evt
    main.o(i.ble_evt_dispatch) refers to ble_conn_params.o(i.ble_conn_params_on_ble_evt) for ble_conn_params_on_ble_evt
    main.o(i.ble_evt_dispatch) refers to bsp_btn_ble.o(i.bsp_btn_ble_on_ble_evt) for bsp_btn_ble_on_ble_evt
    main.o(i.ble_evt_dispatch) refers to main.o(i.on_ble_evt) for on_ble_evt
    main.o(i.ble_evt_dispatch) refers to ble_advertising.o(i.ble_advertising_on_ble_evt) for ble_advertising_on_ble_evt
    main.o(i.ble_stack_init) refers to softdevice_handler.o(i.softdevice_handler_init) for softdevice_handler_init
    main.o(i.ble_stack_init) refers to app_error.o(i.app_error_handler_bare) for app_error_handler_bare
    main.o(i.ble_stack_init) refers to softdevice_handler.o(i.softdevice_enable_get_default_config) for softdevice_enable_get_default_config
    main.o(i.ble_stack_init) refers to softdevice_handler.o(i.softdevice_enable) for softdevice_enable
    main.o(i.ble_stack_init) refers to softdevice_handler.o(i.softdevice_ble_evt_handler_set) for softdevice_ble_evt_handler_set
    main.o(i.ble_stack_init) refers to softdevice_handler.o(i.softdevice_sys_evt_handler_set) for softdevice_sys_evt_handler_set
    main.o(i.ble_stack_init) refers to main.o(.constdata) for .constdata
    main.o(i.ble_stack_init) refers to main.o(.bss) for .bss
    main.o(i.ble_stack_init) refers to main.o(i.ble_evt_dispatch) for ble_evt_dispatch
    main.o(i.ble_stack_init) refers to main.o(i.sys_evt_dispatch) for sys_evt_dispatch
    main.o(i.bsp_event_handler) refers to main.o(i.sleep_mode_enter) for sleep_mode_enter
    main.o(i.bsp_event_handler) refers to app_error.o(i.app_error_handler_bare) for app_error_handler_bare
    main.o(i.bsp_event_handler) refers to ble_advertising.o(i.ble_advertising_restart_without_whitelist) for ble_advertising_restart_without_whitelist
    main.o(i.bsp_event_handler) refers to main.o(.data) for .data
    main.o(i.conn_params_error_handler) refers to app_error.o(i.app_error_handler_bare) for app_error_handler_bare
    main.o(i.main) refers to app_timer.o(i.app_timer_init) for app_timer_init
    main.o(i.main) refers to app_error.o(i.app_error_handler_bare) for app_error_handler_bare
    main.o(i.main) refers to app_timer.o(i.app_timer_create) for app_timer_create
    main.o(i.main) refers to app_timer.o(i.app_timer_start) for app_timer_start
    main.o(i.main) refers to bsp.o(i.bsp_init) for bsp_init
    main.o(i.main) refers to bsp_btn_ble.o(i.bsp_btn_ble_init) for bsp_btn_ble_init
    main.o(i.main) refers to main.o(i.ble_stack_init) for ble_stack_init
    main.o(i.main) refers to main.o(i.peer_manager_init) for peer_manager_init
    main.o(i.main) refers to our_service.o(i.our_service_init) for our_service_init
    main.o(i.main) refers to memseta.o(.text) for __aeabi_memclr4
    main.o(i.main) refers to ble_advertising.o(i.ble_advertising_init) for ble_advertising_init
    main.o(i.main) refers to ble_conn_params.o(i.ble_conn_params_init) for ble_conn_params_init
    main.o(i.main) refers to ble_advertising.o(i.ble_advertising_start) for ble_advertising_start
    main.o(i.main) refers to main.o(.bss) for .bss
    main.o(i.main) refers to main.o(i.timer_timeout_handler) for timer_timeout_handler
    main.o(i.main) refers to main.o(.constdata) for .constdata
    main.o(i.main) refers to main.o(i.bsp_event_handler) for bsp_event_handler
    main.o(i.main) refers to main.o(i.on_cus_evt) for on_cus_evt
    main.o(i.main) refers to main.o(.data) for .data
    main.o(i.main) refers to main.o(i.on_adv_evt) for on_adv_evt
    main.o(i.main) refers to main.o(i.on_conn_params_evt) for on_conn_params_evt
    main.o(i.main) refers to main.o(i.conn_params_error_handler) for conn_params_error_handler
    main.o(i.on_adv_evt) refers to bsp.o(i.bsp_indication_set) for bsp_indication_set
    main.o(i.on_adv_evt) refers to app_error.o(i.app_error_handler_bare) for app_error_handler_bare
    main.o(i.on_adv_evt) refers to main.o(i.sleep_mode_enter) for sleep_mode_enter
    main.o(i.on_ble_evt) refers to bsp.o(i.bsp_indication_set) for bsp_indication_set
    main.o(i.on_ble_evt) refers to app_error.o(i.app_error_handler_bare) for app_error_handler_bare
    main.o(i.on_ble_evt) refers to memcpya.o(.text) for __aeabi_memcpy
    main.o(i.on_ble_evt) refers to main.o(.data) for .data
    main.o(i.on_conn_params_evt) refers to app_error.o(i.app_error_handler_bare) for app_error_handler_bare
    main.o(i.on_conn_params_evt) refers to main.o(.data) for .data
[...]
    m_flag_service_changed_pending           0x2000205b   Data           1  gatt_cache_manager.o(.data)
    m_flag_service_changed_sent              0x2000205c   Data           1  gatt_cache_manager.o(.data)
    m_evt_handlers                           0x20002060   Data           4  gatt_cache_manager.o(.data)
    .data                                    0x20002064   Section       12  gatts_cache_manager.o(.data)
    m_module_initialized                     0x20002064   Data           1  gatts_cache_manager.o(.data)
    start_handle                             0x20002066   Data           2  gatts_cache_manager.o(.data)
    m_current_sc_store_peer_id               0x20002068   Data           2  gatts_cache_manager.o(.data)
    m_evt_handler                            0x2000206c   Data           4  gatts_cache_manager.o(.data)
    .data                                    0x20002070   Section       10  id_manager.o(.data)
    m_module_initialized                     0x20002070   Data           1  id_manager.o(.data)
    m_conn_state_user_flag_id                0x20002071   Data           1  id_manager.o(.data)
    m_wlisted_peer_cnt                       0x20002072   Data           1  id_manager.o(.data)
    m_current_id_addr                        0x20002073   Data           7  id_manager.o(.data)
    .data                                    0x2000207c   Section       12  peer_data_storage.o(.data)
    m_module_initialized                     0x2000207c   Data           1  peer_data_storage.o(.data)
    m_peer_delete_queued                     0x2000207d   Data           1  peer_data_storage.o(.data)
    m_peer_delete_ongoing                    0x2000207e   Data           1  peer_data_storage.o(.data)
    m_fds_ftok                               0x20002080   Data           8  peer_data_storage.o(.data)
    .data                                    0x20002088   Section        8  peer_database.o(.data)
    mutex_memory                             0x20002088   Data           1  peer_database.o(.data)
    m_module_initialized                     0x20002089   Data           1  peer_database.o(.data)
    m_n_writes                               0x2000208c   Data           4  peer_database.o(.data)
    .data                                    0x20002090   Section       16  peer_manager.o(.data)
    m_module_initialized                     0x20002090   Data           1  peer_manager.o(.data)
    m_peer_rank_initialized                  0x20002091   Data           1  peer_manager.o(.data)
    m_deleting_all                           0x20002092   Data           1  peer_manager.o(.data)
    m_n_registrants                          0x20002093   Data           1  peer_manager.o(.data)
    m_pairing_flag_id                        0x20002094   Data           1  peer_manager.o(.data)
    m_bonding_flag_id                        0x20002095   Data           1  peer_manager.o(.data)
    m_highest_ranked_peer                    0x20002096   Data           2  peer_manager.o(.data)
    m_peer_rank_token                        0x20002098   Data           4  peer_manager.o(.data)
    m_current_highest_peer_rank              0x2000209c   Data           4  peer_manager.o(.data)
    .data                                    0x200020a0   Section        4  security_dispatcher.o(.data)
    m_flag_sec_proc                          0x200020a0   Data           1  security_dispatcher.o(.data)
    m_flag_sec_proc_pairing                  0x200020a1   Data           1  security_dispatcher.o(.data)
    m_flag_sec_proc_new_peer                 0x200020a2   Data           1  security_dispatcher.o(.data)
    m_module_initialized                     0x200020a3   Data           1  security_dispatcher.o(.data)
    .data                                    0x200020a4   Section       21  security_manager.o(.data)
    m_flag_link_secure_pending_busy          0x200020a4   Data           1  security_manager.o(.data)
    m_flag_link_secure_pending_flash_full    0x200020a5   Data           1  security_manager.o(.data)
    m_flag_link_secure_force_repairing       0x200020a6   Data           1  security_manager.o(.data)
    m_flag_link_secure_null_params           0x200020a7   Data           1  security_manager.o(.data)
    m_flag_params_reply_pending_busy         0x200020a8   Data           1  security_manager.o(.data)
    m_flag_params_reply_pending_flash_full   0x200020a9   Data           1  security_manager.o(.data)
    m_flag_reject_pairing                    0x200020aa   Data           1  security_manager.o(.data)
    m_module_initialized                     0x200020ab   Data           1  security_manager.o(.data)
    m_sec_params_valid                       0x200020ac   Data           1  security_manager.o(.data)
    m_p_public_key                           0x200020b0   Data           4  security_manager.o(.data)
    m_sec_params                             0x200020b4   Data           5  security_manager.o(.data)
    .data                                    0x200020bc   Section       20  app_button.o(.data)
    m_button_count                           0x200020bc   Data           1  app_button.o(.data)
    mp_buttons                               0x200020c0   Data           4  app_button.o(.data)
    m_detection_delay                        0x200020c4   Data           4  app_button.o(.data)
    m_pin_state                              0x200020c8   Data           4  app_button.o(.data)
    m_pin_transition                         0x200020cc   Data           4  app_button.o(.data)
    .data                                    0x200020d0   Section       32  app_timer.o(.data)
    m_ticks_elapsed_q_read_ind               0x200020d0   Data           1  app_timer.o(.data)
    m_ticks_elapsed_q_write_ind              0x200020d1   Data           1  app_timer.o(.data)
    m_rtc1_running                           0x200020d2   Data           1  app_timer.o(.data)
    m_rtc1_reset                             0x200020d3   Data           1  app_timer.o(.data)
    mp_timer_id_head                         0x200020d4   Data           4  app_timer.o(.data)
    m_ticks_latest                           0x200020d8   Data           4  app_timer.o(.data)
    m_evt_schedule_func                      0x200020dc   Data           4  app_timer.o(.data)
    m_op_queue                               0x200020e0   Data           8  app_timer.o(.data)
    m_ticks_elapsed                          0x200020e8   Data           8  app_timer.o(.data)
    .data                                    0x200020f0   Section       12  app_util_platform.o(.data)
    m_in_critical_region                     0x200020f0   Data           4  app_util_platform.o(.data)
    .data                                    0x200020fc   Section       24  fds.o(.data)
    m_flags                                  0x200020fc   Data           1  fds.o(.data)
    m_users                                  0x200020fd   Data           1  fds.o(.data)
    m_latest_rec_id                          0x20002100   Data           4  fds.o(.data)
    tok                                      0x20002104   Data           8  fds.o(.data)
    m_swap_page                              0x2000210c   Data           8  fds.o(.data)
    .data                                    0x20002114   Section        2  fstorage.o(.data)
    m_flags                                  0x20002114   Data           1  fstorage.o(.data)
    m_retry_count                            0x20002115   Data           1  fstorage.o(.data)
    .data                                    0x20002118   Section       20  softdevice_handler.o(.data)
    m_softdevice_enabled                     0x20002118   Data           1  softdevice_handler.o(.data)
    m_suspended                              0x20002119   Data           1  softdevice_handler.o(.data)
    m_ble_evt_buffer_size                    0x2000211a   Data           2  softdevice_handler.o(.data)
    m_evt_schedule_func                      0x2000211c   Data           4  softdevice_handler.o(.data)
    mp_ble_evt_buffer                        0x20002120   Data           4  softdevice_handler.o(.data)
    m_ble_evt_handler                        0x20002124   Data           4  softdevice_handler.o(.data)
    m_sys_evt_handler                        0x20002128   Data           4  softdevice_handler.o(.data)
    fs_data                                  0x2000212c   Section       16  fds.o(fs_data)
    __tagsym$$used                           0x2000212c   Number         0  fds.o(fs_data)
    fs_config                                0x2000212c   Data          16  fds.o(fs_data)
    .bss                                     0x2000213c   Section       32  main.o(.bss)
    m_app_timer_id_data                      0x2000213c   Data          32  main.o(.bss)
    .bss                                     0x2000215c   Section      212  main.o(.bss)
    APP_TIMER_BUF                            0x2000215c   Data         120  main.o(.bss)
    BLE_EVT_BUFFER                           0x200021d4   Data          72  main.o(.bss)
    m_cus                                    0x2000221c   Data          20  main.o(.bss)
    .bss                                     0x20002230   Section       32  bsp.o(.bss)
    m_leds_timer_id_data                     0x20002230   Data          32  bsp.o(.bss)
    .bss                                     0x20002250   Section       32  bsp.o(.bss)
    m_alert_timer_id_data                    0x20002250   Data          32  bsp.o(.bss)
    .bss                                     0x20002270   Section       12  bsp.o(.bss)
    m_events_list                            0x20002270   Data          12  bsp.o(.bss)
    .bss                                     0x2000227c   Section       32  bsp.o(.bss)
    m_button_timer_id_data                   0x2000227c   Data          32  bsp.o(.bss)
    .bss                                     0x2000229c   Section      359  ble_advertising.o(.bss)
    m_adv_modes_config                       0x2000229c   Data          32  ble_advertising.o(.bss)
    m_advdata                                0x200022bc   Data          56  ble_advertising.o(.bss)
    m_manuf_specific_data                    0x200022f4   Data          12  ble_advertising.o(.bss)
    m_manuf_data_array                       0x20002300   Data          31  ble_advertising.o(.bss)
    m_service_data                           0x20002320   Data          12  ble_advertising.o(.bss)
    m_service_data_array                     0x2000232c   Data          31  ble_advertising.o(.bss)
    m_whitelist_addrs                        0x2000234b   Data          56  ble_advertising.o(.bss)
    m_whitelist_irks                         0x20002383   Data         128  ble_advertising.o(.bss)
    .bss                                     0x20002404   Section       32  ble_advertising.o(.bss)
    m_p_whitelist_addrs                      0x20002404   Data          32  ble_advertising.o(.bss)
    .bss                                     0x20002424   Section       32  ble_advertising.o(.bss)
    m_p_whitelist_irks                       0x20002424   Data          32  ble_advertising.o(.bss)
    .bss                                     0x20002444   Section       32  ble_conn_params.o(.bss)
    m_conn_params_timer_id_data              0x20002444   Data          32  ble_conn_params.o(.bss)
    .bss                                     0x20002464   Section       28  ble_conn_params.o(.bss)
    m_conn_params_config                     0x20002464   Data          28  ble_conn_params.o(.bss)
    .bss                                     0x20002480   Section       52  ble_conn_state.o(.bss)
    m_bcs                                    0x20002480   Data          52  ble_conn_state.o(.bss)
    .bss                                     0x200024b4   Section      112  id_manager.o(.bss)
    m_connections                            0x200024b4   Data          96  id_manager.o(.bss)
    m_wlisted_peers                          0x20002514   Data          16  id_manager.o(.bss)
    .bss                                     0x20002524   Section      816  peer_database.o(.bss)
    buffer_memory                            0x20002524   Data         640  peer_database.o(.bss)
    m_write_buffer                           0x200027a4   Data          16  peer_database.o(.bss)
    m_write_buffer_records                   0x200027b4   Data         160  peer_database.o(.bss)
    .bss                                     0x20002854   Section       64  peer_id.o(.bss)
    m_pi                                     0x20002854   Data          64  peer_id.o(.bss)
    .bss                                     0x20002894   Section       12  peer_manager.o(.bss)
    m_evt_handlers                           0x20002894   Data          12  peer_manager.o(.bss)
    .bss                                     0x200028a0   Section       64  security_dispatcher.o(.bss)
    m_peer_pk                                0x200028a0   Data          64  security_dispatcher.o(.bss)
    .bss                                     0x200028e0   Section       20  nrf_drv_clock.o(.bss)
    m_clock_cb                               0x200028e0   Data          20  nrf_drv_clock.o(.bss)
    .bss                                     0x200028f4   Section       72  nrf_drv_gpiote.o(.bss)
    m_cb                                     0x200028f4   Data          72  nrf_drv_gpiote.o(.bss)
    .bss                                     0x2000293c   Section       28  nrf_drv_uart.o(.bss)
    m_cb                                     0x2000293c   Data          28  nrf_drv_uart.o(.bss)
    .bss                                     0x20002958   Section       32  app_button.o(.bss)
    m_detection_delay_timer_id_data          0x20002958   Data          32  app_button.o(.bss)
    .bss                                     0x20002978   Section      284  fds.o(.bss)
    desc                                     0x20002978   Data          12  fds.o(.bss)
    m_cb_table                               0x20002984   Data          32  fds.o(.bss)
    m_op_queue                               0x200029a4   Data         120  fds.o(.bss)
    m_chunk_queue                            0x20002a1c   Data          72  fds.o(.bss)
    m_pages                                  0x20002a64   Data          32  fds.o(.bss)
    m_gc                                     0x20002a84   Data          16  fds.o(.bss)
    .bss                                     0x20002a94   Section      104  fstorage.o(.bss)
    m_queue                                  0x20002a94   Data         104  fstorage.o(.bss)
    STACK                                    0x20002b00   Section     2048  arm_startup_nrf51.o(STACK)

    Global Symbols

    Symbol Name                              Value     Ov Type        Size  Object(Section)

    BuildAttributes$$THM_ISAv3M$S$PE$A:L22$X:L11$S22$IEEE1$IW$USESV6$~STKCKD$USESV7$~SHL$OSPACE$EBA8$MICROLIB$REQ8$PRES8$EABIv2 0x00000000   Number         0  anon$$obj.o ABSOLUTE
    __ARM_use_no_argv                        0x00000000   Number         0  main.o ABSOLUTE
    __cpp_initialize__aeabi_                  - Undefined Weak Reference
    __cxa_finalize                            - Undefined Weak Reference
    _clock_init                               - Undefined Weak Reference
    _microlib_exit                            - Undefined Weak Reference
    __Vectors_Size                           0x000000c0   Number         0  arm_startup_nrf51.o ABSOLUTE
    __Vectors                                0x0001b000   Data           4  arm_startup_nrf51.o(RESET)
    __Vectors_End                            0x0001b0c0   Data           0  arm_startup_nrf51.o(RESET)
    __main                                   0x0001b0c1   Thumb Code     0  entry.o(.ARM.Collect$$$$00000000)
    _main_stk                                0x0001b0c1   Thumb Code     0  entry2.o(.ARM.Collect$$$$00000001)
    _main_scatterload                        0x0001b0c5   Thumb Code     0  entry5.o(.ARM.Collect$$$$00000004)
    __main_after_scatterload                 0x0001b0c9   Thumb Code     0  entry5.o(.ARM.Collect$$$$00000004)
    _main_clock                              0x0001b0c9   Thumb Code     0  entry7b.o(.ARM.Collect$$$$00000008)
    _main_cpp_init                           0x0001b0c9   Thumb Code     0  entry8b.o(.ARM.Collect$$$$0000000A)
    _main_init                               0x0001b0c9   Thumb Code     0  entry9a.o(.ARM.Collect$$$$0000000B)
    __rt_final_cpp                           0x0001b0d1   Thumb Code     0  entry10a.o(.ARM.Collect$$$$0000000D)
    __rt_final_exit                          0x0001b0d1   Thumb Code     0  entry11a.o(.ARM.Collect$$$$0000000F)
    Reset_Handler                            0x0001b0d5   Thumb Code    26  arm_startup_nrf51.o(.text)
    NMI_Handler                              0x0001b0ef   Thumb Code     2  arm_startup_nrf51.o(.text)
    HardFault_Handler                        0x0001b0f1   Thumb Code     2  arm_startup_nrf51.o(.text)
    SVC_Handler                              0x0001b0f3   Thumb Code     2  arm_startup_nrf51.o(.text)
    PendSV_Handler                           0x0001b0f5   Thumb Code     2  arm_startup_nrf51.o(.text)
    SysTick_Handler                          0x0001b0f7   Thumb Code     2  arm_startup_nrf51.o(.text)
    ADC_IRQHandler                           0x0001b0f9   Thumb Code     0  arm_startup_nrf51.o(.text)
    CCM_AAR_IRQHandler                       0x0001b0f9   Thumb Code     0  arm_startup_nrf51.o(.text)
    ECB_IRQHandler                           0x0001b0f9   Thumb Code     0  arm_startup_nrf51.o(.text)
    LPCOMP_IRQHandler                        0x0001b0f9   Thumb Code     0  arm_startup_nrf51.o(.text)
    QDEC_IRQHandler                          0x0001b0f9   Thumb Code     0  arm_startup_nrf51.o(.text)
    RADIO_IRQHandler                         0x0001b0f9   Thumb Code     0  arm_startup_nrf51.o(.text)
    RNG_IRQHandler                           0x0001b0f9   Thumb Code     0  arm_startup_nrf51.o(.text)
    RTC0_IRQHandler                          0x0001b0f9   Thumb Code     0  arm_startup_nrf51.o(.text)
    SPI0_TWI0_IRQHandler                     0x0001b0f9   Thumb Code     0  arm_startup_nrf51.o(.text)
    SPI1_TWI1_IRQHandler                     0x0001b0f9   Thumb Code     0  arm_startup_nrf51.o(.text)
    SWI1_IRQHandler                          0x0001b0f9   Thumb Code     0  arm_startup_nrf51.o(.text)
    SWI3_IRQHandler                          0x0001b0f9   Thumb Code     0  arm_startup_nrf51.o(.text)
    SWI4_IRQHandler                          0x0001b0f9   Thumb Code     0  arm_startup_nrf51.o(.text)
    SWI5_IRQHandler                          0x0001b0f9   Thumb Code     0  arm_startup_nrf51.o(.text)
    TEMP_IRQHandler                          0x0001b0f9   Thumb Code     0  arm_startup_nrf51.o(.text)
    TIMER0_IRQHandler                        0x0001b0f9   Thumb Code     0  arm_startup_nrf51.o(.text)
    TIMER1_IRQHandler                        0x0001b0f9   Thumb Code     0  arm_startup_nrf51.o(.text)
    TIMER2_IRQHandler                        0x0001b0f9   Thumb Code     0  arm_startup_nrf51.o(.text)
    WDT_IRQHandler                           0x0001b0f9   Thumb Code     0  arm_startup_nrf51.o(.text)
    __aeabi_uidiv                            0x0001b10d   Thumb Code     0  uidiv.o(.text)
    __aeabi_uidivmod                         0x0001b10d   Thumb Code    44  uidiv.o(.text)
    __aeabi_memcpy                           0x0001b139   Thumb Code    36  memcpya.o(.text)
    __aeabi_memcpy4                          0x0001b139   Thumb Code     0  memcpya.o(.text)
    __aeabi_memcpy8                          0x0001b139   Thumb Code     0  memcpya.o(.text)
    __aeabi_memset                           0x0001b15d   Thumb Code    14  memseta.o(.text)
    __aeabi_memset4                          0x0001b15d   Thumb Code     0  memseta.o(.text)
    __aeabi_memset8                          0x0001b15d   Thumb Code     0  memseta.o(.text)
    __aeabi_memclr                           0x0001b16b   Thumb Code     4  memseta.o(.text)
    __aeabi_memclr4                          0x0001b16b   Thumb Code     0  memseta.o(.text)
    __aeabi_memclr8                          0x0001b16b   Thumb Code     0  memseta.o(.text)
    _memset$wrapper                          0x0001b16f   Thumb Code    18  memseta.o(.text)
    memcmp                                   0x0001b181   Thumb Code    26  memcmp.o(.text)
    __scatterload                            0x0001b19d   Thumb Code    28  init.o(.text)
    __scatterload_rt2                        0x0001b19d   Thumb Code     0  init.o(.text)
    __decompress                             0x0001b1c1   Thumb Code     0  __dczerorl2.o(.text)
    __decompress1                            0x0001b1c1   Thumb Code    86  __dczerorl2.o(.text)
    GPIOTE_IRQHandler                        0x0001b219   Thumb Code   322  nrf_drv_gpiote.o(i.GPIOTE_IRQHandler)
    POWER_CLOCK_IRQHandler                   0x0001b3b5   Thumb Code    74  nrf_drv_clock.o(i.POWER_CLOCK_IRQHandler)
    RTC1_IRQHandler                          0x0001b409   Thumb Code    28  app_timer.o(i.RTC1_IRQHandler)
    SWI0_IRQHandler                          0x0001b429   Thumb Code     8  app_timer.o(i.SWI0_IRQHandler)
    SWI2_IRQHandler                          0x0001b431   Thumb Code    28  softdevice_handler.o(i.SWI2_IRQHandler)
    SystemInit                               0x0001b451   Thumb Code   130  system_nrf51.o(i.SystemInit)
    UART0_IRQHandler                         0x0001b4f1   Thumb Code    12  nrf_drv_uart.o(i.UART0_IRQHandler)
    __ARM_common_switch8                     0x0001b505   Thumb Code    26  main.o(i.__ARM_common_switch8)
    __scatterload_copy                       0x0001b51f   Thumb Code    14  handlers.o(i.__scatterload_copy)
    __scatterload_null                       0x0001b52d   Thumb Code     2  handlers.o(i.__scatterload_null)
    __scatterload_zeroinit                   0x0001b52f   Thumb Code    14  handlers.o(i.__scatterload_zeroinit)
    addr_compare                             0x0001b559   Thumb Code    40  id_manager.o(i.addr_compare)
    adv_data_encode                          0x0001b581   Thumb Code   398  ble_advdata.o(i.adv_data_encode)
    ah                                       0x0001b7b5   Thumb Code    78  id_manager.o(i.ah)
    app_button_enable                        0x0001b81d   Thumb Code    32  app_button.o(i.app_button_enable)
    app_button_init                          0x0001b841   Thumb Code   100  app_button.o(i.app_button_init)
    app_error_fault_handler                  0x0001b8b5   Thumb Code    18  app_error_weak.o(i.app_error_fault_handler)
    app_error_handler_bare                   0x0001b8d1   Thumb Code    20  app_error.o(i.app_error_handler_bare)
    app_timer_create                         0x0001b8e9   Thumb Code    40  app_timer.o(i.app_timer_create)
    app_timer_init                           0x0001b915   Thumb Code    98  app_timer.o(i.app_timer_init)
    app_timer_start                          0x0001b989   Thumb Code   128  app_timer.o(i.app_timer_start)
    app_timer_stop                           0x0001ba11   Thumb Code    36  app_timer.o(i.app_timer_stop)
    app_util_critical_region_enter           0x0001ba39   Thumb Code    48  app_util_platform.o(i.app_util_critical_region_enter)
    app_util_critical_region_exit            0x0001ba75   Thumb Code    36  app_util_platform.o(i.app_util_critical_region_exit)
    ble_advdata_set                          0x0001bb41   Thumb Code   104  ble_advdata.o(i.ble_advdata_set)
    ble_advertising_init                     0x0001bba9   Thumb Code   340  ble_advertising.o(i.ble_advertising_init)
    ble_advertising_on_ble_evt               0x0001bd05   Thumb Code    82  ble_advertising.o(i.ble_advertising_on_ble_evt)
    ble_advertising_on_sys_evt               0x0001bd5d   Thumb Code    42  ble_advertising.o(i.ble_advertising_on_sys_evt)
    ble_advertising_restart_without_whitelist 0x0001bd8d   Thumb Code    50  ble_advertising.o(i.ble_advertising_restart_without_whitelist)
    ble_advertising_start                    0x0001bdc9   Thumb Code   256  ble_advertising.o(i.ble_advertising_start)
    ble_conn_params_init                     0x0001bed1   Thumb Code    68  ble_conn_params.o(i.ble_conn_params_init)
    ble_conn_params_on_ble_evt               0x0001bf25   Thumb Code   130  ble_conn_params.o(i.ble_conn_params_on_ble_evt)
    ble_conn_state_conn_handles              0x0001bfb5   Thumb Code    14  ble_conn_state.o(i.ble_conn_state_conn_handles)
    ble_conn_state_encrypted                 0x0001bfc9   Thumb Code    16  ble_conn_state.o(i.ble_conn_state_encrypted)
    ble_conn_state_mitm_protected            0x0001bfdd   Thumb Code    16  ble_conn_state.o(i.ble_conn_state_mitm_protected)
    ble_conn_state_on_ble_evt                0x0001bff1   Thumb Code   238  ble_conn_state.o(i.ble_conn_state_on_ble_evt)
    ble_conn_state_role                      0x0001c0e9   Thumb Code    46  ble_conn_state.o(i.ble_conn_state_role)
    ble_conn_state_user_flag_acquire         0x0001c11d   Thumb Code    42  ble_conn_state.o(i.ble_conn_state_user_flag_acquire)
    ble_conn_state_user_flag_collection      0x0001c14d   Thumb Code    20  ble_conn_state.o(i.ble_conn_state_user_flag_collection)
    ble_conn_state_user_flag_get             0x0001c165   Thumb Code    32  ble_conn_state.o(i.ble_conn_state_user_flag_get)
    ble_conn_state_user_flag_set             0x0001c189   Thumb Code    36  ble_conn_state.o(i.ble_conn_state_user_flag_set)
    ble_cus_custom_value_update              0x0001c1b1   Thumb Code    88  our_service.o(i.ble_cus_custom_value_update)
    ble_srv_is_notification_enabled          0x0001c293   Thumb Code    14  ble_srv_common.o(i.ble_srv_is_notification_enabled)
    bsp_btn_ble_init                         0x0001c311   Thumb Code    80  bsp_btn_ble.o(i.bsp_btn_ble_init)
    bsp_btn_ble_on_ble_evt                   0x0001c365   Thumb Code   114  bsp_btn_ble.o(i.bsp_btn_ble_on_ble_evt)
    bsp_btn_ble_sleep_mode_prepare           0x0001c3dd   Thumb Code    20  bsp_btn_ble.o(i.bsp_btn_ble_sleep_mode_prepare)
    bsp_button_is_pressed                    0x0001c491   Thumb Code    34  bsp.o(i.bsp_button_is_pressed)
    bsp_event_to_button_action_assign        0x0001c501   Thumb Code    66  bsp.o(i.bsp_event_to_button_action_assign)
    bsp_indication_set                       0x0001c549   Thumb Code    22  bsp.o(i.bsp_indication_set)
    bsp_init                                 0x0001c565   Thumb Code   134  bsp.o(i.bsp_init)
    bsp_wakeup_buttons_set                   0x0001c7fd   Thumb Code    50  bsp.o(i.bsp_wakeup_buttons_set)
    chunk_queue_next                         0x0001c8d9   Thumb Code    20  fds.o(i.chunk_queue_next)
    fds_file_delete                          0x0001cf65   Thumb Code    66  fds.o(i.fds_file_delete)
    fds_gc                                   0x0001cfb1   Thumb Code    62  fds.o(i.fds_gc)
    fds_init                                 0x0001cff9   Thumb Code   134  fds.o(i.fds_init)
    fds_record_close                         0x0001d085   Thumb Code    60  fds.o(i.fds_record_close)
    fds_record_find                          0x0001d0c5   Thumb Code    14  fds.o(i.fds_record_find)
    fds_record_find_by_key                   0x0001d0d3   Thumb Code    16  fds.o(i.fds_record_find_by_key)
    fds_record_find_in_file                  0x0001d0e3   Thumb Code    16  fds.o(i.fds_record_find_in_file)
    fds_record_id_from_desc                  0x0001d0f3   Thumb Code    20  fds.o(i.fds_record_id_from_desc)
    fds_record_open                          0x0001d109   Thumb Code    64  fds.o(i.fds_record_open)
    fds_record_update                        0x0001d14d   Thumb Code    20  fds.o(i.fds_record_update)
    fds_record_write                         0x0001d161   Thumb Code    12  fds.o(i.fds_record_write)
    fds_record_write_reserved                0x0001d16d   Thumb Code    18  fds.o(i.fds_record_write_reserved)
    fds_register                             0x0001d181   Thumb Code    28  fds.o(i.fds_register)
    fds_reserve                              0x0001d1a5   Thumb Code    48  fds.o(i.fds_reserve)
    fds_reserve_cancel                       0x0001d1d9   Thumb Code    62  fds.o(i.fds_reserve_cancel)
    fs_erase                                 0x0001d2e5   Thumb Code   120  fstorage.o(i.fs_erase)
    fs_init                                  0x0001d36d   Thumb Code   154  fstorage.o(i.fs_init)
    fs_queued_op_count_get                   0x0001d419   Thumb Code    18  fstorage.o(i.fs_queued_op_count_get)
    fs_store                                 0x0001d431   Thumb Code   128  fstorage.o(i.fs_store)
    fs_sys_event_handler                     0x0001d4b5   Thumb Code    94  fstorage.o(i.fs_sys_event_handler)
    gcm_ble_evt_handler                      0x0001d6f1   Thumb Code   232  gatt_cache_manager.o(i.gcm_ble_evt_handler)
    gcm_gscm_evt_handler                     0x0001d7e1   Thumb Code    96  gatt_cache_manager.o(i.gcm_gscm_evt_handler)
    gcm_im_evt_handler                       0x0001d849   Thumb Code    40  gatt_cache_manager.o(i.gcm_im_evt_handler)
    gcm_init                                 0x0001d875   Thumb Code    66  gatt_cache_manager.o(i.gcm_init)
    gcm_local_database_has_changed           0x0001d8bd   Thumb Code    66  gatt_cache_manager.o(i.gcm_local_database_has_changed)
    gcm_smd_evt_handler                      0x0001d909   Thumb Code    16  gatt_cache_manager.o(i.gcm_smd_evt_handler)
    get_connection_by_conn_handle            0x0001d919   Thumb Code    48  id_manager.o(i.get_connection_by_conn_handle)
    get_free_connection                      0x0001d951   Thumb Code    40  id_manager.o(i.get_free_connection)
    gscm_db_change_notification_done         0x0001d9d5   Thumb Code    22  gatts_cache_manager.o(i.gscm_db_change_notification_done)
    gscm_init                                0x0001d9f1   Thumb Code    16  gatts_cache_manager.o(i.gscm_init)
    gscm_local_database_has_changed          0x0001da05   Thumb Code    18  gatts_cache_manager.o(i.gscm_local_database_has_changed)
    gscm_local_db_cache_apply                0x0001da21   Thumb Code   104  gatts_cache_manager.o(i.gscm_local_db_cache_apply)
    gscm_local_db_cache_update               0x0001da8d   Thumb Code   124  gatts_cache_manager.o(i.gscm_local_db_cache_update)
    gscm_pdb_evt_handler                     0x0001db11   Thumb Code    68  gatts_cache_manager.o(i.gscm_pdb_evt_handler)
    gscm_service_changed_ind_needed          0x0001db5d   Thumb Code    28  gatts_cache_manager.o(i.gscm_service_changed_ind_needed)
    gscm_service_changed_ind_send            0x0001db79   Thumb Code    32  gatts_cache_manager.o(i.gscm_service_changed_ind_send)
    im_address_resolve                       0x0001dbc1   Thumb Code    64  id_manager.o(i.im_address_resolve)
    im_ble_addr_get                          0x0001dc01   Thumb Code    38  id_manager.o(i.im_ble_addr_get)
    im_ble_evt_handler                       0x0001dc2d   Thumb Code   162  id_manager.o(i.im_ble_evt_handler)
    im_conn_handle_get                       0x0001dcd5   Thumb Code    34  id_manager.o(i.im_conn_handle_get)
    im_init                                  0x0001dd01   Thumb Code    60  id_manager.o(i.im_init)
    im_is_duplicate_bonding_data             0x0001dd49   Thumb Code    56  id_manager.o(i.im_is_duplicate_bonding_data)
    im_master_id_is_valid                    0x0001dd81   Thumb Code    28  id_manager.o(i.im_master_id_is_valid)
    im_master_ids_compare                    0x0001dd9d   Thumb Code    44  id_manager.o(i.im_master_ids_compare)
    im_new_peer_id                           0x0001ddc9   Thumb Code     8  id_manager.o(i.im_new_peer_id)
    im_pdb_evt_handler                       0x0001ddd1   Thumb Code   110  id_manager.o(i.im_pdb_evt_handler)
    im_peer_free                             0x0001de41   Thumb Code    38  id_manager.o(i.im_peer_free)
    im_peer_id_get_by_conn_handle            0x0001de6d   Thumb Code    24  id_manager.o(i.im_peer_id_get_by_conn_handle)
    im_peer_id_get_by_master_id              0x0001de8d   Thumb Code    62  id_manager.o(i.im_peer_id_get_by_master_id)
    intern_softdevice_events_execute         0x0001df91   Thumb Code   122  softdevice_handler.o(i.intern_softdevice_events_execute)
    is_valid_irk                             0x0001e075   Thumb Code    22  id_manager.o(i.is_valid_irk)
    main                                     0x0001e649   Thumb Code   382  main.o(i.main)
    new_connection                           0x0001e909   Thumb Code    80  id_manager.o(i.new_connection)
    next_id_get                              0x0001e965   Thumb Code    48  peer_id.o(i.next_id_get)
    nrf_drv_clock_init                       0x0001e9e5   Thumb Code    50  nrf_drv_clock.o(i.nrf_drv_clock_init)
    nrf_drv_clock_on_sd_enable               0x0001ea21   Thumb Code    46  nrf_drv_clock.o(i.nrf_drv_clock_on_sd_enable)
    nrf_drv_clock_on_soc_event               0x0001ea55   Thumb Code    12  nrf_drv_clock.o(i.nrf_drv_clock_on_soc_event)
    nrf_drv_common_irq_enable                0x0001ea61   Thumb Code    78  nrf_drv_common.o(i.nrf_drv_common_irq_enable)
    nrf_drv_gpiote_in_event_enable           0x0001eac1   Thumb Code   134  nrf_drv_gpiote.o(i.nrf_drv_gpiote_in_event_enable)
    nrf_drv_gpiote_in_init                   0x0001eb59   Thumb Code   140  nrf_drv_gpiote.o(i.nrf_drv_gpiote_in_init)
    nrf_drv_gpiote_in_is_set                 0x0001ebf5   Thumb Code    16  nrf_drv_gpiote.o(i.nrf_drv_gpiote_in_is_set)
    nrf_drv_gpiote_init                      0x0001ec09   Thumb Code    84  nrf_drv_gpiote.o(i.nrf_drv_gpiote_init)
    nrf_drv_gpiote_is_init                   0x0001ec65   Thumb Code    12  nrf_drv_gpiote.o(i.nrf_drv_gpiote_is_init)
    our_service_init                         0x0001eec9   Thumb Code    86  our_service.o(i.our_service_init)
    pdb_init                                 0x0001f18d   Thumb Code    62  peer_database.o(i.pdb_init)
    pdb_next_deleted_peer_id_get             0x0001f1d9   Thumb Code     8  peer_database.o(i.pdb_next_deleted_peer_id_get)
    pdb_next_peer_id_get                     0x0001f1e1   Thumb Code     8  peer_database.o(i.pdb_next_peer_id_get)
    pdb_pds_evt_handler                      0x0001f1e9   Thumb Code   300  peer_database.o(i.pdb_pds_evt_handler)
    pdb_peer_allocate                        0x0001f31d   Thumb Code     8  peer_database.o(i.pdb_peer_allocate)
    pdb_peer_data_load                       0x0001f325   Thumb Code    16  peer_database.o(i.pdb_peer_data_load)
    pdb_peer_data_ptr_get                    0x0001f335   Thumb Code    10  peer_database.o(i.pdb_peer_data_ptr_get)
    pdb_peer_free                            0x0001f33f   Thumb Code    74  peer_database.o(i.pdb_peer_free)
    pdb_raw_store                            0x0001f389   Thumb Code    12  peer_database.o(i.pdb_raw_store)
    pdb_write_buf_get                        0x0001f395   Thumb Code   256  peer_database.o(i.pdb_write_buf_get)
    pdb_write_buf_release                    0x0001f49d   Thumb Code    42  peer_database.o(i.pdb_write_buf_release)
    pdb_write_buf_store                      0x0001f4c9   Thumb Code   190  peer_database.o(i.pdb_write_buf_store)
    pdb_write_buf_store_prepare              0x0001f591   Thumb Code    98  peer_database.o(i.pdb_write_buf_store_prepare)
    pds_init                                 0x0001f605   Thumb Code   100  peer_data_storage.o(i.pds_init)
    pds_next_deleted_peer_id_get             0x0001f675   Thumb Code     8  peer_data_storage.o(i.pds_next_deleted_peer_id_get)
    pds_next_peer_id_get                     0x0001f67d   Thumb Code     8  peer_data_storage.o(i.pds_next_peer_id_get)
    pds_peer_data_iterate                    0x0001f685   Thumb Code    80  peer_data_storage.o(i.pds_peer_data_iterate)
    pds_peer_data_iterate_prepare            0x0001f6d9   Thumb Code    10  peer_data_storage.o(i.pds_peer_data_iterate_prepare)
    pds_peer_data_read                       0x0001f6e9   Thumb Code   112  peer_data_storage.o(i.pds_peer_data_read)
    pds_peer_data_store                      0x0001f759   Thumb Code   170  peer_data_storage.o(i.pds_peer_data_store)
    pds_peer_id_allocate                     0x0001f805   Thumb Code    10  peer_data_storage.o(i.pds_peer_id_allocate)
    pds_peer_id_free                         0x0001f815   Thumb Code    22  peer_data_storage.o(i.pds_peer_id_free)
    pds_peer_id_is_allocated                 0x0001f82b   Thumb Code     8  peer_data_storage.o(i.pds_peer_id_is_allocated)
    pds_space_reserve                        0x0001f833   Thumb Code    48  peer_data_storage.o(i.pds_space_reserve)
    pds_space_reserve_cancel                 0x0001f863   Thumb Code    16  peer_data_storage.o(i.pds_space_reserve_cancel)
    peer_id_allocate                         0x0001f961   Thumb Code    10  peer_id.o(i.peer_id_allocate)
    peer_id_delete                           0x0001f971   Thumb Code    30  peer_id.o(i.peer_id_delete)
    peer_id_free                             0x0001f999   Thumb Code    22  peer_id.o(i.peer_id_free)
    peer_id_get_next_deleted                 0x0001f9b5   Thumb Code    10  peer_id.o(i.peer_id_get_next_deleted)
    peer_id_get_next_used                    0x0001f9c5   Thumb Code    42  peer_id.o(i.peer_id_get_next_used)
    peer_id_init                             0x0001f9f9   Thumb Code    34  peer_id.o(i.peer_id_init)
    peer_id_is_allocated                     0x0001fa21   Thumb Code    20  peer_id.o(i.peer_id_is_allocated)
    peer_id_is_deleted                       0x0001fa39   Thumb Code    20  peer_id.o(i.peer_id_is_deleted)
    pm_buffer_block_acquire                  0x0001fb35   Thumb Code    94  pm_buffer.o(i.pm_buffer_block_acquire)
    pm_buffer_init                           0x0001fb93   Thumb Code    68  pm_buffer.o(i.pm_buffer_init)
    pm_buffer_ptr_get                        0x0001fbd7   Thumb Code    46  pm_buffer.o(i.pm_buffer_ptr_get)
    pm_buffer_release                        0x0001fc05   Thumb Code    42  pm_buffer.o(i.pm_buffer_release)
    pm_conn_sec_config_reply                 0x0001fc2f   Thumb Code     8  peer_manager.o(i.pm_conn_sec_config_reply)
    pm_conn_secure                           0x0001fc39   Thumb Code    20  peer_manager.o(i.pm_conn_secure)
    pm_gcm_evt_handler                       0x0001fccd   Thumb Code   128  peer_manager.o(i.pm_gcm_evt_handler)
    pm_im_evt_handler                        0x0001fd4d   Thumb Code    74  peer_manager.o(i.pm_im_evt_handler)
    pm_init                                  0x0001fd9d   Thumb Code   108  peer_manager.o(i.pm_init)
    pm_local_database_has_changed            0x0001fe0d   Thumb Code    16  peer_manager.o(i.pm_local_database_has_changed)
    pm_mutex_init                            0x0001fe21   Thumb Code    16  pm_mutex.o(i.pm_mutex_init)
    pm_mutex_lock                            0x0001fe31   Thumb Code    28  pm_mutex.o(i.pm_mutex_lock)
    pm_mutex_lock_first_available            0x0001fe4d   Thumb Code    52  pm_mutex.o(i.pm_mutex_lock_first_available)
    pm_mutex_lock_status_get                 0x0001fe81   Thumb Code    24  pm_mutex.o(i.pm_mutex_lock_status_get)
    pm_mutex_unlock                          0x0001fe99   Thumb Code    54  pm_mutex.o(i.pm_mutex_unlock)
    pm_on_ble_evt                            0x0001fed1   Thumb Code    32  peer_manager.o(i.pm_on_ble_evt)
    pm_pdb_evt_handler                       0x0001fef5   Thumb Code   306  peer_manager.o(i.pm_pdb_evt_handler)
    pm_peer_delete                           0x00020031   Thumb Code    20  peer_manager.o(i.pm_peer_delete)
    pm_peer_rank_highest                     0x00020049   Thumb Code   182  peer_manager.o(i.pm_peer_rank_highest)
    pm_peer_ranks_get                        0x00020109   Thumb Code   164  peer_manager.o(i.pm_peer_ranks_get)
    pm_peers_delete                          0x000201b9   Thumb Code    52  peer_manager.o(i.pm_peers_delete)
    pm_register                              0x000201f5   Thumb Code    38  peer_manager.o(i.pm_register)
    pm_sec_params_set                        0x00020225   Thumb Code    20  peer_manager.o(i.pm_sec_params_set)
    pm_sm_evt_handler                        0x0002023d   Thumb Code   324  peer_manager.o(i.pm_sm_evt_handler)
    sdk_mapped_flags_bulk_update_by_key      0x0002087d   Thumb Code    70  sdk_mapped_flags.o(i.sdk_mapped_flags_bulk_update_by_key)
    sdk_mapped_flags_first_key_index_get     0x000208c5   Thumb Code    34  sdk_mapped_flags.o(i.sdk_mapped_flags_first_key_index_get)
    sdk_mapped_flags_get_by_key              0x000208fd   Thumb Code    38  sdk_mapped_flags.o(i.sdk_mapped_flags_get_by_key)
    sdk_mapped_flags_key_list_get            0x00020923   Thumb Code    70  sdk_mapped_flags.o(i.sdk_mapped_flags_key_list_get)
    sdk_mapped_flags_update_by_key           0x00020969   Thumb Code    14  sdk_mapped_flags.o(i.sdk_mapped_flags_update_by_key)
    sm_ble_evt_handler                       0x00020df1   Thumb Code    16  security_manager.o(i.sm_ble_evt_handler)
    sm_conn_sec_config_reply                 0x00020e05   Thumb Code    24  security_manager.o(i.sm_conn_sec_config_reply)
    sm_init                                  0x00020e21   Thumb Code    76  security_manager.o(i.sm_init)
    sm_link_secure                           0x00020e71   Thumb Code    14  security_manager.o(i.sm_link_secure)
    sm_pdb_evt_handler                       0x00020e81   Thumb Code    48  security_manager.o(i.sm_pdb_evt_handler)
    sm_sec_params_set                        0x00020eb5   Thumb Code    44  security_manager.o(i.sm_sec_params_set)
    sm_smd_evt_handler                       0x00020ee5   Thumb Code   118  security_manager.o(i.sm_smd_evt_handler)
    smd_ble_evt_handler                      0x00020f61   Thumb Code   216  security_dispatcher.o(i.smd_ble_evt_handler)
    smd_init                                 0x00021045   Thumb Code    56  security_dispatcher.o(i.smd_init)
    smd_link_secure                          0x00021081   Thumb Code    44  security_dispatcher.o(i.smd_link_secure)
    smd_params_reply                         0x000210b1   Thumb Code   260  security_dispatcher.o(i.smd_params_reply)
    smd_pdb_evt_handler                      0x00021249   Thumb Code    48  security_dispatcher.o(i.smd_pdb_evt_handler)
    softdevice_ble_evt_handler_set           0x0002127d   Thumb Code    16  softdevice_handler.o(i.softdevice_ble_evt_handler_set)
    softdevice_enable                        0x00021291   Thumb Code    14  softdevice_handler.o(i.softdevice_enable)
    softdevice_enable_get_default_config     0x000212a5   Thumb Code    40  softdevice_handler.o(i.softdevice_enable_get_default_config)
    softdevice_fault_handler                 0x000212cd   Thumb Code     8  softdevice_handler.o(i.softdevice_fault_handler)
    softdevice_handler_init                  0x000212d5   Thumb Code    74  softdevice_handler.o(i.softdevice_handler_init)
    softdevice_handler_is_enabled            0x0002132d   Thumb Code     6  softdevice_handler.o(i.softdevice_handler_is_enabled)
    softdevice_sys_evt_handler_set           0x00021339   Thumb Code    16  softdevice_handler.o(i.softdevice_sys_evt_handler_set)
    Region$$Table$$Base                      0x00021c44   Number         0  anon$$obj.o(Region$$Table)
    Region$$Table$$Limit                     0x00021c64   Number         0  anon$$obj.o(Region$$Table)
    Image$$RW_IRAM1$$Base                    0x20001fe8   Number         0  main.o(.data)
    SystemCoreClock                          0x20002010   Data           4  system_nrf51.o(.data)
    nrf_nvic_state                           0x200020f4   Data           8  app_util_platform.o(.data)
    fs_data$$Base                            0x2000212c   Number         0  fds.o(fs_data)
    fs_data$$Limit                           0x2000213c   Number         0  fds.o(fs_data)
    __initial_sp                             0x20003300   Data           0  arm_startup_nrf51.o(STACK)



==============================================================================

Memory Map of the image

  Image Entry point : 0x0001b0c1

  Load Region LR_IROM1 (Base: 0x0001b000, Size: 0x00006db8, Max: 0x00025000, ABSOLUTE, COMPRESSED[0x00006c94])

    Execution Region ER_IROM1 (Base: 0x0001b000, Size: 0x00006c64, Max: 0x00025000, ABSOLUTE)

    Base Addr    Size         Type   Attr      Idx    E Section Name        Object

    0x0001b000   0x000000c0   Data   RO          701    RESET               arm_startup_nrf51.o
    0x0001b0c0   0x00000000   Code   RO         4396  * .ARM.Collect$$$$00000000  mc_p.l(entry.o)
    0x0001b0c0   0x00000004   Code   RO         4413    .ARM.Collect$$$$00000001  mc_p.l(entry2.o)
    0x0001b0c4   0x00000004   Code   RO         4416    .ARM.Collect$$$$00000004  mc_p.l(entry5.o)
    0x0001b0c8   0x00000000   Code   RO         4418    .ARM.Collect$$$$00000008  mc_p.l(entry7b.o)
    0x0001b0c8   0x00000000   Code   RO         4420    .ARM.Collect$$$$0000000A  mc_p.l(entry8b.o)
    0x0001b0c8   0x00000008   Code   RO         4421    .ARM.Collect$$$$0000000B  mc_p.l(entry9a.o)
    0x0001b0d0   0x00000000   Code   RO         4423    .ARM.Collect$$$$0000000D  mc_p.l(entry10a.o)
    0x0001b0d0   0x00000000   Code   RO         4425    .ARM.Collect$$$$0000000F  mc_p.l(entry11a.o)
    0x0001b0d0   0x00000004   Code   RO         4414    .ARM.Collect$$$$00002712  mc_p.l(entry2.o)
    0x0001b0d4   0x00000038   Code   RO          702    .text               arm_startup_nrf51.o
    0x0001b10c   0x0000002c   Code   RO         4399    .text               mc_p.l(uidiv.o)
    0x0001b138   0x00000024   Code   RO         4401    .text               mc_p.l(memcpya.o)
    0x0001b15c   0x00000024   Code   RO         4403    .text               mc_p.l(memseta.o)
    0x0001b180   0x0000001a   Code   RO         4407    .text               mc_p.l(memcmp.o)
    0x0001b19a   0x00000002   PAD
    0x0001b19c   0x00000024   Code   RO         4427    .text               mc_p.l(init.o)
    0x0001b1c0   0x00000056   Code   RO         4437    .text               mc_p.l(__dczerorl2.o)
    0x0001b216   0x00000002   PAD
    0x0001b218   0x00000158   Code   RO         2800    i.GPIOTE_IRQHandler  nrf_drv_gpiote.o
    0x0001b370   0x00000044   Code   RO         3377    i.NVIC_SetPriority  app_timer.o
    0x0001b3b4   0x00000054   Code   RO         2604    i.POWER_CLOCK_IRQHandler  nrf_drv_clock.o
    0x0001b408   0x00000020   Code   RO         3378    i.RTC1_IRQHandler   app_timer.o
    0x0001b428   0x00000008   Code   RO         3379    i.SWI0_IRQHandler   app_timer.o
    0x0001b430   0x00000020   Code   RO         4271    i.SWI2_IRQHandler   softdevice_handler.o
    0x0001b450   0x000000a0   Code   RO          709    i.SystemInit        system_nrf51.o
    0x0001b4f0   0x00000014   Code   RO         3006    i.UART0_IRQHandler  nrf_drv_uart.o
    0x0001b504   0x0000001a   Code   RO           95    i.__ARM_common_switch8  main.o
    0x0001b51e   0x0000000e   Code   RO         4431    i.__scatterload_copy  mc_p.l(handlers.o)
    0x0001b52c   0x00000002   Code   RO         4432    i.__scatterload_null  mc_p.l(handlers.o)
    0x0001b52e   0x0000000e   Code   RO         4433    i.__scatterload_zeroinit  mc_p.l(handlers.o)
    0x0001b53c   0x0000001c   Code   RO         4272    i.__sd_nvic_app_accessible_irq  softdevice_handler.o
    0x0001b558   0x00000028   Code   RO         1415    i.addr_compare      id_manager.o
    0x0001b580   0x0000018e   Code   RO          745    i.adv_data_encode   ble_advdata.o
    0x0001b70e   0x00000002   PAD
    0x0001b710   0x00000068   Code   RO          836    i.adv_mode_next_avail_get  ble_advertising.o
    0x0001b778   0x0000003c   Code   RO          555    i.advertising_buttons_configure  bsp_btn_ble.o
    0x0001b7b4   0x0000004e   Code   RO         1417    i.ah                id_manager.o
    0x0001b802   0x00000002   PAD
    0x0001b804   0x00000018   Code   RO          430    i.alert_timer_handler  bsp.o
    0x0001b81c   0x00000024   Code   RO         3186    i.app_button_enable  app_button.o
    0x0001b840   0x00000074   Code   RO         3187    i.app_button_init   app_button.o
    0x0001b8b4   0x0000001c   Code   RO         3282    i.app_error_fault_handler  app_error_weak.o
    0x0001b8d0   0x00000018   Code   RO         3247    i.app_error_handler_bare  app_error.o
    0x0001b8e8   0x0000002c   Code   RO         3382    i.app_timer_create  app_timer.o
    0x0001b914   0x00000074   Code   RO         3383    i.app_timer_init    app_timer.o
    0x0001b988   0x00000088   Code   RO         3384    i.app_timer_start   app_timer.o
    0x0001ba10   0x00000028   Code   RO         3385    i.app_timer_stop    app_timer.o
    0x0001ba38   0x0000003c   Code   RO         3525    i.app_util_critical_region_enter  app_util_platform.o
    0x0001ba74   0x0000002c   Code   RO         3526    i.app_util_critical_region_exit  app_util_platform.o
    0x0001baa0   0x000000a0   Code   RO         2380    i.auth_status_success_process  security_dispatcher.o
    0x0001bb40   0x00000068   Code   RO          746    i.ble_advdata_set   ble_advdata.o
    0x0001bba8   0x0000015c   Code   RO          837    i.ble_advertising_init  ble_advertising.o
    0x0001bd04   0x00000058   Code   RO          838    i.ble_advertising_on_ble_evt  ble_advertising.o
    0x0001bd5c   0x00000030   Code   RO          839    i.ble_advertising_on_sys_evt  ble_advertising.o
    0x0001bd8c   0x0000003c   Code   RO          841    i.ble_advertising_restart_without_whitelist  ble_advertising.o
    0x0001bdc8   0x00000108   Code   RO          842    i.ble_advertising_start  ble_advertising.o
    0x0001bed0   0x00000054   Code   RO          936    i.ble_conn_params_init  ble_conn_params.o
    0x0001bf24   0x00000090   Code   RO          937    i.ble_conn_params_on_ble_evt  ble_conn_params.o
    0x0001bfb4   0x00000014   Code   RO         1005    i.ble_conn_state_conn_handles  ble_conn_state.o
    0x0001bfc8   0x00000014   Code   RO         1006    i.ble_conn_state_encrypted  ble_conn_state.o
    0x0001bfdc   0x00000014   Code   RO         1008    i.ble_conn_state_mitm_protected  ble_conn_state.o
    0x0001bff0   0x000000f8   Code   RO         1012    i.ble_conn_state_on_ble_evt  ble_conn_state.o
    0x0001c0e8   0x00000034   Code   RO         1014    i.ble_conn_state_role  ble_conn_state.o
    0x0001c11c   0x00000030   Code   RO         1016    i.ble_conn_state_user_flag_acquire  ble_conn_state.o
    0x0001c14c   0x00000018   Code   RO         1017    i.ble_conn_state_user_flag_collection  ble_conn_state.o
    0x0001c164   0x00000024   Code   RO         1018    i.ble_conn_state_user_flag_get  ble_conn_state.o
    0x0001c188   0x00000028   Code   RO         1019    i.ble_conn_state_user_flag_set  ble_conn_state.o
    0x0001c1b0   0x0000005c   Code   RO          336    i.ble_cus_custom_value_update  our_service.o
    0x0001c20c   0x0000005e   Code   RO          747    i.ble_device_addr_encode  ble_advdata.o
    0x0001c26a   0x00000028   Code   RO            4    i.ble_evt_dispatch  main.o
    0x0001c292   0x0000000e   Code   RO         1148    i.ble_srv_is_notification_enabled  ble_srv_common.o
    0x0001c2a0   0x00000070   Code   RO            5    i.ble_stack_init    main.o
    0x0001c310   0x00000054   Code   RO          556    i.bsp_btn_ble_init  bsp_btn_ble.o
    0x0001c364   0x00000078   Code   RO          557    i.bsp_btn_ble_on_ble_evt  bsp_btn_ble.o
    0x0001c3dc   0x00000014   Code   RO          558    i.bsp_btn_ble_sleep_mode_prepare  bsp_btn_ble.o
    0x0001c3f0   0x000000a0   Code   RO          431    i.bsp_button_event_handler  bsp.o
    0x0001c490   0x0000002c   Code   RO          432    i.bsp_button_is_pressed  bsp.o
    0x0001c4bc   0x00000044   Code   RO            6    i.bsp_event_handler  main.o
    0x0001c500   0x00000048   Code   RO          436    i.bsp_event_to_button_action_assign  bsp.o
    0x0001c548   0x0000001c   Code   RO          437    i.bsp_indication_set  bsp.o
    0x0001c564   0x000000a0   Code   RO          439    i.bsp_init          bsp.o
    0x0001c604   0x000001f8   Code   RO          440    i.bsp_led_indication  bsp.o
    0x0001c7fc   0x0000003c   Code   RO          441    i.bsp_wakeup_buttons_set  bsp.o
    0x0001c838   0x0000000c   Code   RO          443    i.button_timer_handler  bsp.o
    0x0001c844   0x0000001c   Code   RO         2801    i.channel_free      nrf_drv_gpiote.o
    0x0001c860   0x00000048   Code   RO         2802    i.channel_port_alloc  nrf_drv_gpiote.o
    0x0001c8a8   0x00000010   Code   RO         2803    i.channel_port_get  nrf_drv_gpiote.o
    0x0001c8b8   0x00000020   Code   RO         3901    i.check_config      fstorage.o
    0x0001c8d8   0x00000018   Code   RO         3599    i.chunk_queue_next  fds.o
    0x0001c8f0   0x0000003c   Code   RO         1949    i.claim             peer_id.o
    0x0001c92c   0x00000028   Code   RO         2605    i.clock_clk_started_notify  nrf_drv_clock.o
    0x0001c954   0x000000a8   Code   RO         3387    i.compare_reg_update  app_timer.o
    0x0001c9fc   0x00000088   Code   RO          748    i.conn_int_encode   ble_advdata.o
    0x0001ca84   0x00000008   Code   RO            7    i.conn_params_error_handler  main.o
    0x0001ca8c   0x00000068   Code   RO          939    i.conn_params_negotiation  ble_conn_params.o
    0x0001caf4   0x000000a8   Code   RO          338    i.custom_value_char_add  our_service.o
    0x0001cb9c   0x000000a4   Code   RO         3600    i.delete_execute    fds.o
    0x0001cc40   0x00000060   Code   RO         3189    i.detection_delay_timeout_handler  app_button.o
    0x0001cca0   0x00000040   Code   RO         3388    i.elapsed_ticks_acquire  app_timer.o
    0x0001cce0   0x00000030   Code   RO         2381    i.encryption_failure  security_dispatcher.o
    0x0001cd10   0x0000006a   Code   RO         3601    i.event_prepare     fds.o
    0x0001cd7a   0x00000002   PAD
    0x0001cd7c   0x00000020   Code   RO         3602    i.event_send        fds.o
    0x0001cd9c   0x00000032   Code   RO         2488    i.events_send_from_err_code  security_manager.o
    0x0001cdce   0x00000002   PAD
    0x0001cdd0   0x0000000c   Code   RO         1201    i.evt_send          gatt_cache_manager.o
    0x0001cddc   0x0000001c   Code   RO         1418    i.evt_send          id_manager.o
    0x0001cdf8   0x00000028   Code   RO         2035    i.evt_send          peer_manager.o
    0x0001ce20   0x0000001c   Code   RO         2382    i.evt_send          security_dispatcher.o
    0x0001ce3c   0x0000000c   Code   RO         2489    i.evt_send          security_manager.o
    0x0001ce48   0x0000011c   Code   RO         1641    i.fds_evt_handler   peer_data_storage.o
    0x0001cf64   0x0000004c   Code   RO         3604    i.fds_file_delete   fds.o
    0x0001cfb0   0x00000048   Code   RO         3605    i.fds_gc            fds.o
    0x0001cff8   0x0000008c   Code   RO         3606    i.fds_init          fds.o
    0x0001d084   0x00000040   Code   RO         3607    i.fds_record_close  fds.o
    0x0001d0c4   0x0000000e   Code   RO         3609    i.fds_record_find   fds.o
    0x0001d0d2   0x00000010   Code   RO         3610    i.fds_record_find_by_key  fds.o
    0x0001d0e2   0x00000010   Code   RO         3611    i.fds_record_find_in_file  fds.o
    0x0001d0f2   0x00000014   Code   RO         3612    i.fds_record_id_from_desc  fds.o
    0x0001d106   0x00000002   PAD
    0x0001d108   0x00000044   Code   RO         3614    i.fds_record_open   fds.o
    0x0001d14c   0x00000014   Code   RO         3615    i.fds_record_update  fds.o
    0x0001d160   0x0000000c   Code   RO         3616    i.fds_record_write  fds.o
    0x0001d16c   0x00000012   Code   RO         3617    i.fds_record_write_reserved  fds.o
    0x0001d17e   0x00000002   PAD
    0x0001d180   0x00000024   Code   RO         3618    i.fds_register      fds.o
    0x0001d1a4   0x00000034   Code   RO         3619    i.fds_reserve       fds.o
    0x0001d1d8   0x00000048   Code   RO         3620    i.fds_reserve_cancel  fds.o
    0x0001d220   0x0000000a   Code   RO         1642    i.file_id_to_peer_id  peer_data_storage.o
    0x0001d22a   0x00000002   PAD
    0x0001d22c   0x00000018   Code   RO         1643    i.file_id_within_pm_range  peer_data_storage.o
    0x0001d244   0x00000010   Code   RO         3622    i.flag_clear        fds.o
    0x0001d254   0x00000012   Code   RO         2383    i.flag_id_init      security_dispatcher.o
    0x0001d266   0x00000012   Code   RO         2490    i.flag_id_init      security_manager.o
    0x0001d278   0x00000010   Code   RO         3623    i.flag_set          fds.o
    0x0001d288   0x0000005c   Code   RO         2491    i.flags_set_from_err_code  security_manager.o
    0x0001d2e4   0x0000007c   Code   RO         3902    i.fs_erase          fstorage.o
    0x0001d360   0x0000000a   Code   RO         3624    i.fs_event_handler  fds.o
    0x0001d36a   0x00000002   PAD
    0x0001d36c   0x000000ac   Code   RO         3904    i.fs_init           fstorage.o
    0x0001d418   0x00000018   Code   RO         3905    i.fs_queued_op_count_get  fstorage.o
    0x0001d430   0x00000084   Code   RO         3906    i.fs_store          fstorage.o
    0x0001d4b4   0x00000068   Code   RO         3907    i.fs_sys_event_handler  fstorage.o
    0x0001d51c   0x00000068   Code   RO         3625    i.gc_execute        fds.o
    0x0001d584   0x0000004c   Code   RO         3626    i.gc_next_page      fds.o
    0x0001d5d0   0x0000004c   Code   RO         3627    i.gc_page_erase     fds.o
    0x0001d61c   0x00000034   Code   RO         3628    i.gc_record_copy    fds.o
    0x0001d650   0x00000020   Code   RO         3629    i.gc_record_find_next  fds.o
    0x0001d670   0x00000080   Code   RO         3630    i.gc_state_advance  fds.o
    0x0001d6f0   0x000000f0   Code   RO         1202    i.gcm_ble_evt_handler  gatt_cache_manager.o
    0x0001d7e0   0x00000068   Code   RO         1203    i.gcm_gscm_evt_handler  gatt_cache_manager.o
    0x0001d848   0x0000002c   Code   RO         1204    i.gcm_im_evt_handler  gatt_cache_manager.o
    0x0001d874   0x00000048   Code   RO         1205    i.gcm_init          gatt_cache_manager.o
    0x0001d8bc   0x0000004c   Code   RO         1206    i.gcm_local_database_has_changed  gatt_cache_manager.o
    0x0001d908   0x00000010   Code   RO         1209    i.gcm_smd_evt_handler  gatt_cache_manager.o
    0x0001d918   0x00000038   Code   RO         1419    i.get_connection_by_conn_handle  id_manager.o
    0x0001d950   0x00000030   Code   RO         1420    i.get_free_connection  id_manager.o
    0x0001d980   0x00000054   Code   RO         3190    i.gpiote_event_handler  app_button.o
    0x0001d9d4   0x0000001c   Code   RO         1331    i.gscm_db_change_notification_done  gatts_cache_manager.o
    0x0001d9f0   0x00000014   Code   RO         1332    i.gscm_init         gatts_cache_manager.o
    0x0001da04   0x0000001c   Code   RO         1333    i.gscm_local_database_has_changed  gatts_cache_manager.o
    0x0001da20   0x0000006c   Code   RO         1334    i.gscm_local_db_cache_apply  gatts_cache_manager.o
    0x0001da8c   0x00000084   Code   RO         1336    i.gscm_local_db_cache_update  gatts_cache_manager.o
    0x0001db10   0x0000004c   Code   RO         1337    i.gscm_pdb_evt_handler  gatts_cache_manager.o
    0x0001db5c   0x0000001c   Code   RO         1338    i.gscm_service_changed_ind_needed  gatts_cache_manager.o
    0x0001db78   0x0000002c   Code   RO         1339    i.gscm_service_changed_ind_send  gatts_cache_manager.o
    0x0001dba4   0x0000001c   Code   RO         3631    i.header_is_valid   fds.o
    0x0001dbc0   0x00000040   Code   RO         1421    i.im_address_resolve  id_manager.o
    0x0001dc00   0x0000002c   Code   RO         1422    i.im_ble_addr_get   id_manager.o
    0x0001dc2c   0x000000a8   Code   RO         1423    i.im_ble_evt_handler  id_manager.o
    0x0001dcd4   0x0000002c   Code   RO         1424    i.im_conn_handle_get  id_manager.o
    0x0001dd00   0x00000048   Code   RO         1428    i.im_init           id_manager.o
    0x0001dd48   0x00000038   Code   RO         1429    i.im_is_duplicate_bonding_data  id_manager.o
    0x0001dd80   0x0000001c   Code   RO         1430    i.im_master_id_is_valid  id_manager.o
    0x0001dd9c   0x0000002c   Code   RO         1431    i.im_master_ids_compare  id_manager.o
    0x0001ddc8   0x00000008   Code   RO         1432    i.im_new_peer_id    id_manager.o
    0x0001ddd0   0x0000006e   Code   RO         1433    i.im_pdb_evt_handler  id_manager.o
    0x0001de3e   0x00000002   PAD
    0x0001de40   0x0000002c   Code   RO         1434    i.im_peer_free      id_manager.o
    0x0001de6c   0x00000020   Code   RO         1435    i.im_peer_id_get_by_conn_handle  id_manager.o
    0x0001de8c   0x00000044   Code   RO         1436    i.im_peer_id_get_by_master_id  id_manager.o
    0x0001ded0   0x000000c0   Code   RO         3632    i.init_execute      fds.o
    0x0001df90   0x00000080   Code   RO         4273    i.intern_softdevice_events_execute  softdevice_handler.o
    0x0001e010   0x0000001c   Code   RO          940    i.is_conn_params_ok  ble_conn_params.o
    0x0001e02c   0x00000048   Code   RO          710    i.is_manual_peripheral_setup_needed  system_nrf51.o
    0x0001e074   0x00000016   Code   RO         1441    i.is_valid_irk      id_manager.o
    0x0001e08a   0x0000000c   Code   RO         3633    i.is_word_aligned   fds.o
    0x0001e096   0x00000002   PAD
    0x0001e098   0x00000018   Code   RO          444    i.leds_timer_handler  bsp.o
    0x0001e0b0   0x0000009c   Code   RO         2492    i.link_secure       security_manager.o
    0x0001e14c   0x00000088   Code   RO         2384    i.link_secure_central  security_dispatcher.o
    0x0001e1d4   0x000000c8   Code   RO         2385    i.link_secure_central_existing_peer  security_dispatcher.o
    0x0001e29c   0x00000074   Code   RO         2386    i.link_secure_central_new_peer  security_dispatcher.o
    0x0001e310   0x00000050   Code   RO         2387    i.link_secure_failure  security_dispatcher.o
    0x0001e360   0x0000005c   Code   RO         2493    i.link_secure_pending_process  security_manager.o
    0x0001e3bc   0x000000ac   Code   RO         3389    i.list_deletions_handler  app_timer.o
    0x0001e468   0x000000bc   Code   RO         3390    i.list_insertions_handler  app_timer.o
    0x0001e524   0x00000078   Code   RO         1210    i.local_db_apply_in_evt  gatt_cache_manager.o
    0x0001e59c   0x00000078   Code   RO         1211    i.local_db_update_in_evt  gatt_cache_manager.o
    0x0001e614   0x00000034   Code   RO         2331    i.lock_by_mask      pm_mutex.o
    0x0001e648   0x000001b8   Code   RO            8    i.main              main.o
    0x0001e800   0x00000068   Code   RO          749    i.manuf_specific_data_encode  ble_advdata.o
    0x0001e868   0x0000009e   Code   RO          750    i.name_encode       ble_advdata.o
    0x0001e906   0x00000002   PAD
    0x0001e908   0x0000005c   Code   RO         1442    i.new_connection    id_manager.o
    0x0001e964   0x00000034   Code   RO         1950    i.next_id_get       peer_id.o
    0x0001e998   0x00000010   Code   RO         2609    i.nrf_clock_event_check  nrf_drv_clock.o
    0x0001e9a8   0x0000000c   Code   RO         2610    i.nrf_clock_event_clear  nrf_drv_clock.o
    0x0001e9b4   0x00000030   Code   RO         3391    i.nrf_delay_us      app_timer.o
    0x0001e9e4   0x0000003c   Code   RO         2618    i.nrf_drv_clock_init  nrf_drv_clock.o
    0x0001ea20   0x00000034   Code   RO         2624    i.nrf_drv_clock_on_sd_enable  nrf_drv_clock.o
    0x0001ea54   0x0000000c   Code   RO         2625    i.nrf_drv_clock_on_soc_event  nrf_drv_clock.o
    0x0001ea60   0x00000060   Code   RO         2774    i.nrf_drv_common_irq_enable  nrf_drv_common.o
    0x0001eac0   0x00000098   Code   RO         2806    i.nrf_drv_gpiote_in_event_enable  nrf_drv_gpiote.o
    0x0001eb58   0x0000009c   Code   RO         2807    i.nrf_drv_gpiote_in_init  nrf_drv_gpiote.o
    0x0001ebf4   0x00000014   Code   RO         2808    i.nrf_drv_gpiote_in_is_set  nrf_drv_gpiote.o
    0x0001ec08   0x0000005c   Code   RO         2810    i.nrf_drv_gpiote_init  nrf_drv_gpiote.o
    0x0001ec64   0x00000010   Code   RO         2811    i.nrf_drv_gpiote_is_init  nrf_drv_gpiote.o
    0x0001ec74   0x00000024   Code   RO         2823    i.nrf_gpio_cfg      nrf_drv_gpiote.o
    0x0001ec98   0x00000020   Code   RO         2825    i.nrf_gpio_cfg_sense_set  nrf_drv_gpiote.o
    0x0001ecb8   0x00000010   Code   RO         2826    i.nrf_gpiote_event_clear  nrf_drv_gpiote.o
    0x0001ecc8   0x00000014   Code   RO         2827    i.nrf_gpiote_event_is_set  nrf_drv_gpiote.o
    0x0001ecdc   0x0000000c   Code   RO         3023    i.nrf_uart_errorsrc_get_and_clear  nrf_drv_uart.o
    0x0001ece8   0x0000000a   Code   RO         3024    i.nrf_uart_event_check  nrf_drv_uart.o
    0x0001ecf2   0x00000010   Code   RO         3026    i.nrf_uart_int_enable_check  nrf_drv_uart.o
    0x0001ed02   0x00000020   Code   RO            9    i.on_adv_evt        main.o
    0x0001ed22   0x00000002   PAD
    0x0001ed24   0x000000a4   Code   RO           10    i.on_ble_evt        main.o
    0x0001edc8   0x00000020   Code   RO           11    i.on_conn_params_evt  main.o
    0x0001ede8   0x00000014   Code   RO           12    i.on_cus_evt        main.o
    0x0001edfc   0x00000054   Code   RO         3908    i.on_operation_success  fstorage.o
    0x0001ee50   0x00000078   Code   RO         3634    i.op_enqueue        fds.o
    0x0001eec8   0x00000060   Code   RO          339    i.our_service_init  our_service.o
    0x0001ef28   0x00000012   Code   RO         3635    i.page_offsets_update  fds.o
    0x0001ef3a   0x00000002   PAD
    0x0001ef3c   0x00000058   Code   RO         3636    i.page_scan         fds.o
    0x0001ef94   0x0000001c   Code   RO         3637    i.page_tag_write_data  fds.o
    0x0001efb0   0x00000024   Code   RO         3638    i.page_tag_write_swap  fds.o
    0x0001efd4   0x000000f0   Code   RO         3639    i.pages_init        fds.o
    0x0001f0c4   0x00000070   Code   RO         2388    i.pairing_failure   security_dispatcher.o
    0x0001f134   0x0000003c   Code   RO         2494    i.params_reply_pending_process  security_manager.o
    0x0001f170   0x0000001c   Code   RO         1796    i.pdb_evt_send      peer_database.o
    0x0001f18c   0x0000004c   Code   RO         1797    i.pdb_init          peer_database.o
    0x0001f1d8   0x00000008   Code   RO         1799    i.pdb_next_deleted_peer_id_get  peer_database.o
    0x0001f1e0   0x00000008   Code   RO         1800    i.pdb_next_peer_id_get  peer_database.o
    0x0001f1e8   0x00000134   Code   RO         1801    i.pdb_pds_evt_handler  peer_database.o
    0x0001f31c   0x00000008   Code   RO         1802    i.pdb_peer_allocate  peer_database.o
    0x0001f324   0x00000010   Code   RO         1803    i.pdb_peer_data_load  peer_database.o
    0x0001f334   0x0000000a   Code   RO         1804    i.pdb_peer_data_ptr_get  peer_database.o
    0x0001f33e   0x0000004a   Code   RO         1805    i.pdb_peer_free     peer_database.o
    0x0001f388   0x0000000c   Code   RO         1806    i.pdb_raw_store     peer_database.o
    0x0001f394   0x00000108   Code   RO         1807    i.pdb_write_buf_get  peer_database.o
    0x0001f49c   0x0000002a   Code   RO         1808    i.pdb_write_buf_release  peer_database.o
    0x0001f4c6   0x00000002   PAD
    0x0001f4c8   0x000000c8   Code   RO         1809    i.pdb_write_buf_store  peer_database.o
    0x0001f590   0x00000068   Code   RO         1810    i.pdb_write_buf_store_prepare  peer_database.o
    0x0001f5f8   0x0000000c   Code   RO         1644    i.pds_evt_send      peer_data_storage.o
    0x0001f604   0x00000070   Code   RO         1645    i.pds_init          peer_data_storage.o
    0x0001f674   0x00000008   Code   RO         1646    i.pds_next_deleted_peer_id_get  peer_data_storage.o
    0x0001f67c   0x00000008   Code   RO         1647    i.pds_next_peer_id_get  peer_data_storage.o
    0x0001f684   0x00000054   Code   RO         1650    i.pds_peer_data_iterate  peer_data_storage.o
    0x0001f6d8   0x00000010   Code   RO         1651    i.pds_peer_data_iterate_prepare  peer_data_storage.o
    0x0001f6e8   0x00000070   Code   RO         1652    i.pds_peer_data_read  peer_data_storage.o
    0x0001f758   0x000000aa   Code   RO         1653    i.pds_peer_data_store  peer_data_storage.o
    0x0001f802   0x00000002   PAD
    0x0001f804   0x00000010   Code   RO         1654    i.pds_peer_id_allocate  peer_data_storage.o
    0x0001f814   0x00000016   Code   RO         1655    i.pds_peer_id_free  peer_data_storage.o
    0x0001f82a   0x00000008   Code   RO         1656    i.pds_peer_id_is_allocated  peer_data_storage.o
    0x0001f832   0x00000030   Code   RO         1657    i.pds_space_reserve  peer_data_storage.o
    0x0001f862   0x00000010   Code   RO         1658    i.pds_space_reserve_cancel  peer_data_storage.o
    0x0001f872   0x0000000a   Code   RO         1811    i.peer_data_const_point_to_buffer  peer_database.o
    0x0001f87c   0x00000080   Code   RO         1659    i.peer_data_delete  peer_data_storage.o
    0x0001f8fc   0x00000030   Code   RO         1660    i.peer_data_find    peer_data_storage.o
    0x0001f92c   0x00000020   Code   RO         1661    i.peer_data_id_is_valid  peer_data_storage.o
    0x0001f94c   0x00000014   Code   RO         1812    i.peer_data_point_to_buffer  peer_database.o
    0x0001f960   0x00000010   Code   RO         1951    i.peer_id_allocate  peer_id.o
    0x0001f970   0x00000028   Code   RO         1952    i.peer_id_delete    peer_id.o
    0x0001f998   0x0000001c   Code   RO         1953    i.peer_id_free      peer_id.o
    0x0001f9b4   0x00000010   Code   RO         1954    i.peer_id_get_next_deleted  peer_id.o
    0x0001f9c4   0x00000034   Code   RO         1955    i.peer_id_get_next_used  peer_id.o
    0x0001f9f8   0x00000028   Code   RO         1956    i.peer_id_init      peer_id.o
    0x0001fa20   0x00000018   Code   RO         1957    i.peer_id_is_allocated  peer_id.o
    0x0001fa38   0x00000018   Code   RO         1958    i.peer_id_is_deleted  peer_id.o
    0x0001fa50   0x0000001c   Code   RO         1443    i.peer_id_set       id_manager.o
    0x0001fa6c   0x0000000a   Code   RO         1662    i.peer_id_to_file_id  peer_data_storage.o
    0x0001fa76   0x00000002   PAD
    0x0001fa78   0x00000078   Code   RO           13    i.peer_manager_init  main.o
    0x0001faf0   0x00000014   Code   RO         2828    i.pin_in_use_by_gpiote  nrf_drv_gpiote.o
    0x0001fb04   0x00000018   Code   RO         2829    i.pin_in_use_by_port  nrf_drv_gpiote.o
    0x0001fb1c   0x00000018   Code   RO         2830    i.pin_in_use_by_te  nrf_drv_gpiote.o
    0x0001fb34   0x0000005e   Code   RO         2299    i.pm_buffer_block_acquire  pm_buffer.o
    0x0001fb92   0x00000044   Code   RO         2300    i.pm_buffer_init    pm_buffer.o
    0x0001fbd6   0x0000002e   Code   RO         2301    i.pm_buffer_ptr_get  pm_buffer.o
    0x0001fc04   0x0000002a   Code   RO         2302    i.pm_buffer_release  pm_buffer.o
    0x0001fc2e   0x00000008   Code   RO         2037    i.pm_conn_sec_config_reply  peer_manager.o
    0x0001fc36   0x00000002   PAD
    0x0001fc38   0x00000018   Code   RO         2039    i.pm_conn_secure    peer_manager.o
    0x0001fc50   0x0000007c   Code   RO           14    i.pm_evt_handler    main.o
    0x0001fccc   0x00000080   Code   RO         2041    i.pm_gcm_evt_handler  peer_manager.o
    0x0001fd4c   0x00000050   Code   RO         2044    i.pm_im_evt_handler  peer_manager.o
    0x0001fd9c   0x00000070   Code   RO         2045    i.pm_init           peer_manager.o
    0x0001fe0c   0x00000014   Code   RO         2047    i.pm_local_database_has_changed  peer_manager.o
    0x0001fe20   0x00000010   Code   RO         2332    i.pm_mutex_init     pm_mutex.o
    0x0001fe30   0x0000001c   Code   RO         2333    i.pm_mutex_lock     pm_mutex.o
    0x0001fe4c   0x00000034   Code   RO         2334    i.pm_mutex_lock_first_available  pm_mutex.o
    0x0001fe80   0x00000018   Code   RO         2335    i.pm_mutex_lock_status_get  pm_mutex.o
    0x0001fe98   0x00000036   Code   RO         2336    i.pm_mutex_unlock   pm_mutex.o
    0x0001fece   0x00000002   PAD
    0x0001fed0   0x00000024   Code   RO         2049    i.pm_on_ble_evt     peer_manager.o
    0x0001fef4   0x0000013c   Code   RO         2050    i.pm_pdb_evt_handler  peer_manager.o
    0x00020030   0x00000018   Code   RO         2061    i.pm_peer_delete    peer_manager.o
    0x00020048   0x000000c0   Code   RO         2064    i.pm_peer_rank_highest  peer_manager.o
    0x00020108   0x000000b0   Code   RO         2065    i.pm_peer_ranks_get  peer_manager.o
    0x000201b8   0x0000003c   Code   RO         2066    i.pm_peers_delete   peer_manager.o
    0x000201f4   0x00000030   Code   RO         2069    i.pm_register       peer_manager.o
    0x00020224   0x00000018   Code   RO         2071    i.pm_sec_params_set  peer_manager.o
    0x0002023c   0x0000014c   Code   RO         2072    i.pm_sm_evt_handler  peer_manager.o
    0x00020388   0x0000002c   Code   RO         3909    i.queue_advance     fstorage.o
    0x000203b4   0x00000038   Code   RO         3910    i.queue_get_next_free  fstorage.o
    0x000203ec   0x000000b8   Code   RO         3640    i.queue_process     fds.o
    0x000204a4   0x0000006c   Code   RO         3911    i.queue_process     fstorage.o
    0x00020510   0x0000001c   Code   RO         3641    i.queue_start       fds.o
    0x0002052c   0x0000001c   Code   RO         3912    i.queue_start       fstorage.o
    0x00020548   0x00000084   Code   RO         3642    i.record_find       fds.o
    0x000205cc   0x000000a0   Code   RO         3643    i.record_find_by_desc  fds.o
    0x0002066c   0x00000054   Code   RO         3644    i.record_find_next  fds.o
    0x000206c0   0x00000024   Code   RO         3645    i.record_header_flag_dirty  fds.o
    0x000206e4   0x0000000a   Code   RO         1663    i.record_key_to_peer_data_id  peer_data_storage.o
    0x000206ee   0x00000002   PAD
    0x000206f0   0x00000018   Code   RO         1664    i.record_key_within_pm_range  peer_data_storage.o
    0x00020708   0x0000005c   Code   RO         3646    i.record_write_chunk  fds.o
    0x00020764   0x00000012   Code   RO         1960    i.release           peer_id.o
    0x00020776   0x00000002   PAD
    0x00020778   0x00000044   Code   RO         3392    i.rtc1_stop         app_timer.o
    0x000207bc   0x00000026   Code   RO         3028    i.rx_byte           nrf_drv_uart.o
    0x000207e2   0x00000014   Code   RO         3029    i.rx_done_event     nrf_drv_uart.o
    0x000207f6   0x00000002   PAD
    0x000207f8   0x00000084   Code   RO         4275    i.sd_nvic_EnableIRQ  softdevice_handler.o
    0x0002087c   0x00000046   Code   RO         4022    i.sdk_mapped_flags_bulk_update_by_key  sdk_mapped_flags.o
    0x000208c2   0x00000002   PAD
    0x000208c4   0x00000028   Code   RO         4023    i.sdk_mapped_flags_first_key_index_get  sdk_mapped_flags.o
    0x000208ec   0x00000010   Code   RO         4024    i.sdk_mapped_flags_get_by_index  sdk_mapped_flags.o
    0x000208fc   0x00000026   Code   RO         4025    i.sdk_mapped_flags_get_by_key  sdk_mapped_flags.o
    0x00020922   0x00000046   Code   RO         4026    i.sdk_mapped_flags_key_list_get  sdk_mapped_flags.o
    0x00020968   0x0000000e   Code   RO         4028    i.sdk_mapped_flags_update_by_key  sdk_mapped_flags.o
    0x00020976   0x00000002   PAD
    0x00020978   0x000000b4   Code   RO         2389    i.sec_info_request_process  security_dispatcher.o
    0x00020a2c   0x00000076   Code   RO         2495    i.sec_params_verify  security_manager.o
    0x00020aa2   0x00000002   PAD
    0x00020aa4   0x0000004c   Code   RO         2390    i.sec_proc_start    security_dispatcher.o
    0x00020af0   0x00000020   Code   RO         2391    i.sec_start_send    security_dispatcher.o
    0x00020b10   0x00000048   Code   RO         3913    i.send_event        fstorage.o
    0x00020b58   0x00000058   Code   RO         1212    i.service_changed_pending_flags_check  gatt_cache_manager.o
    0x00020bb0   0x00000044   Code   RO         1340    i.service_changed_pending_set  gatts_cache_manager.o
    0x00020bf4   0x00000098   Code   RO         1213    i.service_changed_send_in_evt  gatt_cache_manager.o
    0x00020c8c   0x0000008e   Code   RO          751    i.service_data_encode  ble_advdata.o
    0x00020d1a   0x00000002   PAD
    0x00020d1c   0x00000058   Code   RO          844    i.set_adv_mode_fast  ble_advertising.o
    0x00020d74   0x00000054   Code   RO          845    i.set_adv_mode_slow  ble_advertising.o
    0x00020dc8   0x00000028   Code   RO           15    i.sleep_mode_enter  main.o
    0x00020df0   0x00000014   Code   RO         2496    i.sm_ble_evt_handler  security_manager.o
    0x00020e04   0x0000001c   Code   RO         2497    i.sm_conn_sec_config_reply  security_manager.o
    0x00020e20   0x00000050   Code   RO         2498    i.sm_init           security_manager.o
    0x00020e70   0x0000000e   Code   RO         2500    i.sm_link_secure    security_manager.o
    0x00020e7e   0x00000002   PAD
    0x00020e80   0x00000034   Code   RO         2501    i.sm_pdb_evt_handler  security_manager.o
    0x00020eb4   0x00000030   Code   RO         2503    i.sm_sec_params_set  security_manager.o
    0x00020ee4   0x0000007c   Code   RO         2504    i.sm_smd_evt_handler  security_manager.o
    0x00020f60   0x000000e4   Code   RO         2392    i.smd_ble_evt_handler  security_dispatcher.o
    0x00021044   0x0000003c   Code   RO         2393    i.smd_init          security_dispatcher.o
    0x00021080   0x00000030   Code   RO         2394    i.smd_link_secure   security_dispatcher.o
    0x000210b0   0x00000110   Code   RO         2395    i.smd_params_reply  security_dispatcher.o
    0x000211c0   0x00000088   Code   RO         2505    i.smd_params_reply_perform  security_manager.o
    0x00021248   0x00000034   Code   RO         2396    i.smd_pdb_evt_handler  security_dispatcher.o
    0x0002127c   0x00000014   Code   RO         4276    i.softdevice_ble_evt_handler_set  softdevice_handler.o
    0x00021290   0x00000014   Code   RO         4277    i.softdevice_enable  softdevice_handler.o
    0x000212a4   0x00000028   Code   RO         4278    i.softdevice_enable_get_default_config  softdevice_handler.o
    0x000212cc   0x00000008   Code   RO         4279    i.softdevice_fault_handler  softdevice_handler.o
    0x000212d4   0x00000058   Code   RO         4280    i.softdevice_handler_init  softdevice_handler.o
    0x0002132c   0x0000000c   Code   RO         4281    i.softdevice_handler_is_enabled  softdevice_handler.o
    0x00021338   0x00000014   Code   RO         4286    i.softdevice_sys_evt_handler_set  softdevice_handler.o
    0x0002134c   0x00000010   Code   RO           16    i.sys_evt_dispatch  main.o
    0x0002135c   0x00000084   Code   RO         3393    i.timer_list_handler  app_timer.o
    0x000213e0   0x00000010   Code   RO         3394    i.timer_list_handler_sched  app_timer.o
    0x000213f0   0x00000040   Code   RO         3395    i.timer_list_insert  app_timer.o
    0x00021430   0x00000048   Code   RO         3396    i.timer_stop_op_schedule  app_timer.o
    0x00021478   0x00000024   Code   RO           17    i.timer_timeout_handler  main.o
    0x0002149c   0x00000080   Code   RO         3397    i.timer_timeouts_check  app_timer.o
    0x0002151c   0x0000001e   Code   RO         3031    i.tx_byte           nrf_drv_uart.o
    0x0002153a   0x00000018   Code   RO         3032    i.tx_done_event     nrf_drv_uart.o
    0x00021552   0x00000124   Code   RO         3033    i.uart_irq_handler  nrf_drv_uart.o
    0x00021676   0x0000000a   Code   RO          752    i.uint16_encode     ble_advdata.o
    0x00021680   0x00000064   Code   RO          941    i.update_timeout_handler  ble_conn_params.o
    0x000216e4   0x00000018   Code   RO         1021    i.user_flag_is_acquired  ble_conn_state.o
    0x000216fc   0x0000002c   Code   RO         3398    i.user_op_alloc     app_timer.o
    0x00021728   0x00000030   Code   RO          753    i.uuid_list_encode  ble_advdata.o
    0x00021758   0x000000ae   Code   RO          754    i.uuid_list_sized_encode  ble_advdata.o
    0x00021806   0x00000002   PAD
    0x00021808   0x00000018   Code   RO          846    i.whitelist_has_entries  ble_advertising.o
    0x00021820   0x00000024   Code   RO         1813    i.write_buf_length_words_set  peer_database.o
    0x00021844   0x00000024   Code   RO         1814    i.write_buffer_record_find  peer_database.o
    0x00021868   0x00000028   Code   RO         1815    i.write_buffer_record_find_next  peer_database.o
    0x00021890   0x00000022   Code   RO         1816    i.write_buffer_record_invalidate  peer_database.o
    0x000218b2   0x00000002   PAD
    0x000218b4   0x00000028   Code   RO         1817    i.write_buffer_record_release  peer_database.o
    0x000218dc   0x00000118   Code   RO         3647    i.write_enqueue     fds.o
    0x000219f4   0x000000ec   Code   RO         3648    i.write_execute     fds.o
    0x00021ae0   0x00000014   Code   RO         3649    i.write_space_free  fds.o
    0x00021af4   0x0000004c   Code   RO         3650    i.write_space_reserve  fds.o
    0x00021b40   0x00000008   Data   RO           20    .constdata          main.o
    0x00021b48   0x00000010   Data   RO          340    .constdata          our_service.o
    0x00021b58   0x0000003c   Data   RO          449    .constdata          bsp.o
    0x00021b94   0x00000004   Data   RO          944    .constdata          ble_conn_params.o
    0x00021b98   0x00000004   Data   RO         1341    .constdata          gatts_cache_manager.o
    0x00021b9c   0x00000010   Data   RO         1342    .constdata          gatts_cache_manager.o
    0x00021bac   0x00000004   Data   RO         1343    .constdata          gatts_cache_manager.o
    0x00021bb0   0x00000008   Data   RO         1446    .constdata          id_manager.o
    0x00021bb8   0x00000004   Data   RO         1665    .constdata          peer_data_storage.o
    0x00021bbc   0x00000014   Data   RO         1819    .constdata          peer_database.o
    0x00021bd0   0x00000010   Data   RO         2076    .constdata          peer_manager.o
    0x00021be0   0x00000044   Data   RO         2398    .constdata          security_dispatcher.o
    0x00021c24   0x00000004   Data   RO         2506    .constdata          security_manager.o
    0x00021c28   0x00000008   Data   RO         3192    .constdata          app_button.o
    0x00021c30   0x00000014   Data   RO         3652    .constdata          fds.o
    0x00021c44   0x00000020   Data   RO         4429    Region$$Table       anon$$obj.o


    Execution Region RW_IRAM1 (Base: 0x20001fe8, Size: 0x00001318, Max: 0x00006018, ABSOLUTE, COMPRESSED[0x00000030])

    Base Addr    Size         Type   Attr      Idx    E Section Name        Object

    0x20001fe8   0x00000008   Data   RW           21    .data               main.o
    0x20001ff0   0x00000018   Data   RW          450    .data               bsp.o
    0x20002008   0x00000008   Data   RW          559    .data               bsp_btn_ble.o
    0x20002010   0x00000004   Data   RW          711    .data               system_nrf51.o
    0x20002014   0x00000030   Data   RW          850    .data               ble_advertising.o
    0x20002044   0x00000014   Data   RW          945    .data               ble_conn_params.o
    0x20002058   0x0000000c   Data   RW         1214    .data               gatt_cache_manager.o
    0x20002064   0x0000000c   Data   RW         1344    .data               gatts_cache_manager.o
    0x20002070   0x0000000a   Data   RW         1447    .data               id_manager.o
    0x2000207a   0x00000002   PAD
    0x2000207c   0x0000000c   Data   RW         1666    .data               peer_data_storage.o
    0x20002088   0x00000008   Data   RW         1820    .data               peer_database.o
    0x20002090   0x00000010   Data   RW         2077    .data               peer_manager.o
    0x200020a0   0x00000004   Data   RW         2399    .data               security_dispatcher.o
    0x200020a4   0x00000015   Data   RW         2507    .data               security_manager.o
    0x200020b9   0x00000003   PAD
    0x200020bc   0x00000014   Data   RW         3193    .data               app_button.o
    0x200020d0   0x00000020   Data   RW         3399    .data               app_timer.o
    0x200020f0   0x0000000c   Data   RW         3529    .data               app_util_platform.o
    0x200020fc   0x00000018   Data   RW         3653    .data               fds.o
    0x20002114   0x00000002   Data   RW         3915    .data               fstorage.o
    0x20002116   0x00000002   PAD
    0x20002118   0x00000014   Data   RW         4287    .data               softdevice_handler.o
    0x2000212c   0x00000010   Data   RW         3654    fs_data             fds.o
    0x2000213c   0x00000020   Zero   RW           18    .bss                main.o
    0x2000215c   0x000000d4   Zero   RW           19    .bss                main.o
    0x20002230   0x00000020   Zero   RW          445    .bss                bsp.o
    0x20002250   0x00000020   Zero   RW          446    .bss                bsp.o
    0x20002270   0x0000000c   Zero   RW          447    .bss                bsp.o
    0x2000227c   0x00000020   Zero   RW          448    .bss                bsp.o
    0x2000229c   0x00000167   Zero   RW          847    .bss                ble_advertising.o
    0x20002403   0x00000001   PAD
    0x20002404   0x00000020   Zero   RW          848    .bss                ble_advertising.o
    0x20002424   0x00000020   Zero   RW          849    .bss                ble_advertising.o
    0x20002444   0x00000020   Zero   RW          942    .bss                ble_conn_params.o
    0x20002464   0x0000001c   Zero   RW          943    .bss                ble_conn_params.o
    0x20002480   0x00000034   Zero   RW         1022    .bss                ble_conn_state.o
    0x200024b4   0x00000070   Zero   RW         1445    .bss                id_manager.o
    0x20002524   0x00000330   Zero   RW         1818    .bss                peer_database.o
    0x20002854   0x00000040   Zero   RW         1961    .bss                peer_id.o
    0x20002894   0x0000000c   Zero   RW         2075    .bss                peer_manager.o
    0x200028a0   0x00000040   Zero   RW         2397    .bss                security_dispatcher.o
    0x200028e0   0x00000014   Zero   RW         2627    .bss                nrf_drv_clock.o
    0x200028f4   0x00000048   Zero   RW         2831    .bss                nrf_drv_gpiote.o
    0x2000293c   0x0000001c   Zero   RW         3034    .bss                nrf_drv_uart.o
    0x20002958   0x00000020   Zero   RW         3191    .bss                app_button.o
    0x20002978   0x0000011c   Zero   RW         3651    .bss                fds.o
    0x20002a94   0x00000068   Zero   RW         3914    .bss                fstorage.o
    0x20002afc   0x00000004   PAD
    0x20002b00   0x00000800   Zero   RW          699    STACK               arm_startup_nrf51.o


==============================================================================

Image component sizes


      Code (inc. data)   RO Data    RW Data    ZI Data      Debug   Object Name

       332         34          8         20         32       8390   app_button.o
        24          4          0          0          0        609   app_error.o
        28         10          0          0          0       7222   app_error_weak.o
      1608        158          0         32          0      28867   app_timer.o
       104         20          0         12          0       6426   app_util_platform.o
        56         18        192          0       2048        728   arm_startup_nrf51.o
      1368          6          0          0          0      25012   ble_advdata.o
      1108         78          0         48        423      20417   ble_advertising.o
       460         60          4         20         60       6068   ble_conn_params.o
       532         52          0          0         52      11617   ble_conn_state.o
        14          0          0          0          0       1366   ble_srv_common.o
      1088        118         60         24        108      17345   bsp.o
       284         10          0          8          0      59045   bsp_btn_ble.o
      3622        378         20         40        284      39598   fds.o
       980         80          0          2        104      11287   fstorage.o
      1044         80          0         12          0      22192   gatt_cache_manager.o
       532         66         24         12          0       9499   gatts_cache_manager.o
      1174         92          8         10        112      18221   id_manager.o
      1278        142          8          8        244      80763   main.o
       276         32          0          0         20      13700   nrf_drv_clock.o
        96         18          0          0          0       8656   nrf_drv_common.o
      1068        126          0          0         72      21028   nrf_drv_gpiote.o
       462          8          0          0         28      14909   nrf_drv_uart.o
       356         18         16          0          0      65725   our_service.o
         0          0          0          0          0       2352   peer_data.o
      1202         62          4         12          0      16872   peer_data_storage.o
      1374         72         20          8        816      17936   peer_database.o
       370         60          0          0         64       7951   peer_id.o
      1620        138         16         16         12      17056   peer_manager.o
       250          0          0          0          0       3635   pm_buffer.o
       226          0          0          0          0       4549   pm_mutex.o
       248          6          0          0          0       5896   sdk_mapped_flags.o
      1846        102         68          4         64      15444   security_dispatcher.o
      1100         82          4         21          0      12473   security_manager.o
       528         70          0         20          0      19436   softdevice_handler.o
       232         36          0          4          0       2335   system_nrf51.o

    ----------------------------------------------------------------------
     26946       2236        484        340       4548     624625   Object Totals
         0          0         32          0          0          0   (incl. Generated)
        56          0          0          7          5          0   (incl. Padding)

    ----------------------------------------------------------------------

      Code (inc. data)   RO Data    RW Data    ZI Data      Debug   Library Member Name

        86          0          0          0          0          0   __dczerorl2.o
         0          0          0          0          0          0   entry.o
         0          0          0          0          0          0   entry10a.o
         0          0          0          0          0          0   entry11a.o
         8          4          0          0          0          0   entry2.o
         4          0          0          0          0          0   entry5.o
         0          0          0          0          0          0   entry7b.o
         0          0          0          0          0          0   entry8b.o
         8          4          0          0          0          0   entry9a.o
        30          0          0          0          0          0   handlers.o
        36          8          0          0          0         68   init.o
        26          0          0          0          0         72   memcmp.o
        36          0          0          0          0         60   memcpya.o
        36          0          0          0          0        100   memseta.o
        44          0          0          0          0         72   uidiv.o

    ----------------------------------------------------------------------
       318         16          0          0          0        372   Library Totals
         4          0          0          0          0          0   (incl. Padding)

    ----------------------------------------------------------------------

      Code (inc. data)   RO Data    RW Data    ZI Data      Debug   Library Name

       314         16          0          0          0        372   mc_p.l

    ----------------------------------------------------------------------
       318         16          0          0          0        372   Library Totals

    ----------------------------------------------------------------------

==============================================================================


      Code (inc. data)   RO Data    RW Data    ZI Data      Debug   

     27264       2252        484        340       4548     609149   Grand Totals
     27264       2252        484         48       4548     609149   ELF Image Totals (compressed)
     27264       2252        484         48          0          0   ROM Totals

==============================================================================

    Total RO  Size (Code + RO Data)                27748 (  27.10kB)
    Total RW  Size (RW Data + ZI Data)              4888 (   4.77kB)
    Total ROM Size (Code + RO Data + RW Data)      27796 (  27.14kB)

==============================================================================

